Scope: all 6 workspace projects
✓ Lockfile passes supply-chain policies (verified 24m ago)
Lockfile is up to date, resolution step is skipped
Already up to date

Done in 153ms using pnpm v11.13.0
$ node --test test/*.test.ts
✔ ask: runs tool calls as effects and feeds results back (1.927709ms)
✔ gen: decodes the answer tool, sending bad arguments back (0.789ms)
✔ ask: gives up with TooManyRounds (0.395666ms)
✔ generate: one shot, returns the new messages (0.198792ms)
✔ instances keep history; agents compose as tools with their own model (0.831084ms)
✔ modes: system prompts and config layer around the model (0.166833ms)
✔ events: text from the provider, calls and results from the loop (0.152291ms)
✔ approval is an effect the tool performs (0.195417ms)
✔ a tool's typed failure goes back to the model, not up the stack (0.175833ms)
✖ void tools produce string receipts (0.666834ms)
✖ structured output rejects reserved tool names before execution (0.373ms)
✔ chatCompletions streams text, a split tool call, and usage (15.764125ms)
✔ chatCompletions retries 429 with virtual backoff (1.64425ms)
✔ chatCompletions does not retry 401 (0.246959ms)
✖ chatCompletions rejects truncated stream (2.040167ms)
✖ chatCompletions rejects missing call id (0.474792ms)
✖ chatCompletions rejects missing call name (0.294667ms)
✖ chatCompletions rejects invalid call index (0.387125ms)
✔ sse: parses data events split across chunks and stops at [DONE] (4.093209ms)
✔ sse: ends lines on CRLF, CR, and LF (0.543ms)
✔ sse: a CR at the end of a chunk ends one line, CRLF or not (0.304667ms)
✔ sse: ignores comment lines (0.212667ms)
✔ sse: keeps the data of an event that has other fields (0.314167ms)
✔ sse: joins data lines with newlines, and a bare data line adds one (0.160833ms)
✔ sse: yields nothing for an event with no data (0.208709ms)
✔ sse: discards data the stream never terminates with a blank line (0.167833ms)
✔ sse: stops at [DONE] with or without the leading space (0.17525ms)
✔ sse: decodes a multi-byte character split across chunks (0.205458ms)
ℹ tests 28
ℹ suites 0
ℹ pass 22
ℹ fail 6
ℹ cancelled 0
ℹ skipped 0
ℹ todo 0
ℹ duration_ms 182.916459

✖ failing tests:

test at test/ai.test.ts:206:1
✖ void tools produce string receipts (0.666834ms)
  AssertionError [ERR_ASSERTION]: Expected values to be strictly deep-equal:
  + actual - expected

    {
  +   content: undefined,
  -   content: 'null',
      role: 'tool',
      toolCallId: '1'
    }

      at TestContext.<anonymous> (file:///Users/texoport/code/kyoot-ai-cleanup/packages/ai/test/ai.test.ts:210:10)
      at Test.runInAsyncScope (node:async_hooks:226:14)
      at Test.run (node:internal/test_runner/test:1402:25)
      at Test.processPendingSubtests (node:internal/test_runner/test:974:18)
      at Test.postRun (node:internal/test_runner/test:1542:19)
      at Test.run (node:internal/test_runner/test:1467:12)
      at async Test.processPendingSubtests (node:internal/test_runner/test:974:7) {
    generatedMessage: true,
    code: 'ERR_ASSERTION',
    actual: { role: 'tool', toolCallId: '1', content: undefined },
    expected: { role: 'tool', toolCallId: '1', content: 'null' },
    operator: 'deepStrictEqual',
    diff: 'simple'
  }

test at test/ai.test.ts:213:1
✖ structured output rejects reserved tool names before execution (0.373ms)
  AssertionError [ERR_ASSERTION]: The input did not match the regular expression /reserved/. Input:

  '[object Object]'

      at TestContext.<anonymous> (file:///Users/texoport/code/kyoot-ai-cleanup/packages/ai/test/ai.test.ts:216:10)
      at Test.runInAsyncScope (node:async_hooks:226:14)
      at Test.run (node:internal/test_runner/test:1402:25)
      at Test.processPendingSubtests (node:internal/test_runner/test:974:18)
      at Test.postRun (node:internal/test_runner/test:1542:19)
      at Test.run (node:internal/test_runner/test:1467:12)
      at async Test.processPendingSubtests (node:internal/test_runner/test:974:7) {
    generatedMessage: true,
    code: 'ERR_ASSERTION',
    actual: { _tag: 'TooManyRounds' },
    expected: /reserved/,
    operator: 'throws',
    diff: 'simple'
  }

test at test/providers.test.ts:124:3
✖ chatCompletions rejects truncated stream (2.040167ms)
  AssertionError [ERR_ASSERTION]: The expression evaluated to a falsy value:

    assert.ok(!result.ok && result.cause._tag === "Fail" && result.cause.error instanceof ProviderError)

      at TestContext.<anonymous> (file:///Users/texoport/code/kyoot-ai-cleanup/packages/ai/test/providers.test.ts:129:14)
      at async Test.run (node:internal/test_runner/test:1409:7)
      at async Test.processPendingSubtests (node:internal/test_runner/test:974:7) {
    generatedMessage: true,
    code: 'ERR_ASSERTION',
    actual: false,
    expected: true,
    operator: '==',
    diff: 'simple'
  }

test at test/providers.test.ts:124:3
✖ chatCompletions rejects missing call id (0.474792ms)
  AssertionError [ERR_ASSERTION]: The expression evaluated to a falsy value:

    assert.ok(!result.ok && result.cause._tag === "Fail" && result.cause.error instanceof ProviderError)

      at TestContext.<anonymous> (file:///Users/texoport/code/kyoot-ai-cleanup/packages/ai/test/providers.test.ts:129:14)
      at async Test.run (node:internal/test_runner/test:1409:7)
      at async Test.processPendingSubtests (node:internal/test_runner/test:974:7) {
    generatedMessage: true,
    code: 'ERR_ASSERTION',
    actual: false,
    expected: true,
    operator: '==',
    diff: 'simple'
  }

test at test/providers.test.ts:124:3
✖ chatCompletions rejects missing call name (0.294667ms)
  AssertionError [ERR_ASSERTION]: The expression evaluated to a falsy value:

    assert.ok(!result.ok && result.cause._tag === "Fail" && result.cause.error instanceof ProviderError)

      at TestContext.<anonymous> (file:///Users/texoport/code/kyoot-ai-cleanup/packages/ai/test/providers.test.ts:129:14)
      at async Test.run (node:internal/test_runner/test:1409:7)
      at async Test.processPendingSubtests (node:internal/test_runner/test:974:7) {
    generatedMessage: true,
    code: 'ERR_ASSERTION',
    actual: false,
    expected: true,
    operator: '==',
    diff: 'simple'
  }

test at test/providers.test.ts:124:3
✖ chatCompletions rejects invalid call index (0.387125ms)
  AssertionError [ERR_ASSERTION]: The expression evaluated to a falsy value:

    assert.ok(!result.ok && result.cause._tag === "Fail" && result.cause.error instanceof ProviderError)

      at TestContext.<anonymous> (file:///Users/texoport/code/kyoot-ai-cleanup/packages/ai/test/providers.test.ts:129:14)
      at async Test.run (node:internal/test_runner/test:1409:7)
      at async Test.processPendingSubtests (node:internal/test_runner/test:974:7) {
    generatedMessage: true,
    code: 'ERR_ASSERTION',
    actual: false,
    expected: true,
    operator: '==',
    diff: 'simple'
  }
/Users/texoport/code/kyoot-ai-cleanup/packages/ai:
[ERR_PNPM_RECURSIVE_RUN_FIRST_FAIL] @kyoot/ai@0.1.0 test: `node --test test/*.test.ts`
Exit status 1
