$ node --test test/*.test.ts
✔ ask: runs tool calls as effects and feeds results back (4.453292ms)
✔ gen: decodes the answer tool, sending bad arguments back (1.253333ms)
✔ ask: gives up with TooManyRounds (0.657875ms)
✔ generate: one shot, returns the new messages (0.152541ms)
✔ instances keep history; agents compose as tools with their own model (0.793125ms)
✔ modes: system prompts and config layer around the model (0.302292ms)
✔ events: text from the provider, calls and results from the loop (0.633333ms)
✔ approval is an effect the tool performs (0.520084ms)
✔ a tool's typed failure goes back to the model, not up the stack (0.391125ms)
✔ void tools produce string receipts (0.487416ms)
✔ structured output rejects reserved tool names before execution (0.569958ms)
✔ chatCompletions cancels an open body after malformed calls (28.211417ms)
✔ chatCompletions interruption cancels a pending stream read (1.449667ms)
✔ chatCompletions streams text, a split tool call, and usage (1.51175ms)
✔ chatCompletions retries 429 with virtual backoff (1.642334ms)
✔ chatCompletions does not retry 401 (0.275458ms)
✔ chatCompletions rejects oversized call index (0.634542ms)
✔ chatCompletions rejects missing preceding call index (0.511708ms)
✔ chatCompletions rejects non-string name fragment (0.504708ms)
✔ chatCompletions rejects non-string argument fragment (0.381875ms)
✔ chatCompletions rejects conflicting call ids (0.461875ms)
✔ chatCompletions rejects duplicate assembled call ids (0.793167ms)
✔ chatCompletions rejects non-object chunk (0.204416ms)
✔ chatCompletions rejects non-array choices (0.19475ms)
✔ chatCompletions rejects null choice (0.79475ms)
✔ chatCompletions rejects non-object delta (0.159708ms)
✔ chatCompletions rejects non-array tool calls (0.241958ms)
✔ chatCompletions rejects null tool call (0.114292ms)
✔ chatCompletions rejects non-string content (0.233083ms)
✔ chatCompletions rejects invalid usage (0.13625ms)
✔ chatCompletions rejects truncated stream (0.482667ms)
✔ chatCompletions rejects missing call id (0.233375ms)
✔ chatCompletions rejects missing call name (0.145917ms)
✔ chatCompletions rejects invalid call index (0.115417ms)
✔ sse: parses data events split across chunks and stops at [DONE] (8.062166ms)
✔ sse: ends lines on CRLF, CR, and LF (1.076875ms)
✔ sse: a CR at the end of a chunk ends one line, CRLF or not (0.649375ms)
✔ sse: ignores comment lines (0.467542ms)
✔ sse: keeps the data of an event that has other fields (0.69975ms)
✔ sse: joins data lines with newlines, and a bare data line adds one (0.348834ms)
✔ sse: yields nothing for an event with no data (0.629666ms)
✔ sse: discards data the stream never terminates with a blank line (0.429917ms)
✔ sse: stops at [DONE] with or without the leading space (0.609167ms)
✔ sse: decodes a multi-byte character split across chunks (0.528791ms)
✔ structured output records every call in answer, write (4.961375ms)
✔ structured output records every call in write, answer (0.702208ms)
✔ the first valid answer wins while later answers and tools receive receipts (0.924708ms)
✔ an undefined structured answer is retained until later tools finish (0.84775ms)
✔ a retained answer survives later approval and result notification failures (0.918125ms)
✔ an answer does not bypass a later denied tool (0.548708ms)
✔ an answer does not bypass a later failed tool (0.323292ms)
✔ a later unknown tool outcome prevents publishing the retained answer (0.562667ms)
✔ accepted completions are isolated from later provider mutation (0.530667ms)
✔ event consumers cannot mutate accepted tool calls (0.486208ms)
✔ pending calls use the accepted completion after a notification failure (0.484167ms)
✔ AI.discard releases a failed ask convenience turn (0.369542ms)
✔ AI.discard releases a failed gen convenience turn (0.264042ms)
✔ AI.discard rejects an active convenience turn and leaves it running (0.785625ms)
✔ result encoding defects report an unknown outcome immediately without replay (0.400334ms)
✔ whole-turn Retry retains successful tool receipts and one prompt (5.404417ms)
✔ failure of the first model request does not duplicate the prompt (0.339458ms)
✔ direct generate retains completed model and receipts (0.548833ms)
✔ failed notification preserves model completion and earlier tool receipts (0.725458ms)
✔ a failing call notification does not lose the stored completion (0.403292ms)
✔ tool defects retain an unknown outcome and never repeat the action (0.519167ms)
✔ concurrent turns and concurrent runs fail before changing the conversation (0.76725ms)
✔ failed turns retain ownership until explicit discard (0.267458ms)
✔ history is a frozen snapshot (0.181542ms)
✔ an interrupted action stays unknown and releases the running guard (0.785084ms)
✔ approval is retained separately when a later notification fails (0.440333ms)
✔ earlier receipts survive an unknown later tool in the same completion (0.53275ms)
✔ turn construction snapshots the tool list for later execution (0.198792ms)
ℹ tests 72
ℹ suites 0
ℹ pass 72
ℹ fail 0
ℹ cancelled 0
ℹ skipped 0
ℹ todo 0
ℹ duration_ms 244.913
