Scope: all 6 workspace projects
✓ Lockfile passes supply-chain policies (verified 1h ago)
Lockfile is up to date, resolution step is skipped
Already up to date

Done in 165ms using pnpm v11.13.0
$ node --test test/*.test.ts
✔ ask: runs tool calls as effects and feeds results back (2.9625ms)
✔ gen: decodes the answer tool, sending bad arguments back (0.931917ms)
✔ ask: gives up with TooManyRounds (0.48375ms)
✔ generate: one shot, returns the new messages (0.186167ms)
✔ instances keep history; agents compose as tools with their own model (1.189584ms)
✔ modes: system prompts and config layer around the model (0.463083ms)
✔ events: text from the provider, calls and results from the loop (0.526042ms)
✔ approval is an effect the tool performs (0.631459ms)
✔ a tool's typed failure goes back to the model, not up the stack (0.583709ms)
✔ void tools produce string receipts (0.608875ms)
✔ structured output rejects reserved tool names before execution (0.705416ms)
✔ chatCompletions cancels an open body after malformed calls (26.820417ms)
✔ chatCompletions interruption cancels a pending stream read (1.758166ms)
✔ chatCompletions streams text, a split tool call, and usage (1.703958ms)
✔ chatCompletions retries 429 with virtual backoff (1.444875ms)
✔ chatCompletions does not retry 401 (0.398833ms)
✔ chatCompletions rejects oversized call index (0.440583ms)
✔ chatCompletions rejects missing preceding call index (0.293959ms)
✔ chatCompletions rejects non-string name fragment (0.300125ms)
✔ chatCompletions rejects non-string argument fragment (0.210875ms)
✔ chatCompletions rejects conflicting call ids (0.35225ms)
✔ chatCompletions rejects duplicate assembled call ids (0.577208ms)
✔ chatCompletions rejects non-object chunk (0.268166ms)
✔ chatCompletions rejects non-array choices (0.22625ms)
✔ chatCompletions rejects null choice (0.204667ms)
✔ chatCompletions rejects non-object delta (0.686834ms)
✔ chatCompletions rejects non-array tool calls (0.14775ms)
✔ chatCompletions rejects null tool call (0.0925ms)
✔ chatCompletions rejects non-string content (0.218ms)
✔ chatCompletions rejects invalid usage (0.202125ms)
✔ chatCompletions rejects truncated stream (0.303167ms)
✔ chatCompletions rejects missing call id (0.167542ms)
✔ chatCompletions rejects missing call name (0.125667ms)
✔ chatCompletions rejects invalid call index (0.153666ms)
✔ sse: parses data events split across chunks and stops at [DONE] (9.142ms)
✔ sse: ends lines on CRLF, CR, and LF (1.533541ms)
✔ sse: a CR at the end of a chunk ends one line, CRLF or not (0.950041ms)
✔ sse: ignores comment lines (0.526708ms)
✔ sse: keeps the data of an event that has other fields (3.948ms)
✔ sse: joins data lines with newlines, and a bare data line adds one (0.500209ms)
✔ sse: yields nothing for an event with no data (0.668209ms)
✔ sse: discards data the stream never terminates with a blank line (0.580042ms)
✔ sse: stops at [DONE] with or without the leading space (0.243167ms)
✔ sse: decodes a multi-byte character split across chunks (0.301125ms)
✔ structured output records every call in answer, write (4.868667ms)
✔ structured output records every call in write, answer (0.452166ms)
✔ the first valid answer wins while later answers and tools receive receipts (0.815916ms)
✔ an undefined structured answer is retained until later tools finish (0.822167ms)
✔ a retained answer survives later approval and result notification failures (1.040583ms)
✔ an answer does not bypass a later denied tool (0.243041ms)
✔ an answer does not bypass a later failed tool (0.205417ms)
✔ a later unknown tool outcome prevents publishing the retained answer (0.366041ms)
✔ accepted completions are isolated from later provider mutation (0.233166ms)
✔ event consumers cannot mutate accepted tool calls (0.3035ms)
✔ pending calls use the accepted completion after a notification failure (0.392292ms)
✔ AI.discard releases a failed ask convenience turn (0.488834ms)
✔ AI.discard releases a failed gen convenience turn (0.415292ms)
✔ AI.discard rejects an active convenience turn and leaves it running (0.498416ms)
✖ result encoding defects report an unknown outcome immediately without replay (2.600583ms)
✔ whole-turn Retry retains successful tool receipts and one prompt (5.680834ms)
✔ failure of the first model request does not duplicate the prompt (0.3495ms)
✔ direct generate retains completed model and receipts (0.675208ms)
✔ failed notification preserves model completion and earlier tool receipts (0.603042ms)
✔ a failing call notification does not lose the stored completion (0.786ms)
✔ tool defects retain an unknown outcome and never repeat the action (1.090375ms)
✔ concurrent turns and concurrent runs fail before changing the conversation (1.1385ms)
✔ failed turns retain ownership until explicit discard (0.380875ms)
✔ history is a frozen snapshot (0.354583ms)
✔ an interrupted action stays unknown and releases the running guard (1.193583ms)
✔ approval is retained separately when a later notification fails (0.548417ms)
✔ earlier receipts survive an unknown later tool in the same completion (0.749458ms)
✔ turn construction snapshots the tool list for later execution (0.47775ms)
ℹ tests 72
ℹ suites 0
ℹ pass 71
ℹ fail 1
ℹ cancelled 0
ℹ skipped 0
ℹ todo 0
ℹ duration_ms 244.3475

✖ failing tests:

test at test/turn-repair.test.ts:392:1
✖ result encoding defects report an unknown outcome immediately without replay (2.600583ms)
  AssertionError [ERR_ASSERTION]: The expression evaluated to a falsy value:

    assert.ok(!result.ok && result.cause._tag === "Fail")

      at TestContext.<anonymous> (file:///Users/texoport/code/kyoot-turns-cleanup/packages/ai/test/turn-repair.test.ts:406:12)
      at Test.runInAsyncScope (node:async_hooks:226:14)
      at Test.run (node:internal/test_runner/test:1402:25)
      at Test.processPendingSubtests (node:internal/test_runner/test:974:18)
      at Test.postRun (node:internal/test_runner/test:1542:19)
      at Test.run (node:internal/test_runner/test:1467:12)
      at async Test.processPendingSubtests (node:internal/test_runner/test:974:7) {
    generatedMessage: true,
    code: 'ERR_ASSERTION',
    actual: false,
    expected: true,
    operator: '==',
    diff: 'simple'
  }
/Users/texoport/code/kyoot-turns-cleanup/packages/ai:
[ERR_PNPM_RECURSIVE_RUN_FIRST_FAIL] @kyoot/ai@0.1.0 test: `node --test test/*.test.ts`
Exit status 1
