Scope: all 6 workspace projects
✓ Lockfile passes supply-chain policies (verified 47m ago)
Lockfile is up to date, resolution step is skipped
Already up to date

Done in 169ms using pnpm v11.13.0
$ pnpm format:check && pnpm lint && pnpm typecheck && pnpm test
$ oxfmt --check .
Checking formatting...

All matched files use the correct format.
Finished in 332ms on 117 files using 10 threads.
$ oxlint
$ pnpm -r typecheck
Scope: 5 of 6 workspace projects
packages/kyoot typecheck$ tsc -p tsconfig.json
packages/kyoot typecheck: Done
packages/bench typecheck$ tsc -p tsconfig.json
packages/ai typecheck$ tsc -p tsconfig.json
packages/platform typecheck$ tsc -p tsconfig.json
packages/registry typecheck$ tsc -p tsconfig.json
packages/bench typecheck: Done
packages/registry typecheck: Done
packages/ai typecheck: Done
packages/platform typecheck: Done
$ pnpm -r test
Scope: 5 of 6 workspace projects
packages/kyoot test$ node --test test/*.test.ts
packages/kyoot test: ✔ fromPromise resolves through runPromise (2.048875ms)
packages/kyoot test: ✔ fromPromise exposes an AbortSignal from day one (0.206708ms)
packages/kyoot test: ✔ fromPromise sends a synchronous throw to Fail.run as a defect (0.583208ms)
packages/kyoot test: ✔ fork/join: a fiber is an independent interpreter loop (11.692875ms)
packages/kyoot test: ✔ concurrent fibers may yield the same node (4.017125ms)
packages/kyoot test: ✔ fiber.await returns a Result instead of throwing (6.196375ms)
packages/kyoot test: ✔ race: first to complete wins (6.662125ms)
packages/kyoot test: ✔ timeout: a slow computation fails with a typed Timeout (5.7205ms)
packages/kyoot test: ✔ timeout: a fast computation wins (5.4615ms)
packages/kyoot test: ✔ timeout inside a gen resumes the surrounding computation (6.263625ms)
packages/kyoot test: ✔ runPromise surfaces defects as rejections (1.807208ms)
packages/kyoot test: ✔ runPromise on an unhandled non-async effect rejects loudly (0.150583ms)
packages/kyoot test: ✔ runSync rejects an async op at runtime (0.104083ms)
packages/kyoot test: ✔ interrupt: finalizers run and await reports Interrupted (0.459334ms)
packages/kyoot test: ✔ structured concurrency: a completed parent interrupts its children (0.200917ms)
packages/kyoot test: ✔ interrupt: stale wait may resolve before async cleanup (0.312208ms)
packages/kyoot test: ✔ interrupt: stale wait may reject before async cleanup (0.148667ms)
packages/kyoot test: ✔ interrupt: stale wait may resolve after async cleanup (0.194875ms)
packages/kyoot test: ✔ interrupt: stale wait may reject after async cleanup (0.139834ms)
packages/kyoot test: ✔ all: results come back in input order, not completion order (22.150833ms)
packages/kyoot test: ✔ all: branches run concurrently (21.76475ms)
packages/kyoot test: ✔ all: empty array resolves immediately (0.126ms)
packages/kyoot test: ✔ all: NaN concurrency runs every branch (0.111166ms)
packages/kyoot test: ✔ all: first failure interrupts the rest and runs their finalizers (6.309042ms)
packages/kyoot test: ✔ all: interrupting the parent interrupts every branch (11.358125ms)
packages/kyoot test: ✔ race interrupts the loser and runs its finalizers (7.084417ms)
packages/kyoot test: ✔ timeout interrupts the branch and runs its finalizers (7.108167ms)
packages/kyoot test: ✔ fromPromise's signal fires on interruption (0.146042ms)
packages/kyoot test: ✔ joining an interrupted fiber interrupts the joiner (0.079ms)
packages/kyoot test: ✔ all: concurrency limit bounds in-flight fibers and keeps order (22.307166ms)
packages/kyoot test: ✔ all: a failure stops scheduling the rest (2.676ms)
packages/kyoot test: ✔ fork: a fiber sees the Env provided outside the fork (0.232125ms)
packages/kyoot test: ✔ fork: Log.collect around the fork gathers the fiber's entries (0.12375ms)
packages/kyoot test: ✔ fork: Emit.collect around the fork collects what fibers emit (0.10425ms)
packages/kyoot test: ✔ fork: a collecting handler is fresh per run, even when forked into (0.067875ms)
packages/kyoot test: ✔ fork: a typed failure in the fiber crosses join as a fail op (1.558083ms)
packages/kyoot test: ✔ fork: fiber.await reports a typed failure as a Fail cause (0.085167ms)
packages/kyoot test: ✔ race: a failing branch that finishes first fails the race, typed (1.346292ms)
packages/kyoot test: ✔ all: a typed failure in one branch fails the whole, and the rest are interrupted (1.750125ms)
packages/kyoot test: ✔ fork: Resource.run outside the fork gives the fiber a scope of its own (1.363125ms)
packages/kyoot test: ✔ fork: Clock.virtual outside the fork makes the fiber's sleeps instant (0.09575ms)
packages/kyoot test: ✔ fork: a copied handler that returns instead of resuming is a defect (0.098375ms)
packages/kyoot test: ✔ fork: a handler marked fork: none stops at the fiber, loudly (0.056084ms)
packages/kyoot test: ✔ fork: a copied handler that fails in its own scope fails the fiber, typed (0.172916ms)
packages/kyoot test: ✔ fork: a typed failure still ends the fiber's own scope (0.1115ms)
packages/kyoot test: ✔ fork: a user effect handled outside the fork answers inside it (0.078709ms)
packages/kyoot test: ✔ scheduler: a hot loop in one fiber does not starve a sleeper (9.459584ms)
packages/kyoot test: ✔ scheduler: a hot loop can be interrupted (0.646542ms)
packages/kyoot test: ✔ scheduler: runSync never yields (1.518125ms)
packages/kyoot test: ✔ scheduler: yields keep handler state and continuations (5.44575ms)
packages/kyoot test: ✔ mapPromise keeps input order and hands each callback its index (9.487875ms)
packages/kyoot test: ✔ forEachPromise runs one item at a time and returns void (3.622416ms)
packages/kyoot test: ✔ reducePromise threads the accumulator in order (0.109625ms)
packages/kyoot test: ✔ a rejected batch callback is a defect, like fromPromise (0.075ms)
packages/kyoot test: ✔ Async.intercept sees one operation for a whole batch (0.181709ms)
packages/kyoot test: ✔ interruption stops a batch before the next item starts (21.174833ms)
packages/kyoot test: ✔ a pending batch callback sees the operation's abort signal (0.182625ms)
packages/kyoot test: ✔ a batch takes the source's length once, so a callback cannot extend it (0.1175ms)
packages/kyoot test: ✔ pure handlers run the whole checkout under runSync (34.501458ms)
packages/kyoot test: ✔ events stream out in order; success is Result.ok (0.29975ms)
packages/kyoot test: ✔ out of stock is a typed failure from checkout itself (0.146125ms)
packages/kyoot test: ✔ a declined card is a typed failure introduced by the payments handler (0.152875ms)
packages/kyoot test: ✔ orThrow surfaces a typed failure as a throw (3.270625ms)
packages/kyoot test: ✔ Clock.virtual: sleeps finish at once and add up (0.775833ms)
packages/kyoot test: ✔ Clock.virtual: time is per run, not shared (0.077834ms)
packages/kyoot test: ✔ runPromise serves the clock with real time (36.95ms)
packages/kyoot test: ✔ a nearer virtual clock wins over the driver's real one (0.3455ms)
packages/kyoot test: ✔ a forked fiber gets the real clock, and interrupt cancels its sleep (0.650458ms)
packages/kyoot test: ✔ map keeps a returned Kyoot as a value (4.096125ms)
packages/kyoot test: ✔ flatMap sequences a returned Kyoot (0.105833ms)
packages/kyoot test: ✔ map chains are trampolined: 100k maps, no stack overflow (11.791ms)
packages/kyoot test: ✔ pipe threads the computation through functions (0.100583ms)
packages/kyoot test: ✔ gen: yield* plain values and sub-computations (0.101333ms)
packages/kyoot test: ✔ gen isolates repeated, nested, and separate runs (0.336375ms)
packages/kyoot test: ✔ gen keeps direct yield resumption unchanged (0.052125ms)
packages/kyoot test: ✔ gen with an effect, handled (0.887542ms)
packages/kyoot test: ✔ a throw inside map is a defect and surfaces at the edge as-is (0.383583ms)
packages/kyoot test: ✔ a throw inside a gen body is a defect (0.187625ms)
packages/kyoot test: ✔ runSync on an unhandled effect fails loudly at runtime (0.132083ms)
packages/kyoot test: ✔ a continuation dropped by its handler cannot be resumed later (1.075125ms)
packages/kyoot test: ✔ a resume token discarded by its handler cannot be run later (0.201458ms)
packages/kyoot test: ✔ a continuation may only be resumed once (0.129ms)
packages/kyoot test: ✔ a resume saved from one operation cannot answer a later operation (0.140333ms)
packages/kyoot test: ✔ a resume.with saved from one operation cannot answer a later operation (0.134041ms)
packages/kyoot test: ✔ a resume token saved from one operation cannot answer a later operation (0.1165ms)
packages/kyoot test: ✔ a resume.with token saved from one operation cannot answer a later operation (0.099208ms)
packages/kyoot test: ✔ a continuation held past its op still answers that op (0.12025ms)
packages/kyoot test: ✔ a handler that resumes zero times short-circuits (0.082208ms)
packages/kyoot test: ✔ an op escaping a yielded handler node keeps the outer continuation (0.087166ms)
packages/kyoot test: ✔ a throw inside onOp goes to the same handler's onDefect (0.073333ms)
packages/kyoot test: ✔ resume.with continues the program at the op, where its own handlers see it (0.11275ms)
packages/kyoot test: ✔ intercept answers some ops and performs the rest for the handler outside (0.197709ms)
packages/kyoot test: ✔ intercept with a cell: state per run, fresh each run (0.169209ms)
packages/kyoot test: ✔ Clock, Log, and Random intercept: scale time, redact, fix the dice (0.31575ms)
packages/kyoot test: ✔ Clock.intercept caps real sleeps under runPromise (5.975541ms)
packages/kyoot test: ✔ Emit and Sync intercept: rewrite values, wrap thunks (0.320792ms)
packages/kyoot test: ✔ Fail.intercept sees a failure on its way out and passes it on (0.287041ms)
packages/kyoot test: ✔ Env intercept wraps the service the handler outside provides (0.201708ms)
packages/kyoot test: ✔ Var intercept validates a set; the failure lands at the set (0.6425ms)
packages/kyoot test: ✔ Resource intercept sees each acquire (0.142042ms)
packages/kyoot test: ✔ Async intercept sees every async op; a fiber forked through it keeps the frames inside (0.234834ms)
packages/kyoot test: ✔ Env: provide answers the service key (1.215125ms)
packages/kyoot test: ✔ Env: tags yield directly (0.121875ms)
packages/kyoot test: ✔ Env: multiple services get distinct keys (0.082166ms)
packages/kyoot test: ✔ Var: get/set/update (0.65725ms)
packages/kyoot test: ✔ Var: same-typed tags stay independent (0.455625ms)
packages/kyoot test: ✔ Var: nested scopes shadow and restore (0.2405ms)
packages/kyoot test: ✔ Var: each execution gets a fresh state frame (0.152167ms)
packages/kyoot test: ✔ Emit.collect collects everything emitted (0.178333ms)
packages/kyoot test: ✔ Emit.forEach consumes values as they happen (0.274333ms)
packages/kyoot test: ✔ Emit.discard drops the stream (0.158709ms)
packages/kyoot test: ✔ Sync.defer is lazy and Sync.run discharges it (0.146917ms)
packages/kyoot test: ✔ Sync.defer: a throwing thunk is a defect, not a typed failure (0.832416ms)
packages/kyoot test: ✔ Env: provide(make) runs the program, which may use a handler outside (0.511ms)
packages/kyoot test: ✔ Env: provide(make) runs once per run, however often the service is used (0.130125ms)
packages/kyoot test: ✔ Env: a resource the program opens is released after the program (0.432666ms)
packages/kyoot test: ✔ Env: a program that fails fails the whole program (0.163042ms)
packages/kyoot test: ✔ Env: intercept wraps a provided service (0.129084ms)
packages/kyoot test: ✔ Fail.run: success becomes Result.ok (14.064583ms)
packages/kyoot test: ✔ Fail.run: typed failure becomes Result with a Fail cause (0.461459ms)
packages/kyoot test: ✔ Fail.run: a defect lands in the defect channel, not the error channel (1.137792ms)
packages/kyoot test: ✔ defects bypass Fail.catchAll (0.17875ms)
packages/kyoot test: ✔ Fail.catchAll replaces a typed failure with a new computation (0.081083ms)
packages/kyoot test: ✔ Fail.orThrow throws the error value at the edge (0.065917ms)
packages/kyoot test: ✔ handler order: Var before Fail is transactional — failure carries no state (0.120708ms)
packages/kyoot test: ✔ handler order: Fail before Var — state survives failure (0.291542ms)
packages/kyoot test: ✔ Fail.catchTag: handles one tag and re-fails the rest (0.2115ms)
packages/kyoot test: ✔ Fail.mapError: rewrites the failure (0.118209ms)
packages/kyoot test: ✔ generator: finally runs when Fail.run drops the continuation (32.83475ms)
packages/kyoot test: ✔ generator: catchAll recovers, then the dropped frame closes (0.212208ms)
packages/kyoot test: ✔ generator: finally runs when Fail.orThrow drops the continuation (0.196542ms)
packages/kyoot test: ✔ generator: finally runs when a custom handler answers without resuming (0.0675ms)
packages/kyoot test: ✔ generator: nested generators close innermost first (0.0705ms)
packages/kyoot test: ✔ generator: a defect closes the frames it unwinds past (0.100125ms)
packages/kyoot test: ✔ generator: finally still runs on normal completion and on a thrown error (0.084708ms)
packages/kyoot test: ✔ generator: finally runs before an outer Resource releases (0.204208ms)
packages/kyoot test: ✔ generator: a finally that yields is a defect, not half-run cleanup (0.096875ms)
packages/kyoot test: ✔ generator: a finally that throws surfaces after the rest of the cleanup (0.119666ms)
packages/kyoot test: ✔ generator: an unhandled effect at the edge closes the frame (0.167958ms)
packages/kyoot test: ✔ generator: finally runs when a fiber is interrupted (0.450917ms)
packages/kyoot test: ✔ generator: a drop that ends in an unhandled effect still closes the frame (0.077ms)
packages/kyoot test: ✔ generator: a claimed continuation that never lands closes too (0.056375ms)
packages/kyoot test: ✔ generator: frames queued behind a cleanup program close when the machine stops (0.168291ms)
packages/kyoot test: ✔ generator: an outer finally that throws replaces the inner one's error (0.070834ms)
packages/kyoot test: ✔ generator: the outer error also wins when the machine stops with a stack (0.062125ms)
packages/kyoot test: ✔ generator: a handler that discards the resume token still drops the continuation (1.029208ms)
packages/kyoot test: ✔ generator: a token saved past a closed continuation cannot restore it (0.095875ms)
packages/kyoot test: ✔ generator: a frame queued inside a dropped continuation closes too (0.11925ms)
packages/kyoot test: ✔ generator: a dropped cleanup plan still reports the error its finally raised (0.09925ms)
packages/kyoot test: ✔ Log.collect gathers entries in order (0.743125ms)
packages/kyoot test: ✔ Log.discard drops them (0.07725ms)
packages/kyoot test: ✔ Random.seeded is deterministic and in range (1.702333ms)
packages/kyoot test: ✔ Random.live draws from Math.random (0.122083ms)
packages/kyoot test: ✔ Resource: release runs on success (2.193875ms)
packages/kyoot test: ✔ Resource: sync releases on an unhandled effect (0.434042ms)
packages/kyoot test: ✔ Resource: fiber releases on an unhandled effect (0.263375ms)
packages/kyoot test: ✔ Resource: a typed release failure does not skip older finalizers (0.188084ms)
packages/kyoot test: ✔ Resource: the body defect wins over typed release failures (0.124834ms)
packages/kyoot test: ✔ Resource: finalizers run in LIFO order (0.078334ms)
packages/kyoot test: ✔ Resource: release runs on typed failure (Resource outside Fail) (0.080791ms)
packages/kyoot test: ✔ Resource: release runs on defect (0.082ms)
packages/kyoot test: ✔ Resource: a finalizer may be a program (runs on success) (11.420375ms)
packages/kyoot test: ✔ Resource: program finalizers run on defect and the defect wins (6.01575ms)
packages/kyoot test: ✔ Resource: program finalizers run to completion on interrupt (11.354833ms)
packages/kyoot test: ✔ a rejected async op is a defect that handlers see (0.147458ms)
packages/kyoot test: ✔ Resource: an acquire that throws releases what the scope already holds (0.077541ms)
packages/kyoot test: ✔ Resource inside Fail.run: a failure still releases (0.117625ms)
packages/kyoot test: ✔ Resource inside catchAll: the recovery runs, then the scope is released (0.0755ms)
packages/kyoot test: ✔ Resource inside a catchTag that passes the failure on: the outer catch releases (0.073083ms)
packages/kyoot test: ✔ a handler that performs an op and then does not resume releases after its op (0.062542ms)
packages/kyoot test: ✔ a handler that resumes does not release early (0.082ms)
packages/kyoot test: ✔ a handler that claims a resume token and discards it still releases (0.050667ms)
packages/kyoot test: ✔ a handler that claims a resume.with token and discards it still releases (0.050375ms)
packages/kyoot test: ✔ a discarded resume token releases nested captured resources, innermost first (0.070417ms)
packages/kyoot test: ✔ a discarded resume token releases a captured resource whose finalizer is async (0.06775ms)
packages/kyoot test: ✔ a resume token returned later in the handler's program still resumes (0.050625ms)
packages/kyoot test: ✔ Retry: re-runs until success, sleeping between attempts (0.874917ms)
packages/kyoot test: ✔ Retry: gives up after `times` retries with the last failure (0.127875ms)
packages/kyoot test: ✔ Retry: gives up when `while` rejects the failure (0.071125ms)
packages/kyoot test: ✔ Retry: defects are not retried (0.2055ms)
packages/kyoot test: ✔ Retry: works under runPromise with the real clock (6.04725ms)
packages/kyoot test: ✔ Emit.fromIterable + map + run (2.239583ms)
packages/kyoot test: ✔ Emit.forEach with an effectful callback (0.491667ms)
packages/kyoot test: ✔ Emit.fromAsyncIterable → toAsyncIterable round trip (0.489958ms)
packages/kyoot test: ✔ fromAsyncIterable removes settled abort listeners (0.422167ms)
packages/kyoot test: ✔ toAsyncIterable: breaking early interrupts the producer (0.199542ms)
packages/kyoot test: ✔ toAsyncIterable: a defect in the producer rejects the consumer (0.1145ms)
packages/kyoot test: ✔ toAsyncIterable: the producer runs at most `buffer` items ahead (0.376625ms)
packages/kyoot test: ✔ toAsyncIterable: breaking while the producer is parked interrupts it (0.475334ms)
packages/kyoot test: ✔ toAsyncIterable: a producer that throws undefined rejects the consumer (0.401ms)
packages/kyoot test: ✔ toAsyncIterable: a defect after an emission delivers the item, then rejects (0.149083ms)
packages/kyoot test: ✔ toAsyncIterable: an empty stream still completes (0.084792ms)
packages/kyoot test: ✔ toAsyncIterable: a producer that throws null rejects the consumer (0.073375ms)
packages/kyoot test: ✔ toAsyncIterable: a producer that throws 0 rejects the consumer (0.040583ms)
packages/kyoot test: ✔ toAsyncIterable: a producer that throws false rejects the consumer (0.039791ms)
packages/kyoot test: ✔ toAsyncIterable: a producer that throws "" rejects the consumer (0.0405ms)
packages/kyoot test: ℹ tests 196
packages/kyoot test: ℹ suites 0
packages/kyoot test: ℹ pass 196
packages/kyoot test: ℹ fail 0
packages/kyoot test: ℹ cancelled 0
packages/kyoot test: ℹ skipped 0
packages/kyoot test: ℹ todo 0
packages/kyoot test: ℹ duration_ms 425.955292
packages/kyoot test: Done
packages/registry test$ node --test test/*.test.ts
packages/platform test$ node --test test/*.test.ts
packages/ai test$ node --test test/*.test.ts
packages/registry test: ✔ interrupted use releases setup before its caller settles and cannot reactivate (3.111167ms)
packages/registry test: ✔ each evaluation of one use program has its own registration (0.710459ms)
packages/registry test: ✔ rapid provider churn keeps activations balanced (9.515916ms)
packages/registry test: ✔ synchronous root finalizers do not lose notify transitions (2.15825ms)
packages/registry test: ✔ a component activates when its dependencies appear (10.902833ms)
packages/registry test: ✔ withdrawing a provider tears down dependents first (0.312333ms)
packages/registry test: ✔ hot swap: a replacement provider reactivates dependents on the new value (0.428375ms)
packages/registry test: ✔ a root binding counts as a provider (1.224791ms)
packages/registry test: ✔ a component whose setup throws is inactive with the error, and others keep working (1.204625ms)
packages/registry test: ✔ dispose unloads in reverse order (0.333042ms)
packages/registry test: ✔ a dependency chain stops and starts in dependency order (1.938875ms)
packages/registry test: ✔ a diamond dependent changes state once for each missing edge (1.731792ms)
packages/registry test: ✔ a component waits until all injected tags are present (0.255417ms)
packages/registry test: ✔ a target flip during setup releases partial resources (0.230208ms)
packages/registry test: ✔ failed setup releases resources, preserves peers, and retries after a target flip (0.33275ms)
packages/registry test: ✔ use waits for setup to land (0.279792ms)
packages/registry test: ✔ a root binding is withdrawn when its resource scope ends (0.12125ms)
packages/registry test: ✔ dispose waits for an in-flight setup and leaves no resources (0.18875ms)
packages/registry test: ✔ remove is idempotent and does not orphan another component (0.12325ms)
packages/registry test: ✔ interrupting a registry program releases components in reverse order (0.219459ms)
packages/registry test: ✔ two registries do not share bindings (0.173958ms)
packages/registry test: ✔ a duplicate provider fails its setup and leaves the first binding alone (0.207375ms)
packages/registry test: ✔ a binding becomes visible only when its provider lands (1.81975ms)
packages/registry test: ℹ tests 23
packages/registry test: ℹ suites 0
packages/registry test: ℹ pass 23
packages/registry test: ℹ fail 0
packages/registry test: ℹ cancelled 0
packages/registry test: ℹ skipped 0
packages/registry test: ℹ todo 0
packages/registry test: ℹ duration_ms 267.415375
packages/registry test: Done
packages/ai test: ✔ ask: runs tool calls as effects and feeds results back (1.644917ms)
packages/ai test: ✔ gen: decodes the answer tool, sending bad arguments back (0.824916ms)
packages/ai test: ✔ ask: gives up with TooManyRounds (0.314625ms)
packages/ai test: ✔ generate: one shot, returns the new messages (0.08975ms)
packages/ai test: ✔ instances keep history; agents compose as tools with their own model (0.386166ms)
packages/ai test: ✔ modes: system prompts and config layer around the model (0.13375ms)
packages/ai test: ✔ events: text from the provider, calls and results from the loop (0.131917ms)
packages/ai test: ✔ approval is an effect the tool performs (0.193ms)
packages/ai test: ✔ a tool's typed failure goes back to the model, not up the stack (0.151667ms)
packages/ai test: ✔ void tools produce string receipts (0.134209ms)
packages/ai test: ✔ structured output rejects reserved tool names before execution (0.2395ms)
packages/ai test: ✔ chatCompletions cancels an open body after malformed calls (24.683209ms)
packages/ai test: ✔ chatCompletions interruption cancels a pending stream read (1.682375ms)
packages/ai test: ✔ chatCompletions streams text, a split tool call, and usage (1.818292ms)
packages/ai test: ✔ chatCompletions retries 429 with virtual backoff (1.690166ms)
packages/ai test: ✔ chatCompletions does not retry 401 (0.653208ms)
packages/ai test: ✔ chatCompletions rejects oversized call index (0.788917ms)
packages/ai test: ✔ chatCompletions rejects missing preceding call index (0.541167ms)
packages/ai test: ✔ chatCompletions rejects non-string name fragment (0.395708ms)
packages/ai test: ✔ chatCompletions rejects non-string argument fragment (0.222334ms)
packages/ai test: ✔ chatCompletions rejects conflicting call ids (0.187542ms)
packages/ai test: ✔ chatCompletions rejects duplicate assembled call ids (0.206625ms)
packages/ai test: ✔ chatCompletions rejects non-object chunk (0.131791ms)
packages/ai test: ✔ chatCompletions rejects non-array choices (0.097916ms)
packages/ai test: ✔ chatCompletions rejects null choice (0.103541ms)
packages/ai test: ✔ chatCompletions rejects non-object delta (0.586542ms)
packages/ai test: ✔ chatCompletions rejects non-array tool calls (0.158125ms)
packages/ai test: ✔ chatCompletions rejects null tool call (0.110334ms)
packages/ai test: ✔ chatCompletions rejects non-string content (0.09025ms)
packages/ai test: ✔ chatCompletions rejects invalid usage (0.091ms)
packages/ai test: ✔ chatCompletions rejects truncated stream (0.237791ms)
packages/ai test: ✔ chatCompletions rejects missing call id (0.106958ms)
packages/ai test: ✔ chatCompletions rejects missing call name (0.164875ms)
packages/ai test: ✔ chatCompletions rejects invalid call index (0.131916ms)
packages/ai test: ✔ sse: parses data events split across chunks and stops at [DONE] (8.744042ms)
packages/ai test: ✔ sse: ends lines on CRLF, CR, and LF (0.565958ms)
packages/ai test: ✔ sse: a CR at the end of a chunk ends one line, CRLF or not (0.33925ms)
packages/ai test: ✔ sse: ignores comment lines (0.228209ms)
packages/ai test: ✔ sse: keeps the data of an event that has other fields (2.132791ms)
packages/ai test: ✔ sse: joins data lines with newlines, and a bare data line adds one (0.184625ms)
packages/ai test: ✔ sse: yields nothing for an event with no data (0.648084ms)
packages/ai test: ✔ sse: discards data the stream never terminates with a blank line (0.411542ms)
packages/ai test: ✔ sse: stops at [DONE] with or without the leading space (0.263584ms)
packages/ai test: ✔ sse: decodes a multi-byte character split across chunks (0.294417ms)
packages/ai test: ℹ tests 44
packages/ai test: ℹ suites 0
packages/ai test: ℹ pass 44
packages/ai test: ℹ fail 0
packages/ai test: ℹ cancelled 0
packages/ai test: ℹ skipped 0
packages/ai test: ℹ todo 0
packages/ai test: ℹ duration_ms 303.698458
packages/ai test: Done
packages/platform test: ✔ command: interrupt stops a ready child before its delayed side effect (738.542ms)
packages/platform test: ✔ command: stdout has a default byte bound (99.285625ms)
packages/platform test: ✔ command: stdout respects a smaller byte bound (68.93125ms)
packages/platform test: ✔ command: stdout accepts larger output with a larger bounded allowance (73.06625ms)
packages/platform test: ✔ command: stderr has a default byte bound (69.095833ms)
packages/platform test: ✔ command: stderr respects a smaller byte bound (69.394792ms)
packages/platform test: ✔ command: stderr accepts larger output with a larger bounded allowance (71.599208ms)
packages/platform test: ✔ command: each stream can fill its default allowance independently (76.802625ms)
packages/platform test: ✔ command: an exact custom UTF-8 byte allowance succeeds (70.142417ms)
packages/platform test: ✔ command: zero allowance accepts only empty output (136.6245ms)
packages/platform test: ✔ command: output allowances must be bounded integer byte counts (0.239375ms)
packages/platform test: ✔ command: exit code and output (69.150625ms)
packages/platform test: ✔ command: stdin, cwd, env (71.6075ms)
packages/platform test: ✔ command: a program that cannot start is a CommandError (2.270042ms)
packages/platform test: ✔ command: a fake handler (0.107208ms)
packages/platform test: ✔ the same program runs against the in-memory file system (3.28175ms)
packages/platform test: ✔ and against the real one (10.387041ms)
packages/platform test: ✔ memory: errors carry codes (0.727ms)
packages/platform test: ✔ memory: recursive mkdir does not replace a file (0.15425ms)
packages/platform test: ✔ node: errors carry codes (1.045708ms)
packages/platform test: ✔ node: exists returns false when a path component is not a directory (1.2565ms)
packages/platform test: ✔ rename refuses a directory descendant /d/sub/moved without changing the tree (2.977916ms)
packages/platform test: ✔ rename refuses a directory descendant /d/sub/../sub/moved without changing the tree (2.546333ms)
packages/platform test: ✔ memory: rename to the same normalized path is a no-op (0.551875ms)
packages/platform test: ✔ rename refuses file over directory without changing files (1.898083ms)
packages/platform test: ✔ rename refuses directory over file without changing files (2.694625ms)
packages/platform test: ✔ rename refuses directory over nonempty directory without changing files (1.835375ms)
packages/platform test: ✔ memory: directory rename replaces an empty destination and preserves the moved subtree (0.158708ms)
packages/platform test: ✔ memory: sibling names with a shared prefix are not descendants (0.041459ms)
packages/platform test: ✔ memory: file rename replaces an existing file (0.033834ms)
packages/platform test: ✔ a failure lands at the op, where the program's own catch sees it (3.767875ms)
packages/platform test: ✔ handlers between the program and the file system see every op (1.899916ms)
packages/platform test: ✔ confine takes the paths a prefix test lets through (0.434834ms)
packages/platform test: ✔ confine checks the destination of a rename, and takes an absolute POSIX root (0.597291ms)
packages/platform test: ℹ tests 34
packages/platform test: ℹ suites 0
packages/platform test: ℹ pass 34
packages/platform test: ℹ fail 0
packages/platform test: ℹ cancelled 0
packages/platform test: ℹ skipped 0
packages/platform test: ℹ todo 0
packages/platform test: ℹ duration_ms 1900.742042
packages/platform test: Done
