$ node --test test/*.test.ts
✔ ask: runs tool calls as effects and feeds results back (1.604334ms)
✔ gen: decodes the answer tool, sending bad arguments back (0.498875ms)
✔ ask: gives up with TooManyRounds (0.212ms)
✔ generate: one shot, returns the new messages (0.061042ms)
✔ instances keep history; agents compose as tools with their own model (0.301583ms)
✔ modes: system prompts and config layer around the model (0.200875ms)
✔ events: text from the provider, calls and results from the loop (0.27925ms)
✔ approval is an effect the tool performs (0.23825ms)
✔ a tool's typed failure goes back to the model, not up the stack (0.340875ms)
✔ void tools produce string receipts (0.155834ms)
✔ structured output rejects reserved tool names before execution (0.246167ms)
✔ chatCompletions cancels an open body after malformed calls (13.672708ms)
✔ chatCompletions interruption cancels a pending stream read (0.7735ms)
✔ chatCompletions streams text, a split tool call, and usage (0.765875ms)
✔ chatCompletions retries 429 with virtual backoff (0.739792ms)
✔ chatCompletions does not retry 401 (0.177709ms)
✔ chatCompletions rejects oversized call index (0.231584ms)
✔ chatCompletions rejects missing preceding call index (0.180167ms)
✔ chatCompletions rejects non-string name fragment (0.197083ms)
✔ chatCompletions rejects non-string argument fragment (0.164375ms)
✔ chatCompletions rejects conflicting call ids (0.568291ms)
✔ chatCompletions rejects duplicate assembled call ids (0.318833ms)
✔ chatCompletions rejects truncated stream (0.25725ms)
✔ chatCompletions rejects missing call id (0.115333ms)
✔ chatCompletions rejects missing call name (0.100125ms)
✔ chatCompletions rejects invalid call index (0.079291ms)
✔ sse: parses data events split across chunks and stops at [DONE] (4.117834ms)
✔ sse: ends lines on CRLF, CR, and LF (0.555708ms)
✔ sse: a CR at the end of a chunk ends one line, CRLF or not (0.955542ms)
✔ sse: ignores comment lines (0.565833ms)
✔ sse: keeps the data of an event that has other fields (0.605708ms)
✔ sse: joins data lines with newlines, and a bare data line adds one (0.312084ms)
✔ sse: yields nothing for an event with no data (0.336708ms)
✔ sse: discards data the stream never terminates with a blank line (0.99325ms)
✔ sse: stops at [DONE] with or without the leading space (0.479167ms)
✔ sse: decodes a multi-byte character split across chunks (0.195ms)
ℹ tests 36
ℹ suites 0
ℹ pass 36
ℹ fail 0
ℹ cancelled 0
ℹ skipped 0
ℹ todo 0
ℹ duration_ms 157.605417
$ tsc -p tsconfig.json
