$ node --test test/*.test.ts
✔ ask: runs tool calls as effects and feeds results back (1.644083ms)
✔ gen: decodes the answer tool, sending bad arguments back (0.498791ms)
✔ ask: gives up with TooManyRounds (0.220417ms)
✔ generate: one shot, returns the new messages (0.058958ms)
✔ instances keep history; agents compose as tools with their own model (0.307625ms)
✔ modes: system prompts and config layer around the model (0.127375ms)
✔ events: text from the provider, calls and results from the loop (0.124583ms)
✔ approval is an effect the tool performs (0.198333ms)
✔ a tool's typed failure goes back to the model, not up the stack (0.13925ms)
✔ void tools produce string receipts (0.128333ms)
✔ structured output rejects reserved tool names before execution (0.214875ms)
✔ chatCompletions cancels an open body after malformed calls (12.64125ms)
✔ chatCompletions interruption cancels a pending stream read (0.741875ms)
✔ chatCompletions streams text, a split tool call, and usage (0.828667ms)
✔ chatCompletions retries 429 with virtual backoff (0.800584ms)
✔ chatCompletions does not retry 401 (0.169416ms)
✔ chatCompletions rejects oversized call index (0.263625ms)
✔ chatCompletions rejects missing preceding call index (0.195209ms)
✔ chatCompletions rejects non-string name fragment (0.186125ms)
✔ chatCompletions rejects non-string argument fragment (0.179667ms)
✔ chatCompletions rejects conflicting call ids (0.168167ms)
✔ chatCompletions rejects duplicate assembled call ids (0.280292ms)
✔ chatCompletions rejects non-object chunk (0.152583ms)
✔ chatCompletions rejects non-array choices (0.113125ms)
✔ chatCompletions rejects null choice (0.097ms)
✔ chatCompletions rejects non-object delta (0.397542ms)
✔ chatCompletions rejects non-array tool calls (0.09675ms)
✔ chatCompletions rejects null tool call (0.070292ms)
✔ chatCompletions rejects non-string content (0.070125ms)
✔ chatCompletions rejects invalid usage (0.070333ms)
✔ chatCompletions rejects truncated stream (0.231125ms)
✔ chatCompletions rejects missing call id (0.098125ms)
✔ chatCompletions rejects missing call name (0.079417ms)
✔ chatCompletions rejects invalid call index (0.065833ms)
✔ sse: parses data events split across chunks and stops at [DONE] (8.235583ms)
✔ sse: ends lines on CRLF, CR, and LF (0.544125ms)
✔ sse: a CR at the end of a chunk ends one line, CRLF or not (0.32ms)
✔ sse: ignores comment lines (0.222334ms)
✔ sse: keeps the data of an event that has other fields (0.322125ms)
✔ sse: joins data lines with newlines, and a bare data line adds one (0.155708ms)
✔ sse: yields nothing for an event with no data (0.187917ms)
✔ sse: discards data the stream never terminates with a blank line (0.148334ms)
✔ sse: stops at [DONE] with or without the leading space (0.169042ms)
✔ sse: decodes a multi-byte character split across chunks (0.201042ms)
ℹ tests 44
ℹ suites 0
ℹ pass 44
ℹ fail 0
ℹ cancelled 0
ℹ skipped 0
ℹ todo 0
ℹ duration_ms 146.648209
