$ node --test test/*.test.ts
✔ ask: runs tool calls as effects and feeds results back (1.997958ms)
✔ gen: decodes the answer tool, sending bad arguments back (0.574709ms)
✔ ask: gives up with TooManyRounds (0.230416ms)
✔ generate: one shot, returns the new messages (0.071583ms)
✔ instances keep history; agents compose as tools with their own model (0.326417ms)
✔ modes: system prompts and config layer around the model (0.313833ms)
✔ events: text from the provider, calls and results from the loop (0.1325ms)
✔ approval is an effect the tool performs (0.186708ms)
✔ a tool's typed failure goes back to the model, not up the stack (0.147333ms)
✔ void tools produce string receipts (0.138417ms)
✔ structured output rejects reserved tool names before execution (0.234375ms)
✔ chatCompletions cancels an open body after malformed calls (15.098416ms)
✔ chatCompletions interruption cancels a pending stream read (1.0405ms)
✔ chatCompletions streams text, a split tool call, and usage (1.082708ms)
✔ chatCompletions retries 429 with virtual backoff (1.211208ms)
✔ chatCompletions does not retry 401 (0.429291ms)
✔ chatCompletions rejects oversized call index (0.320209ms)
✔ chatCompletions rejects missing preceding call index (0.215ms)
✔ chatCompletions rejects non-string name fragment (0.198417ms)
✔ chatCompletions rejects non-string argument fragment (0.188625ms)
✔ chatCompletions rejects conflicting call ids (0.166666ms)
✔ chatCompletions rejects duplicate assembled call ids (0.2005ms)
✖ chatCompletions rejects non-object chunk (2.102083ms)
✖ chatCompletions rejects non-array choices (0.257625ms)
✖ chatCompletions rejects null choice (0.150917ms)
✖ chatCompletions rejects non-object delta (0.115459ms)
✖ chatCompletions rejects non-array tool calls (0.179875ms)
✖ chatCompletions rejects null tool call (0.1465ms)
✖ chatCompletions rejects non-string content (0.1175ms)
✖ chatCompletions rejects invalid usage (0.108541ms)
✔ chatCompletions rejects truncated stream (0.211042ms)
✔ chatCompletions rejects missing call id (0.09425ms)
✔ chatCompletions rejects missing call name (0.157167ms)
✔ chatCompletions rejects invalid call index (0.142625ms)
✔ sse: parses data events split across chunks and stops at [DONE] (7.024875ms)
✔ sse: ends lines on CRLF, CR, and LF (0.636334ms)
✔ sse: a CR at the end of a chunk ends one line, CRLF or not (0.320542ms)
✔ sse: ignores comment lines (2.585958ms)
✔ sse: keeps the data of an event that has other fields (0.402375ms)
✔ sse: joins data lines with newlines, and a bare data line adds one (0.129542ms)
✔ sse: yields nothing for an event with no data (0.16325ms)
✔ sse: discards data the stream never terminates with a blank line (0.131708ms)
✔ sse: stops at [DONE] with or without the leading space (0.12475ms)
✔ sse: decodes a multi-byte character split across chunks (0.155583ms)
ℹ tests 44
ℹ suites 0
ℹ pass 36
ℹ fail 8
ℹ cancelled 0
ℹ skipped 0
ℹ todo 0
ℹ duration_ms 200.683334

✖ failing tests:

test at test/providers.test.ts:281:3
✖ chatCompletions rejects non-object chunk (2.102083ms)
  AssertionError [ERR_ASSERTION]: The expression evaluated to a falsy value:

    assert.ok(

      at TestContext.<anonymous> (file:///Users/texoport/code/kyoot-protocol-cleanup/packages/ai/test/providers.test.ts:288:14)
      at async Test.run (node:internal/test_runner/test:1409:7)
      at async Test.processPendingSubtests (node:internal/test_runner/test:974:7) {
    generatedMessage: true,
    code: 'ERR_ASSERTION',
    actual: false,
    expected: true,
    operator: '==',
    diff: 'simple'
  }

test at test/providers.test.ts:281:3
✖ chatCompletions rejects non-array choices (0.257625ms)
  AssertionError [ERR_ASSERTION]: The expression evaluated to a falsy value:

    assert.ok(

      at TestContext.<anonymous> (file:///Users/texoport/code/kyoot-protocol-cleanup/packages/ai/test/providers.test.ts:288:14)
      at async Test.run (node:internal/test_runner/test:1409:7)
      at async Test.processPendingSubtests (node:internal/test_runner/test:974:7) {
    generatedMessage: true,
    code: 'ERR_ASSERTION',
    actual: false,
    expected: true,
    operator: '==',
    diff: 'simple'
  }

test at test/providers.test.ts:281:3
✖ chatCompletions rejects null choice (0.150917ms)
  AssertionError [ERR_ASSERTION]: The expression evaluated to a falsy value:

    assert.ok(

      at TestContext.<anonymous> (file:///Users/texoport/code/kyoot-protocol-cleanup/packages/ai/test/providers.test.ts:288:14)
      at async Test.run (node:internal/test_runner/test:1409:7)
      at async Test.processPendingSubtests (node:internal/test_runner/test:974:7) {
    generatedMessage: true,
    code: 'ERR_ASSERTION',
    actual: false,
    expected: true,
    operator: '==',
    diff: 'simple'
  }

test at test/providers.test.ts:281:3
✖ chatCompletions rejects non-object delta (0.115459ms)
  AssertionError [ERR_ASSERTION]: The expression evaluated to a falsy value:

    assert.ok(

      at TestContext.<anonymous> (file:///Users/texoport/code/kyoot-protocol-cleanup/packages/ai/test/providers.test.ts:288:14)
      at async Test.run (node:internal/test_runner/test:1409:7)
      at async Test.processPendingSubtests (node:internal/test_runner/test:974:7) {
    generatedMessage: true,
    code: 'ERR_ASSERTION',
    actual: false,
    expected: true,
    operator: '==',
    diff: 'simple'
  }

test at test/providers.test.ts:281:3
✖ chatCompletions rejects non-array tool calls (0.179875ms)
  AssertionError [ERR_ASSERTION]: The expression evaluated to a falsy value:

    assert.ok(

      at TestContext.<anonymous> (file:///Users/texoport/code/kyoot-protocol-cleanup/packages/ai/test/providers.test.ts:288:14)
      at async Test.run (node:internal/test_runner/test:1409:7)
      at async Test.processPendingSubtests (node:internal/test_runner/test:974:7) {
    generatedMessage: true,
    code: 'ERR_ASSERTION',
    actual: false,
    expected: true,
    operator: '==',
    diff: 'simple'
  }

test at test/providers.test.ts:281:3
✖ chatCompletions rejects null tool call (0.1465ms)
  AssertionError [ERR_ASSERTION]: The expression evaluated to a falsy value:

    assert.ok(

      at TestContext.<anonymous> (file:///Users/texoport/code/kyoot-protocol-cleanup/packages/ai/test/providers.test.ts:288:14)
      at async Test.run (node:internal/test_runner/test:1409:7)
      at async Test.processPendingSubtests (node:internal/test_runner/test:974:7) {
    generatedMessage: true,
    code: 'ERR_ASSERTION',
    actual: false,
    expected: true,
    operator: '==',
    diff: 'simple'
  }

test at test/providers.test.ts:281:3
✖ chatCompletions rejects non-string content (0.1175ms)
  AssertionError [ERR_ASSERTION]: The expression evaluated to a falsy value:

    assert.ok(

      at TestContext.<anonymous> (file:///Users/texoport/code/kyoot-protocol-cleanup/packages/ai/test/providers.test.ts:288:14)
      at async Test.run (node:internal/test_runner/test:1409:7)
      at async Test.processPendingSubtests (node:internal/test_runner/test:974:7) {
    generatedMessage: true,
    code: 'ERR_ASSERTION',
    actual: false,
    expected: true,
    operator: '==',
    diff: 'simple'
  }

test at test/providers.test.ts:281:3
✖ chatCompletions rejects invalid usage (0.108541ms)
  AssertionError [ERR_ASSERTION]: The expression evaluated to a falsy value:

    assert.ok(

      at TestContext.<anonymous> (file:///Users/texoport/code/kyoot-protocol-cleanup/packages/ai/test/providers.test.ts:288:14)
      at async Test.run (node:internal/test_runner/test:1409:7)
      at async Test.processPendingSubtests (node:internal/test_runner/test:974:7) {
    generatedMessage: true,
    code: 'ERR_ASSERTION',
    actual: false,
    expected: true,
    operator: '==',
    diff: 'simple'
  }
/Users/texoport/code/kyoot-protocol-cleanup/packages/ai:
[ERR_PNPM_RECURSIVE_RUN_FIRST_FAIL] @kyoot/ai@0.1.0 test: `node --test test/*.test.ts`
Exit status 1
