Scope: all 6 workspace projects
✓ Lockfile passes supply-chain policies (verified 50m ago)
Lockfile is up to date, resolution step is skipped
Already up to date

Done in 152ms using pnpm v11.13.0
$ pnpm format:check && pnpm lint && pnpm typecheck && pnpm test
$ oxfmt --check .
Checking formatting...

All matched files use the correct format.
Finished in 187ms on 101 files using 10 threads.
$ oxlint
$ pnpm -r typecheck
Scope: 5 of 6 workspace projects
packages/kyoot typecheck$ tsc -p tsconfig.json
packages/kyoot typecheck: Done
packages/bench typecheck$ tsc -p tsconfig.json
packages/ai typecheck$ tsc -p tsconfig.json
packages/platform typecheck$ tsc -p tsconfig.json
packages/registry typecheck$ tsc -p tsconfig.json
packages/ai typecheck: Done
packages/bench typecheck: Done
packages/registry typecheck: Done
packages/platform typecheck: Done
$ pnpm -r test
Scope: 5 of 6 workspace projects
packages/kyoot test$ node --test test/*.test.ts
packages/kyoot test: ✔ fromPromise resolves through runPromise (1.653875ms)
packages/kyoot test: ✔ fromPromise exposes an AbortSignal from day one (0.204958ms)
packages/kyoot test: ✔ fromPromise sends a synchronous throw to Fail.run as a defect (0.331958ms)
packages/kyoot test: ✔ fork/join: a fiber is an independent interpreter loop (10.691959ms)
packages/kyoot test: ✔ concurrent fibers may yield the same node (1.111375ms)
packages/kyoot test: ✔ fiber.await returns a Result instead of throwing (1.905708ms)
packages/kyoot test: ✔ race: first to complete wins (6.313291ms)
packages/kyoot test: ✔ timeout: a slow computation fails with a typed Timeout (5.267083ms)
packages/kyoot test: ✔ timeout: a fast computation wins (6.29175ms)
packages/kyoot test: ✔ timeout inside a gen resumes the surrounding computation (6.483792ms)
packages/kyoot test: ✔ runPromise surfaces defects as rejections (0.581416ms)
packages/kyoot test: ✔ runPromise on an unhandled non-async effect rejects loudly (0.182583ms)
packages/kyoot test: ✔ runSync rejects an async op at runtime (0.112584ms)
packages/kyoot test: ✔ interrupt: finalizers run and await reports Interrupted (0.261583ms)
packages/kyoot test: ✔ structured concurrency: a completed parent interrupts its children (0.1ms)
packages/kyoot test: ✔ interrupt: stale wait may resolve before async cleanup (0.153416ms)
packages/kyoot test: ✔ interrupt: stale wait may reject before async cleanup (0.071667ms)
packages/kyoot test: ✔ interrupt: stale wait may resolve after async cleanup (0.110958ms)
packages/kyoot test: ✔ interrupt: stale wait may reject after async cleanup (0.102042ms)
packages/kyoot test: ✔ all: results come back in input order, not completion order (21.416084ms)
packages/kyoot test: ✔ all: branches run concurrently (21.407416ms)
packages/kyoot test: ✔ all: empty array resolves immediately (0.211292ms)
packages/kyoot test: ✔ all: NaN concurrency runs every branch (0.1835ms)
packages/kyoot test: ✔ all: first failure interrupts the rest and runs their finalizers (6.546708ms)
packages/kyoot test: ✔ all: interrupting the parent interrupts every branch (12.276542ms)
packages/kyoot test: ✔ race interrupts the loser and runs its finalizers (6.053666ms)
packages/kyoot test: ✔ timeout interrupts the branch and runs its finalizers (6.268917ms)
packages/kyoot test: ✔ fromPromise's signal fires on interruption (0.138625ms)
packages/kyoot test: ✔ joining an interrupted fiber interrupts the joiner (0.077334ms)
packages/kyoot test: ✔ all: concurrency limit bounds in-flight fibers and keeps order (21.88375ms)
packages/kyoot test: ✔ all: a failure stops scheduling the rest (3.659208ms)
packages/kyoot test: ✔ fork: a fiber sees the Env provided outside the fork (0.253292ms)
packages/kyoot test: ✔ fork: Log.collect around the fork gathers the fiber's entries (0.122333ms)
packages/kyoot test: ✔ fork: Emit.collect around the fork collects what fibers emit (0.107ms)
packages/kyoot test: ✔ fork: a collecting handler is fresh per run, even when forked into (0.066834ms)
packages/kyoot test: ✔ fork: a typed failure in the fiber crosses join as a fail op (2.693542ms)
packages/kyoot test: ✔ fork: fiber.await reports a typed failure as a Fail cause (0.273834ms)
packages/kyoot test: ✔ race: a failing branch that finishes first fails the race, typed (3.862208ms)
packages/kyoot test: ✔ all: a typed failure in one branch fails the whole, and the rest are interrupted (1.331875ms)
packages/kyoot test: ✔ fork: Resource.run outside the fork gives the fiber a scope of its own (2.218958ms)
packages/kyoot test: ✔ fork: Clock.virtual outside the fork makes the fiber's sleeps instant (0.147083ms)
packages/kyoot test: ✔ fork: a copied handler that returns instead of resuming is a defect (0.111833ms)
packages/kyoot test: ✔ fork: a handler marked fork: none stops at the fiber, loudly (0.110583ms)
packages/kyoot test: ✔ fork: a copied handler that fails in its own scope fails the fiber, typed (0.113625ms)
packages/kyoot test: ✔ fork: a typed failure still ends the fiber's own scope (0.076583ms)
packages/kyoot test: ✔ fork: a user effect handled outside the fork answers inside it (0.068583ms)
packages/kyoot test: ✔ scheduler: a hot loop in one fiber does not starve a sleeper (20.70775ms)
packages/kyoot test: ✔ scheduler: a hot loop can be interrupted (1.525625ms)
packages/kyoot test: ✔ scheduler: runSync never yields (1.435416ms)
packages/kyoot test: ✔ scheduler: yields keep handler state and continuations (6.595875ms)
packages/kyoot test: ✔ mapPromise keeps input order and hands each callback its index (9.081041ms)
packages/kyoot test: ✔ forEachPromise runs one item at a time and returns void (3.694709ms)
packages/kyoot test: ✔ reducePromise threads the accumulator in order (0.120792ms)
packages/kyoot test: ✔ a rejected batch callback is a defect, like fromPromise (0.100334ms)
packages/kyoot test: ✔ Async.intercept sees one operation for a whole batch (0.2065ms)
packages/kyoot test: ✔ interruption stops a batch before the next item starts (21.058041ms)
packages/kyoot test: ✔ a pending batch callback sees the operation's abort signal (0.195709ms)
packages/kyoot test: ✔ a batch takes the source's length once, so a callback cannot extend it (0.115208ms)
packages/kyoot test: ✔ pure handlers run the whole checkout under runSync (0.879417ms)
packages/kyoot test: ✔ events stream out in order; success is Result.ok (0.261042ms)
packages/kyoot test: ✔ out of stock is a typed failure from checkout itself (0.140041ms)
packages/kyoot test: ✔ a declined card is a typed failure introduced by the payments handler (0.13675ms)
packages/kyoot test: ✔ orThrow surfaces a typed failure as a throw (0.179916ms)
packages/kyoot test: ✔ Clock.virtual: sleeps finish at once and add up (1.318417ms)
packages/kyoot test: ✔ Clock.virtual: time is per run, not shared (0.090084ms)
packages/kyoot test: ✔ runPromise serves the clock with real time (38.029125ms)
packages/kyoot test: ✔ a nearer virtual clock wins over the driver's real one (0.218709ms)
packages/kyoot test: ✔ a forked fiber gets the real clock, and interrupt cancels its sleep (0.399958ms)
packages/kyoot test: ✔ map keeps a returned Kyoot as a value (3.096291ms)
packages/kyoot test: ✔ flatMap sequences a returned Kyoot (0.097208ms)
packages/kyoot test: ✔ map chains are trampolined: 100k maps, no stack overflow (12.57625ms)
packages/kyoot test: ✔ pipe threads the computation through functions (0.102291ms)
packages/kyoot test: ✔ gen: yield* plain values and sub-computations (0.101084ms)
packages/kyoot test: ✔ gen isolates repeated, nested, and separate runs (0.337084ms)
packages/kyoot test: ✔ gen keeps direct yield resumption unchanged (0.050625ms)
packages/kyoot test: ✔ gen with an effect, handled (0.215916ms)
packages/kyoot test: ✔ a throw inside map is a defect and surfaces at the edge as-is (0.196875ms)
packages/kyoot test: ✔ a throw inside a gen body is a defect (0.092917ms)
packages/kyoot test: ✔ runSync on an unhandled effect fails loudly at runtime (0.060292ms)
packages/kyoot test: ✔ a continuation dropped by its handler cannot be resumed later (0.133583ms)
packages/kyoot test: ✔ a resume token discarded by its handler cannot be run later (0.073292ms)
packages/kyoot test: ✔ a continuation may only be resumed once (0.056541ms)
packages/kyoot test: ✔ a resume saved from one operation cannot answer a later operation (0.064833ms)
packages/kyoot test: ✔ a resume.with saved from one operation cannot answer a later operation (0.062208ms)
packages/kyoot test: ✔ a resume token saved from one operation cannot answer a later operation (0.05975ms)
packages/kyoot test: ✔ a resume.with token saved from one operation cannot answer a later operation (0.048125ms)
packages/kyoot test: ✔ a continuation held past its op still answers that op (0.054416ms)
packages/kyoot test: ✔ a handler that resumes zero times short-circuits (0.044084ms)
packages/kyoot test: ✔ an op escaping a yielded handler node keeps the outer continuation (0.04825ms)
packages/kyoot test: ✔ a throw inside onOp goes to the same handler's onDefect (0.036291ms)
packages/kyoot test: ✔ resume.with continues the program at the op, where its own handlers see it (0.055083ms)
packages/kyoot test: ✔ intercept answers some ops and performs the rest for the handler outside (0.108625ms)
packages/kyoot test: ✔ intercept with a cell: state per run, fresh each run (0.090458ms)
packages/kyoot test: ✔ Clock, Log, and Random intercept: scale time, redact, fix the dice (0.15525ms)
packages/kyoot test: ✔ Clock.intercept caps real sleeps under runPromise (4.368834ms)
packages/kyoot test: ✔ Emit and Sync intercept: rewrite values, wrap thunks (0.191833ms)
packages/kyoot test: ✔ Fail.intercept sees a failure on its way out and passes it on (0.159541ms)
packages/kyoot test: ✔ Env intercept wraps the service the handler outside provides (0.107791ms)
packages/kyoot test: ✔ Var intercept validates a set; the failure lands at the set (0.110708ms)
packages/kyoot test: ✔ Resource intercept sees each acquire (0.101417ms)
packages/kyoot test: ✔ Async intercept sees every async op; a fiber forked through it keeps the frames inside (1.0865ms)
packages/kyoot test: ✔ Env: provide answers the service key (0.63525ms)
packages/kyoot test: ✔ Env: tags yield directly (0.087583ms)
packages/kyoot test: ✔ Env: multiple services get distinct keys (0.073792ms)
packages/kyoot test: ✔ Var: get/set/update (0.337458ms)
packages/kyoot test: ✔ Var: same-typed tags stay independent (0.167625ms)
packages/kyoot test: ✔ Var: nested scopes shadow and restore (0.284042ms)
packages/kyoot test: ✔ Var: each execution gets a fresh state frame (0.096792ms)
packages/kyoot test: ✔ Emit.collect collects everything emitted (0.09425ms)
packages/kyoot test: ✔ Emit.forEach consumes values as they happen (0.092875ms)
packages/kyoot test: ✔ Emit.discard drops the stream (0.074833ms)
packages/kyoot test: ✔ Sync.defer is lazy and Sync.run discharges it (0.067334ms)
packages/kyoot test: ✔ Sync.defer: a throwing thunk is a defect, not a typed failure (0.220167ms)
packages/kyoot test: ✔ Env: provide(make) runs the program, which may use a handler outside (0.536042ms)
packages/kyoot test: ✔ Env: provide(make) runs once per run, however often the service is used (0.159459ms)
packages/kyoot test: ✔ Env: a resource the program opens is released after the program (0.475583ms)
packages/kyoot test: ✔ Env: a program that fails fails the whole program (0.179ms)
packages/kyoot test: ✔ Env: intercept wraps a provided service (0.128958ms)
packages/kyoot test: ✔ Fail.run: success becomes Result.ok (0.709083ms)
packages/kyoot test: ✔ Fail.run: typed failure becomes Result with a Fail cause (0.161917ms)
packages/kyoot test: ✔ Fail.run: a defect lands in the defect channel, not the error channel (0.119584ms)
packages/kyoot test: ✔ defects bypass Fail.catchAll (0.238791ms)
packages/kyoot test: ✔ Fail.catchAll replaces a typed failure with a new computation (0.090875ms)
packages/kyoot test: ✔ Fail.orThrow throws the error value at the edge (0.065875ms)
packages/kyoot test: ✔ handler order: Var before Fail is transactional — failure carries no state (0.112542ms)
packages/kyoot test: ✔ handler order: Fail before Var — state survives failure (12.48275ms)
packages/kyoot test: ✔ Fail.catchTag: handles one tag and re-fails the rest (1.388125ms)
packages/kyoot test: ✔ Fail.mapError: rewrites the failure (1.390042ms)
packages/kyoot test: ✔ generator: finally runs when Fail.run drops the continuation (3.18575ms)
packages/kyoot test: ✔ generator: catchAll recovers, then the dropped frame closes (0.731708ms)
packages/kyoot test: ✔ generator: finally runs when Fail.orThrow drops the continuation (0.492458ms)
packages/kyoot test: ✔ generator: finally runs when a custom handler answers without resuming (0.101ms)
packages/kyoot test: ✔ generator: nested generators close innermost first (0.092667ms)
packages/kyoot test: ✔ generator: a defect closes the frames it unwinds past (0.109292ms)
packages/kyoot test: ✔ generator: finally still runs on normal completion and on a thrown error (0.102083ms)
packages/kyoot test: ✔ generator: finally runs before an outer Resource releases (0.219083ms)
packages/kyoot test: ✔ generator: a finally that yields is a defect, not half-run cleanup (0.11ms)
packages/kyoot test: ✔ generator: a finally that throws surfaces after the rest of the cleanup (0.136083ms)
packages/kyoot test: ✔ generator: an unhandled effect at the edge closes the frame (0.0845ms)
packages/kyoot test: ✔ generator: finally runs when a fiber is interrupted (2.534459ms)
packages/kyoot test: ✔ generator: a drop that ends in an unhandled effect still closes the frame (0.11475ms)
packages/kyoot test: ✔ generator: a claimed continuation that never lands closes too (0.06025ms)
packages/kyoot test: ✔ generator: frames queued behind a cleanup program close when the machine stops (0.093ms)
packages/kyoot test: ✔ generator: an outer finally that throws replaces the inner one's error (0.07275ms)
packages/kyoot test: ✔ generator: the outer error also wins when the machine stops with a stack (0.057375ms)
packages/kyoot test: ✔ generator: a handler that discards the resume token still drops the continuation (0.063416ms)
packages/kyoot test: ✔ generator: a token saved past a closed continuation cannot restore it (0.080584ms)
packages/kyoot test: ✔ generator: a frame queued inside a dropped continuation closes too (0.089125ms)
packages/kyoot test: ✔ generator: a dropped cleanup plan still reports the error its finally raised (0.096166ms)
packages/kyoot test: ✔ Log.collect gathers entries in order (0.761083ms)
packages/kyoot test: ✔ Log.discard drops them (0.085458ms)
packages/kyoot test: ✔ Random.seeded is deterministic and in range (3.933292ms)
packages/kyoot test: ✔ Random.live draws from Math.random (0.325708ms)
packages/kyoot test: ✔ Resource: release runs on success (0.952709ms)
packages/kyoot test: ✔ Resource: finalizers run in LIFO order (0.095375ms)
packages/kyoot test: ✔ Resource: release runs on typed failure (Resource outside Fail) (0.300416ms)
packages/kyoot test: ✔ Resource: release runs on defect (0.525833ms)
packages/kyoot test: ✔ Resource: a finalizer may be a program (runs on success) (11.796209ms)
packages/kyoot test: ✔ Resource: program finalizers run on defect and the defect wins (5.858292ms)
packages/kyoot test: ✔ Resource: program finalizers run to completion on interrupt (12.050833ms)
packages/kyoot test: ✔ a rejected async op is a defect that handlers see (0.185459ms)
packages/kyoot test: ✔ Resource: an acquire that throws releases what the scope already holds (0.107875ms)
packages/kyoot test: ✔ Resource inside Fail.run: a failure still releases (0.141042ms)
packages/kyoot test: ✔ Resource inside catchAll: the recovery runs, then the scope is released (0.096666ms)
packages/kyoot test: ✔ Resource inside a catchTag that passes the failure on: the outer catch releases (0.075167ms)
packages/kyoot test: ✔ a handler that performs an op and then does not resume releases after its op (0.074083ms)
packages/kyoot test: ✔ a handler that resumes does not release early (0.068458ms)
packages/kyoot test: ✔ a handler that claims a resume token and discards it still releases (0.045833ms)
packages/kyoot test: ✔ a handler that claims a resume.with token and discards it still releases (0.04975ms)
packages/kyoot test: ✔ a discarded resume token releases nested captured resources, innermost first (0.070209ms)
packages/kyoot test: ✔ a discarded resume token releases a captured resource whose finalizer is async (0.071834ms)
packages/kyoot test: ✔ a resume token returned later in the handler's program still resumes (0.061333ms)
packages/kyoot test: ✔ Retry: re-runs until success, sleeping between attempts (4.397625ms)
packages/kyoot test: ✔ Retry: gives up after `times` retries with the last failure (0.342541ms)
packages/kyoot test: ✔ Retry: gives up when `while` rejects the failure (0.130792ms)
packages/kyoot test: ✔ Retry: defects are not retried (0.31475ms)
packages/kyoot test: ✔ Retry: works under runPromise with the real clock (7.585917ms)
packages/kyoot test: ✔ Emit.fromIterable + map + run (0.868083ms)
packages/kyoot test: ✔ Emit.forEach with an effectful callback (0.119083ms)
packages/kyoot test: ✔ Emit.fromAsyncIterable → toAsyncIterable round trip (0.401333ms)
packages/kyoot test: ✔ fromAsyncIterable removes settled abort listeners (0.419375ms)
packages/kyoot test: ✔ toAsyncIterable: breaking early interrupts the producer (0.196959ms)
packages/kyoot test: ✔ toAsyncIterable: a defect in the producer rejects the consumer (0.09925ms)
packages/kyoot test: ✔ toAsyncIterable: the producer runs at most `buffer` items ahead (0.64025ms)
packages/kyoot test: ✔ toAsyncIterable: breaking while the producer is parked interrupts it (0.411875ms)
packages/kyoot test: ✔ toAsyncIterable: a producer that throws undefined rejects the consumer (0.255875ms)
packages/kyoot test: ✔ toAsyncIterable: a defect after an emission delivers the item, then rejects (0.203166ms)
packages/kyoot test: ✔ toAsyncIterable: an empty stream still completes (0.174125ms)
packages/kyoot test: ✔ toAsyncIterable: a producer that throws null rejects the consumer (0.100375ms)
packages/kyoot test: ✔ toAsyncIterable: a producer that throws 0 rejects the consumer (0.043291ms)
packages/kyoot test: ✔ toAsyncIterable: a producer that throws false rejects the consumer (0.037ms)
packages/kyoot test: ✔ toAsyncIterable: a producer that throws "" rejects the consumer (0.044208ms)
packages/kyoot test: ℹ tests 192
packages/kyoot test: ℹ suites 0
packages/kyoot test: ℹ pass 192
packages/kyoot test: ℹ fail 0
packages/kyoot test: ℹ cancelled 0
packages/kyoot test: ℹ skipped 0
packages/kyoot test: ℹ todo 0
packages/kyoot test: ℹ duration_ms 448.636125
packages/kyoot test: Done
packages/ai test$ node --test test/*.test.ts
packages/platform test$ node --test test/*.test.ts
packages/registry test$ node --test test/*.test.ts
packages/registry test: ✔ rapid provider churn keeps activations balanced (2.353333ms)
packages/registry test: ✔ synchronous root finalizers do not lose notify transitions (16.278875ms)
packages/registry test: ✔ a component activates when its dependencies appear (1.626584ms)
packages/registry test: ✔ withdrawing a provider tears down dependents first (0.308666ms)
packages/registry test: ✔ hot swap: a replacement provider reactivates dependents on the new value (0.398417ms)
packages/registry test: ✔ a root binding counts as a provider (0.147833ms)
packages/registry test: ✔ a component whose setup throws is inactive with the error, and others keep working (0.371458ms)
packages/registry test: ✔ dispose unloads in reverse order (0.270167ms)
packages/registry test: ✔ a dependency chain stops and starts in dependency order (1.254625ms)
packages/registry test: ✔ a diamond dependent changes state once for each missing edge (0.312584ms)
packages/registry test: ✔ a component waits until all injected tags are present (0.196667ms)
packages/registry test: ✔ a target flip during setup releases partial resources (0.222625ms)
packages/registry test: ✔ failed setup releases resources, preserves peers, and retries after a target flip (0.315667ms)
packages/registry test: ✔ use waits for setup to land (0.268375ms)
packages/registry test: ✔ a root binding is withdrawn when its resource scope ends (0.1255ms)
packages/registry test: ✔ dispose waits for an in-flight setup and leaves no resources (0.13975ms)
packages/registry test: ✔ remove is idempotent and does not orphan another component (0.109166ms)
packages/registry test: ✔ interrupting a registry program releases components in reverse order (0.214167ms)
packages/registry test: ✔ two registries do not share bindings (0.151709ms)
packages/registry test: ✔ a duplicate provider fails its setup and leaves the first binding alone (0.278125ms)
packages/registry test: ✔ a binding becomes visible only when its provider lands (0.19675ms)
packages/registry test: ℹ tests 21
packages/registry test: ℹ suites 0
packages/registry test: ℹ pass 21
packages/registry test: ℹ fail 0
packages/registry test: ℹ cancelled 0
packages/registry test: ℹ skipped 0
packages/registry test: ℹ todo 0
packages/registry test: ℹ duration_ms 285.594084
packages/registry test: Done
packages/ai test: ✔ ask: runs tool calls as effects and feeds results back (2.668041ms)
packages/ai test: ✔ gen: decodes the answer tool, sending bad arguments back (0.613709ms)
packages/ai test: ✔ ask: gives up with TooManyRounds (0.315333ms)
packages/ai test: ✔ generate: one shot, returns the new messages (0.072333ms)
packages/ai test: ✔ instances keep history; agents compose as tools with their own model (0.455208ms)
packages/ai test: ✔ modes: system prompts and config layer around the model (0.160375ms)
packages/ai test: ✔ events: text from the provider, calls and results from the loop (0.169792ms)
packages/ai test: ✔ approval is an effect the tool performs (0.215042ms)
packages/ai test: ✔ a tool's typed failure goes back to the model, not up the stack (0.172167ms)
packages/ai test: ✔ void tools produce string receipts (0.146375ms)
packages/ai test: ✔ structured output rejects reserved tool names before execution (0.252541ms)
packages/ai test: ✔ chatCompletions streams text, a split tool call, and usage (19.08275ms)
packages/ai test: ✔ chatCompletions retries 429 with virtual backoff (1.472666ms)
packages/ai test: ✔ chatCompletions does not retry 401 (0.258125ms)
packages/ai test: ✔ chatCompletions rejects truncated stream (0.348ms)
packages/ai test: ✔ chatCompletions rejects missing call id (0.611667ms)
packages/ai test: ✔ chatCompletions rejects missing call name (0.336875ms)
packages/ai test: ✔ chatCompletions rejects invalid call index (0.168416ms)
packages/ai test: ✔ sse: parses data events split across chunks and stops at [DONE] (60.2575ms)
packages/ai test: ✔ sse: ends lines on CRLF, CR, and LF (1.961ms)
packages/ai test: ✔ sse: a CR at the end of a chunk ends one line, CRLF or not (0.73ms)
packages/ai test: ✔ sse: ignores comment lines (0.237875ms)
packages/ai test: ✔ sse: keeps the data of an event that has other fields (0.313959ms)
packages/ai test: ✔ sse: joins data lines with newlines, and a bare data line adds one (0.144166ms)
packages/ai test: ✔ sse: yields nothing for an event with no data (0.185167ms)
packages/ai test: ✔ sse: discards data the stream never terminates with a blank line (0.568333ms)
packages/ai test: ✔ sse: stops at [DONE] with or without the leading space (0.178333ms)
packages/ai test: ✔ sse: decodes a multi-byte character split across chunks (0.164417ms)
packages/ai test: ✔ structured output records every call in answer, write (2.621417ms)
packages/ai test: ✔ structured output records every call in write, answer (0.244042ms)
packages/ai test: ✔ the first valid answer wins while later answers and tools receive receipts (0.403583ms)
packages/ai test: ✔ an undefined structured answer is retained until later tools finish (0.399625ms)
packages/ai test: ✔ a retained answer survives later approval and result notification failures (0.538458ms)
packages/ai test: ✔ an answer does not bypass a later denied tool (0.190709ms)
packages/ai test: ✔ an answer does not bypass a later failed tool (0.126791ms)
packages/ai test: ✔ a later unknown tool outcome prevents publishing the retained answer (0.253ms)
packages/ai test: ✔ accepted completions are isolated from later provider mutation (0.219459ms)
packages/ai test: ✔ event consumers cannot mutate accepted tool calls (0.278583ms)
packages/ai test: ✔ pending calls use the accepted completion after a notification failure (0.201041ms)
packages/ai test: ✔ AI.discard releases a failed ask convenience turn (0.199417ms)
packages/ai test: ✔ AI.discard releases a failed gen convenience turn (0.151416ms)
packages/ai test: ✔ AI.discard rejects an active convenience turn and leaves it running (0.263167ms)
packages/ai test: ✔ whole-turn Retry retains successful tool receipts and one prompt (2.981209ms)
packages/ai test: ✔ failure of the first model request does not duplicate the prompt (0.541292ms)
packages/ai test: ✔ direct generate retains completed model and receipts (0.800083ms)
packages/ai test: ✔ failed notification preserves model completion and earlier tool receipts (0.984084ms)
packages/ai test: ✔ a failing call notification does not lose the stored completion (0.7405ms)
packages/ai test: ✔ tool defects retain an unknown outcome and never repeat the action (0.870667ms)
packages/ai test: ✔ concurrent turns and concurrent runs fail before changing the conversation (1.350458ms)
packages/ai test: ✔ failed turns retain ownership until explicit discard (0.167458ms)
packages/ai test: ✔ history is a frozen snapshot (0.097958ms)
packages/ai test: ✔ an interrupted action stays unknown and releases the running guard (0.446542ms)
packages/ai test: ✔ approval is retained separately when a later notification fails (0.238334ms)
packages/ai test: ✔ earlier receipts survive an unknown later tool in the same completion (0.220083ms)
packages/ai test: ✔ turn construction snapshots the tool list for later execution (0.11725ms)
packages/ai test: ℹ tests 55
packages/ai test: ℹ suites 0
packages/ai test: ℹ pass 55
packages/ai test: ℹ fail 0
packages/ai test: ℹ cancelled 0
packages/ai test: ℹ skipped 0
packages/ai test: ℹ todo 0
packages/ai test: ℹ duration_ms 306.336125
packages/ai test: Done
packages/platform test: ✔ command: exit code and output (173.439833ms)
packages/platform test: ✔ command: stdin, cwd, env (86.763542ms)
packages/platform test: ✔ command: a program that cannot start is a CommandError (1.800833ms)
packages/platform test: ✔ command: a fake handler (0.078333ms)
packages/platform test: ✔ the same program runs against the in-memory file system (13.96575ms)
packages/platform test: ✔ and against the real one (11.335625ms)
packages/platform test: ✔ memory: errors carry codes (0.503709ms)
packages/platform test: ✔ memory: recursive mkdir does not replace a file (0.097584ms)
packages/platform test: ✔ node: errors carry codes (1.138042ms)
packages/platform test: ✔ node: exists returns false when a path component is not a directory (1.4255ms)
packages/platform test: ✔ a failure lands at the op, where the program's own catch sees it (5.650541ms)
packages/platform test: ✔ handlers between the program and the file system see every op (5.416167ms)
packages/platform test: ✔ confine takes the paths a prefix test lets through (0.229ms)
packages/platform test: ✔ confine checks the destination of a rename, and takes an absolute POSIX root (0.334625ms)
packages/platform test: ℹ tests 14
packages/platform test: ℹ suites 0
packages/platform test: ℹ pass 14
packages/platform test: ℹ fail 0
packages/platform test: ℹ cancelled 0
packages/platform test: ℹ skipped 0
packages/platform test: ℹ todo 0
packages/platform test: ℹ duration_ms 518.49475
packages/platform test: Done
