Scope: all 6 workspace projects
✓ Lockfile passes supply-chain policies (verified 54m ago)
Lockfile is up to date, resolution step is skipped
Already up to date

Done in 154ms using pnpm v11.13.0
$ pnpm format:check && pnpm lint && pnpm typecheck && pnpm test
$ oxfmt --check .
Checking formatting...

All matched files use the correct format.
Finished in 322ms on 133 files using 10 threads.
$ oxlint
$ pnpm -r typecheck
Scope: 5 of 6 workspace projects
packages/kyoot typecheck$ tsc -p tsconfig.json
packages/kyoot typecheck: Done
packages/bench typecheck$ tsc -p tsconfig.json
packages/platform typecheck$ tsc -p tsconfig.json
packages/ai typecheck$ tsc -p tsconfig.json
packages/registry typecheck$ tsc -p tsconfig.json
packages/ai typecheck: Done
packages/bench typecheck: Done
packages/registry typecheck: Done
packages/platform typecheck: Done
$ pnpm -r test
Scope: 5 of 6 workspace projects
packages/kyoot test$ node --test test/*.test.ts
packages/kyoot test: ✔ fromPromise resolves through runPromise (0.78625ms)
packages/kyoot test: ✔ fromPromise exposes an AbortSignal from day one (0.081833ms)
packages/kyoot test: ✔ fromPromise sends a synchronous throw to Fail.run as a defect (0.229542ms)
packages/kyoot test: ✔ fork/join: a fiber is an independent interpreter loop (10.571583ms)
packages/kyoot test: ✔ concurrent fibers may yield the same node (0.566375ms)
packages/kyoot test: ✔ fiber.await returns a Result instead of throwing (1.842708ms)
packages/kyoot test: ✔ race: first to complete wins (6.126459ms)
packages/kyoot test: ✔ timeout: a slow computation fails with a typed Timeout (6.190291ms)
packages/kyoot test: ✔ timeout: a fast computation wins (6.070625ms)
packages/kyoot test: ✔ timeout inside a gen resumes the surrounding computation (5.207167ms)
packages/kyoot test: ✔ runPromise surfaces defects as rejections (1.871709ms)
packages/kyoot test: ✔ runPromise on an unhandled non-async effect rejects loudly (0.228792ms)
packages/kyoot test: ✔ runSync rejects an async op at runtime (0.1975ms)
packages/kyoot test: ✔ interrupt: finalizers run and await reports Interrupted (0.546833ms)
packages/kyoot test: ✔ structured concurrency: a completed parent interrupts its children (0.228292ms)
packages/kyoot test: ✔ interrupt: stale wait may resolve before async cleanup (0.354083ms)
packages/kyoot test: ✔ interrupt: stale wait may reject before async cleanup (0.167708ms)
packages/kyoot test: ✔ interrupt: stale wait may resolve after async cleanup (0.164625ms)
packages/kyoot test: ✔ interrupt: stale wait may reject after async cleanup (0.130875ms)
packages/kyoot test: ✔ all: results come back in input order, not completion order (21.839166ms)
packages/kyoot test: ✔ all: branches run concurrently (21.60375ms)
packages/kyoot test: ✔ all: empty array resolves immediately (0.200542ms)
packages/kyoot test: ✔ all: NaN concurrency runs every branch (0.180083ms)
packages/kyoot test: ✔ all: first failure interrupts the rest and runs their finalizers (6.505167ms)
packages/kyoot test: ✔ all: interrupting the parent interrupts every branch (10.951667ms)
packages/kyoot test: ✔ race interrupts the loser and runs its finalizers (6.343792ms)
packages/kyoot test: ✔ timeout interrupts the branch and runs its finalizers (6.1395ms)
packages/kyoot test: ✔ fromPromise's signal fires on interruption (0.239833ms)
packages/kyoot test: ✔ joining an interrupted fiber interrupts the joiner (0.158084ms)
packages/kyoot test: ✔ all: concurrency limit bounds in-flight fibers and keeps order (31.197666ms)
packages/kyoot test: ✔ all: a failure stops scheduling the rest (4.345208ms)
packages/kyoot test: ✔ fork: a fiber sees the Env provided outside the fork (0.260625ms)
packages/kyoot test: ✔ fork: Log.collect around the fork gathers the fiber's entries (0.12125ms)
packages/kyoot test: ✔ fork: Emit.collect around the fork collects what fibers emit (0.100791ms)
packages/kyoot test: ✔ fork: a collecting handler is fresh per run, even when forked into (0.064166ms)
packages/kyoot test: ✔ fork: a typed failure in the fiber crosses join as a fail op (2.459042ms)
packages/kyoot test: ✔ fork: fiber.await reports a typed failure as a Fail cause (0.288792ms)
packages/kyoot test: ✔ race: a failing branch that finishes first fails the race, typed (1.282583ms)
packages/kyoot test: ✔ all: a typed failure in one branch fails the whole, and the rest are interrupted (1.344416ms)
packages/kyoot test: ✔ fork: Resource.run outside the fork gives the fiber a scope of its own (1.8725ms)
packages/kyoot test: ✔ fork: Clock.virtual outside the fork makes the fiber's sleeps instant (0.319708ms)
packages/kyoot test: ✔ fork: a copied handler that returns instead of resuming is a defect (0.183791ms)
packages/kyoot test: ✔ fork: a handler marked fork: none stops at the fiber, loudly (0.0855ms)
packages/kyoot test: ✔ fork: a copied handler that fails in its own scope fails the fiber, typed (0.148459ms)
packages/kyoot test: ✔ fork: a typed failure still ends the fiber's own scope (0.098209ms)
packages/kyoot test: ✔ fork: a user effect handled outside the fork answers inside it (0.085125ms)
packages/kyoot test: ✔ scheduler: a hot loop in one fiber does not starve a sleeper (12.903875ms)
packages/kyoot test: ✔ scheduler: a hot loop can be interrupted (1.223ms)
packages/kyoot test: ✔ scheduler: runSync never yields (1.486667ms)
packages/kyoot test: ✔ scheduler: yields keep handler state and continuations (6.19925ms)
packages/kyoot test: ✔ mapPromise keeps input order and hands each callback its index (9.1205ms)
packages/kyoot test: ✔ forEachPromise runs one item at a time and returns void (3.724ms)
packages/kyoot test: ✔ reducePromise threads the accumulator in order (0.161541ms)
packages/kyoot test: ✔ a rejected batch callback is a defect, like fromPromise (0.076333ms)
packages/kyoot test: ✔ Async.unsafeIntercept sees one operation for a whole batch (0.193041ms)
packages/kyoot test: ✔ interruption stops a batch before the next item starts (21.079583ms)
packages/kyoot test: ✔ a pending batch callback sees the operation's abort signal (0.172916ms)
packages/kyoot test: ✔ a batch takes the source's length once, so a callback cannot extend it (0.108875ms)
packages/kyoot test: ✔ pure handlers run the whole checkout under runSync (8.202667ms)
packages/kyoot test: ✔ events stream out in order; success is Result.ok (0.674833ms)
packages/kyoot test: ✔ out of stock is a typed failure from checkout itself (0.397291ms)
packages/kyoot test: ✔ a declined card is a typed failure introduced by the payments handler (1.566ms)
packages/kyoot test: ✔ orThrow surfaces a typed failure as a throw (0.609583ms)
packages/kyoot test: ✔ Clock.virtual: sleeps finish at once and add up (0.766208ms)
packages/kyoot test: ✔ Clock.virtual: time is per run, not shared (0.077125ms)
packages/kyoot test: ✔ runPromise serves the clock with real time (35.798833ms)
packages/kyoot test: ✔ a nearer virtual clock wins over the driver's real one (0.284959ms)
packages/kyoot test: ✔ a forked fiber gets the real clock, and interrupt cancels its sleep (0.666458ms)
packages/kyoot test: ✔ same-key declarations with identical contracts interoperate (0.488459ms)
packages/kyoot test: ✔ generic handlers retain an undefined payload (0.069458ms)
packages/kyoot test: ✔ fork copier runs per sibling and nested child without mutating parent state (0.902291ms)
packages/kyoot test: ✔ share intentionally aliases mutable state across siblings and parent (0.191541ms)
packages/kyoot test: ✔ scope creates fresh child state (0.1805ms)
packages/kyoot test: ✔ map keeps a returned Kyoot as a value (0.490375ms)
packages/kyoot test: ✔ flatMap sequences a returned Kyoot (0.061958ms)
packages/kyoot test: ✔ map chains are trampolined: 100k maps, no stack overflow (10.060791ms)
packages/kyoot test: ✔ pipe threads the computation through functions (0.178417ms)
packages/kyoot test: ✔ gen: yield* plain values and sub-computations (0.224375ms)
packages/kyoot test: ✔ gen isolates repeated, nested, and separate runs (0.650667ms)
packages/kyoot test: ✔ gen keeps direct yield resumption unchanged (0.105917ms)
packages/kyoot test: ✔ gen with an effect, handled (0.374708ms)
packages/kyoot test: ✔ a throw inside map is a defect and surfaces at the edge as-is (0.344708ms)
packages/kyoot test: ✔ a throw inside a gen body is a defect (0.158959ms)
packages/kyoot test: ✔ runSync on an unhandled effect fails loudly at runtime (0.128667ms)
packages/kyoot test: ✔ a continuation dropped by its handler cannot be resumed later (0.385333ms)
packages/kyoot test: ✔ a resume token discarded by its handler cannot be run later (0.187416ms)
packages/kyoot test: ✔ a continuation may only be resumed once (0.118125ms)
packages/kyoot test: ✔ a resume saved from one operation cannot answer a later operation (0.133333ms)
packages/kyoot test: ✔ a resume.with saved from one operation cannot answer a later operation (0.131166ms)
packages/kyoot test: ✔ a resume token saved from one operation cannot answer a later operation (0.131083ms)
packages/kyoot test: ✔ a resume.with token saved from one operation cannot answer a later operation (0.07ms)
packages/kyoot test: ✔ a continuation held past its op still answers that op (0.072209ms)
packages/kyoot test: ✔ a handler that resumes zero times short-circuits (0.047292ms)
packages/kyoot test: ✔ an op escaping a yielded handler node keeps the outer continuation (0.041458ms)
packages/kyoot test: ✔ a throw inside onOp goes to the same handler's onDefect (0.044959ms)
packages/kyoot test: ✔ resume.with continues the program at the op, where its own handlers see it (0.0515ms)
packages/kyoot test: ✔ intercept answers some ops and performs the rest for the handler outside (0.087916ms)
packages/kyoot test: ✔ intercept with a cell: state per run, fresh each run (0.086541ms)
packages/kyoot test: ✔ Clock, Log, and Random intercept: scale time, redact, fix the dice (0.155ms)
packages/kyoot test: ✔ Clock.intercept caps real sleeps under runPromise (4.9665ms)
packages/kyoot test: ✔ Emit and Sync intercept: rewrite values, wrap thunks (0.272458ms)
packages/kyoot test: ✔ Fail.intercept sees a failure on its way out and passes it on (0.761833ms)
packages/kyoot test: ✔ Env intercept wraps the service the handler outside provides (0.216959ms)
packages/kyoot test: ✔ Var intercept validates a set; the failure lands at the set (0.2085ms)
packages/kyoot test: ✔ Resource intercept sees each acquire (0.226416ms)
packages/kyoot test: ✔ Async intercept sees every async op; a fiber forked through it keeps the frames inside (0.428042ms)
packages/kyoot test: ✔ Env: provide answers the service key (0.599959ms)
packages/kyoot test: ✔ Env: tags yield directly (0.08575ms)
packages/kyoot test: ✔ Env: multiple services get distinct keys (0.070917ms)
packages/kyoot test: ✔ Var: get/set/update (0.328417ms)
packages/kyoot test: ✔ Var: same-typed tags stay independent (0.11425ms)
packages/kyoot test: ✔ Var: nested scopes shadow and restore (0.084ms)
packages/kyoot test: ✔ Var: each execution gets a fresh state frame (0.069208ms)
packages/kyoot test: ✔ Emit.collect collects everything emitted (0.081125ms)
packages/kyoot test: ✔ Emit.forEach consumes values as they happen (0.102875ms)
packages/kyoot test: ✔ Emit.discard drops the stream (0.076458ms)
packages/kyoot test: ✔ Sync.defer is lazy and Sync.run discharges it (0.069166ms)
packages/kyoot test: ✔ Sync.defer: a throwing thunk is a defect, not a typed failure (0.206333ms)
packages/kyoot test: ✔ Env: provide(make) runs the program, which may use a handler outside (4.16925ms)
packages/kyoot test: ✔ Env: provide(make) runs once per run, however often the service is used (0.138375ms)
packages/kyoot test: ✔ Env: a resource the program opens is released after the program (0.432542ms)
packages/kyoot test: ✔ Env: a program that fails fails the whole program (0.143834ms)
packages/kyoot test: ✔ Env: intercept wraps a provided service (0.124959ms)
packages/kyoot test: ✔ Fail.run: success becomes Result.ok (4.174583ms)
packages/kyoot test: ✔ Fail.run: typed failure becomes Result with a Fail cause (0.378625ms)
packages/kyoot test: ✔ Fail.run: a defect lands in the defect channel, not the error channel (0.329291ms)
packages/kyoot test: ✔ defects bypass Fail.catchAll (0.335625ms)
packages/kyoot test: ✔ Fail.catchAll replaces a typed failure with a new computation (0.169125ms)
packages/kyoot test: ✔ Fail.orThrow throws the error value at the edge (0.210167ms)
packages/kyoot test: ✔ handler order: Var before Fail is transactional — failure carries no state (0.361625ms)
packages/kyoot test: ✔ handler order: Fail before Var — state survives failure (0.244083ms)
packages/kyoot test: ✔ Fail.catchTag: handles one tag and re-fails the rest (0.255875ms)
packages/kyoot test: ✔ Fail.mapError: rewrites the failure (0.110958ms)
packages/kyoot test: ✔ generator: finally runs when Fail.run drops the continuation (0.859292ms)
packages/kyoot test: ✔ generator: catchAll recovers, then the dropped frame closes (0.14275ms)
packages/kyoot test: ✔ generator: finally runs when Fail.orThrow drops the continuation (0.186334ms)
packages/kyoot test: ✔ generator: finally runs when a custom handler answers without resuming (0.068375ms)
packages/kyoot test: ✔ generator: nested generators close innermost first (0.074083ms)
packages/kyoot test: ✔ generator: a defect closes the frames it unwinds past (0.087833ms)
packages/kyoot test: ✔ generator: finally still runs on normal completion and on a thrown error (0.0995ms)
packages/kyoot test: ✔ generator: finally runs before an outer Resource releases (0.191667ms)
packages/kyoot test: ✔ generator: a finally that yields is a defect, not half-run cleanup (0.100875ms)
packages/kyoot test: ✔ generator: a finally that throws surfaces after the rest of the cleanup (0.11875ms)
packages/kyoot test: ✔ generator: an unhandled effect at the edge closes the frame (0.081208ms)
packages/kyoot test: ✔ generator: finally runs when a fiber is interrupted (0.369042ms)
packages/kyoot test: ✔ generator: a drop that ends in an unhandled effect still closes the frame (0.074667ms)
packages/kyoot test: ✔ generator: a claimed continuation that never lands closes too (0.064458ms)
packages/kyoot test: ✔ generator: frames queued behind a cleanup program close when the machine stops (7.165208ms)
packages/kyoot test: ✔ generator: an outer finally that throws replaces the inner one's error (0.090959ms)
packages/kyoot test: ✔ generator: the outer error also wins when the machine stops with a stack (0.071291ms)
packages/kyoot test: ✔ generator: a handler that discards the resume token still drops the continuation (0.075042ms)
packages/kyoot test: ✔ generator: a token saved past a closed continuation cannot restore it (0.09675ms)
packages/kyoot test: ✔ generator: a frame queued inside a dropped continuation closes too (0.114ms)
packages/kyoot test: ✔ generator: a dropped cleanup plan still reports the error its finally raised (0.104084ms)
packages/kyoot test: ✔ Log.collect gathers entries in order (1.034834ms)
packages/kyoot test: ✔ Log.discard drops them (0.088459ms)
packages/kyoot test: ✔ Random.seeded is deterministic and in range (0.866792ms)
packages/kyoot test: ✔ Random.live draws from Math.random (5.929375ms)
packages/kyoot test: ✔ Resource: release runs on success (0.91875ms)
packages/kyoot test: ✔ Resource: sync releases on an unhandled effect (0.253833ms)
packages/kyoot test: ✔ Resource: fiber releases on an unhandled effect (0.226541ms)
packages/kyoot test: ✔ Resource: a typed release failure does not skip older finalizers (0.171792ms)
packages/kyoot test: ✔ Resource: the body defect wins over typed release failures (0.117708ms)
packages/kyoot test: ✔ Resource: finalizers run in LIFO order (0.074709ms)
packages/kyoot test: ✔ Resource: release runs on typed failure (Resource outside Fail) (0.096083ms)
packages/kyoot test: ✔ Resource: release runs on defect (0.08375ms)
packages/kyoot test: ✔ Resource: a finalizer may be a program (runs on success) (11.362792ms)
packages/kyoot test: ✔ Resource: program finalizers run on defect and the defect wins (6.0955ms)
packages/kyoot test: ✔ Resource: program finalizers run to completion on interrupt (12.329042ms)
packages/kyoot test: ✔ a rejected async op is a defect that handlers see (0.165708ms)
packages/kyoot test: ✔ Resource: an acquire that throws releases what the scope already holds (0.077459ms)
packages/kyoot test: ✔ Resource inside Fail.run: a failure still releases (0.115375ms)
packages/kyoot test: ✔ Resource inside catchAll: the recovery runs, then the scope is released (0.080666ms)
packages/kyoot test: ✔ Resource inside a catchTag that passes the failure on: the outer catch releases (0.070208ms)
packages/kyoot test: ✔ a handler that performs an op and then does not resume releases after its op (0.063666ms)
packages/kyoot test: ✔ a handler that resumes does not release early (0.084ms)
packages/kyoot test: ✔ a handler that claims a resume token and discards it still releases (0.048916ms)
packages/kyoot test: ✔ a handler that claims a resume.with token and discards it still releases (0.051417ms)
packages/kyoot test: ✔ a discarded resume token releases nested captured resources, innermost first (0.081042ms)
packages/kyoot test: ✔ a discarded resume token releases a captured resource whose finalizer is async (0.071833ms)
packages/kyoot test: ✔ a resume token returned later in the handler's program still resumes (0.052958ms)
packages/kyoot test: ✔ Retry: re-runs until success, sleeping between attempts (0.946666ms)
packages/kyoot test: ✔ Retry: gives up after `times` retries with the last failure (0.134584ms)
packages/kyoot test: ✔ Retry: gives up when `while` rejects the failure (0.077834ms)
packages/kyoot test: ✔ Retry: defects are not retried (0.228333ms)
packages/kyoot test: ✔ Retry: works under runPromise with the real clock (5.57175ms)
packages/kyoot test: ✔ Emit.fromIterable + map + run (1.201916ms)
packages/kyoot test: ✔ Emit.forEach with an effectful callback (0.133959ms)
packages/kyoot test: ✔ Emit.fromAsyncIterable → toAsyncIterable round trip (0.491583ms)
packages/kyoot test: ✔ fromAsyncIterable removes settled abort listeners (0.409833ms)
packages/kyoot test: ✔ toAsyncIterable: breaking early interrupts the producer (0.194375ms)
packages/kyoot test: ✔ toAsyncIterable: a defect in the producer rejects the consumer (0.107584ms)
packages/kyoot test: ✔ toAsyncIterable: the producer runs at most `buffer` items ahead (0.369833ms)
packages/kyoot test: ✔ toAsyncIterable: breaking while the producer is parked interrupts it (0.165458ms)
packages/kyoot test: ✔ toAsyncIterable: a producer that throws undefined rejects the consumer (0.093208ms)
packages/kyoot test: ✔ toAsyncIterable: a defect after an emission delivers the item, then rejects (0.09675ms)
packages/kyoot test: ✔ toAsyncIterable: an empty stream still completes (0.074416ms)
packages/kyoot test: ✔ toAsyncIterable: a producer that throws null rejects the consumer (0.064583ms)
packages/kyoot test: ✔ toAsyncIterable: a producer that throws 0 rejects the consumer (0.043583ms)
packages/kyoot test: ✔ toAsyncIterable: a producer that throws false rejects the consumer (0.033334ms)
packages/kyoot test: ✔ toAsyncIterable: a producer that throws "" rejects the consumer (0.042125ms)
packages/kyoot test: ℹ tests 201
packages/kyoot test: ℹ suites 0
packages/kyoot test: ℹ pass 201
packages/kyoot test: ℹ fail 0
packages/kyoot test: ℹ cancelled 0
packages/kyoot test: ℹ skipped 0
packages/kyoot test: ℹ todo 0
packages/kyoot test: ℹ duration_ms 429.418833
packages/kyoot test: Done
packages/platform test$ node --test test/*.test.ts
packages/registry test$ node --test test/*.test.ts
packages/ai test$ node --test test/*.test.ts
packages/registry test: ✔ interrupted use releases setup before its caller settles and cannot reactivate (6.479416ms)
packages/registry test: ✔ each evaluation of one use program has its own registration (0.366666ms)
packages/registry test: ✔ rapid provider churn keeps activations balanced (3.068083ms)
packages/registry test: ✔ synchronous root finalizers do not lose notify transitions (3.5795ms)
packages/registry test: ✔ a component activates when its dependencies appear (2.157917ms)
packages/registry test: ✔ withdrawing a provider tears down dependents first (0.318833ms)
packages/registry test: ✔ hot swap: a replacement provider reactivates dependents on the new value (4.748417ms)
packages/registry test: ✔ a root binding counts as a provider (0.235042ms)
packages/registry test: ✔ a component whose setup throws is inactive with the error, and others keep working (2.518833ms)
packages/registry test: ✔ dispose unloads in reverse order (0.288208ms)
packages/registry test: ✔ a dependency chain stops and starts in dependency order (1.63625ms)
packages/registry test: ✔ a diamond dependent changes state once for each missing edge (0.283916ms)
packages/registry test: ✔ a component waits until all injected tags are present (0.218166ms)
packages/registry test: ✔ a target flip during setup releases partial resources (0.22025ms)
packages/registry test: ✔ failed setup releases resources, preserves peers, and retries after a target flip (0.345208ms)
packages/registry test: ✔ use waits for setup to land (0.274583ms)
packages/registry test: ✔ a root binding is withdrawn when its resource scope ends (0.117375ms)
packages/registry test: ✔ dispose waits for an in-flight setup and leaves no resources (0.169416ms)
packages/registry test: ✔ remove is idempotent and does not orphan another component (0.255167ms)
packages/registry test: ✔ interrupting a registry program releases components in reverse order (0.274416ms)
packages/registry test: ✔ two registries do not share bindings (0.19075ms)
packages/registry test: ✔ a duplicate provider fails its setup and leaves the first binding alone (0.827625ms)
packages/registry test: ✔ a binding becomes visible only when its provider lands (0.32275ms)
packages/registry test: ℹ tests 23
packages/registry test: ℹ suites 0
packages/registry test: ℹ pass 23
packages/registry test: ℹ fail 0
packages/registry test: ℹ cancelled 0
packages/registry test: ℹ skipped 0
packages/registry test: ℹ todo 0
packages/registry test: ℹ duration_ms 259.871959
packages/registry test: Done
packages/ai test: ✔ ask: runs tool calls as effects and feeds results back (3.548958ms)
packages/ai test: ✔ gen: decodes the answer tool, sending bad arguments back (0.858416ms)
packages/ai test: ✔ ask: gives up with TooManyRounds (0.357667ms)
packages/ai test: ✔ generate: one shot, returns the new messages (0.078834ms)
packages/ai test: ✔ instances keep history; agents compose as tools with their own model (0.3905ms)
packages/ai test: ✔ modes: system prompts and config layer around the model (0.1465ms)
packages/ai test: ✔ events: text from the provider, calls and results from the loop (0.162959ms)
packages/ai test: ✔ approval is an effect the tool performs (0.217791ms)
packages/ai test: ✔ a tool's typed failure goes back to the model, not up the stack (0.169708ms)
packages/ai test: ✔ void tools produce string receipts (0.157625ms)
packages/ai test: ✔ structured output rejects reserved tool names before execution (0.279666ms)
packages/ai test: ✔ chatCompletions cancels an open body after malformed calls (17.678875ms)
packages/ai test: ✔ chatCompletions interruption cancels a pending stream read (0.779083ms)
packages/ai test: ✔ chatCompletions streams text, a split tool call, and usage (1.114458ms)
packages/ai test: ✔ chatCompletions retries 429 with virtual backoff (1.125042ms)
packages/ai test: ✔ chatCompletions does not retry 401 (0.205875ms)
packages/ai test: ✔ chatCompletions rejects oversized call index (0.259834ms)
packages/ai test: ✔ chatCompletions rejects missing preceding call index (0.57975ms)
packages/ai test: ✔ chatCompletions rejects non-string name fragment (0.527042ms)
packages/ai test: ✔ chatCompletions rejects non-string argument fragment (0.480291ms)
packages/ai test: ✔ chatCompletions rejects conflicting call ids (0.917667ms)
packages/ai test: ✔ chatCompletions rejects duplicate assembled call ids (0.773542ms)
packages/ai test: ✔ chatCompletions rejects non-object chunk (0.152959ms)
packages/ai test: ✔ chatCompletions rejects non-array choices (0.0955ms)
packages/ai test: ✔ chatCompletions rejects null choice (1.330458ms)
packages/ai test: ✔ chatCompletions rejects non-object delta (0.123709ms)
packages/ai test: ✔ chatCompletions rejects non-array tool calls (0.959333ms)
packages/ai test: ✔ chatCompletions rejects null tool call (1.059041ms)
packages/ai test: ✔ chatCompletions rejects non-string content (0.100708ms)
packages/ai test: ✔ chatCompletions rejects invalid usage (0.083292ms)
packages/ai test: ✔ chatCompletions rejects truncated stream (0.722333ms)
packages/ai test: ✔ chatCompletions rejects missing call id (0.149291ms)
packages/ai test: ✔ chatCompletions rejects missing call name (0.106834ms)
packages/ai test: ✔ chatCompletions rejects invalid call index (0.079334ms)
packages/ai test: ✔ sse: parses data events split across chunks and stops at [DONE] (8.1205ms)
packages/ai test: ✔ sse: ends lines on CRLF, CR, and LF (0.553583ms)
packages/ai test: ✔ sse: a CR at the end of a chunk ends one line, CRLF or not (0.327375ms)
packages/ai test: ✔ sse: ignores comment lines (1.204084ms)
packages/ai test: ✔ sse: keeps the data of an event that has other fields (0.327ms)
packages/ai test: ✔ sse: joins data lines with newlines, and a bare data line adds one (0.132917ms)
packages/ai test: ✔ sse: yields nothing for an event with no data (0.1715ms)
packages/ai test: ✔ sse: discards data the stream never terminates with a blank line (0.126959ms)
packages/ai test: ✔ sse: stops at [DONE] with or without the leading space (0.1215ms)
packages/ai test: ✔ sse: decodes a multi-byte character split across chunks (0.158084ms)
packages/ai test: ✔ structured output records every call in answer, write (11.920125ms)
packages/ai test: ✔ structured output records every call in write, answer (0.340167ms)
packages/ai test: ✔ the first valid answer wins while later answers and tools receive receipts (0.44875ms)
packages/ai test: ✔ an undefined structured answer is retained until later tools finish (0.421875ms)
packages/ai test: ✔ a retained answer survives later approval and result notification failures (2.06675ms)
packages/ai test: ✔ an answer does not bypass a later denied tool (0.269916ms)
packages/ai test: ✔ an answer does not bypass a later failed tool (0.154458ms)
packages/ai test: ✔ a later unknown tool outcome prevents publishing the retained answer (0.274916ms)
packages/ai test: ✔ accepted completions are isolated from later provider mutation (0.22525ms)
packages/ai test: ✔ event consumers cannot mutate accepted tool calls (0.28625ms)
packages/ai test: ✔ pending calls use the accepted completion after a notification failure (0.209875ms)
packages/ai test: ✔ AI.discard releases a failed ask convenience turn (0.203375ms)
packages/ai test: ✔ AI.discard releases a failed gen convenience turn (0.148667ms)
packages/ai test: ✔ AI.discard rejects an active convenience turn and leaves it running (0.851583ms)
packages/ai test: ✔ whole-turn Retry retains successful tool receipts and one prompt (2.992167ms)
packages/ai test: ✔ failure of the first model request does not duplicate the prompt (0.16675ms)
packages/ai test: ✔ direct generate retains completed model and receipts (0.301041ms)
packages/ai test: ✔ failed notification preserves model completion and earlier tool receipts (0.271916ms)
packages/ai test: ✔ a failing call notification does not lose the stored completion (0.224125ms)
packages/ai test: ✔ tool defects retain an unknown outcome and never repeat the action (0.301958ms)
packages/ai test: ✔ concurrent turns and concurrent runs fail before changing the conversation (0.456291ms)
packages/ai test: ✔ failed turns retain ownership until explicit discard (0.13775ms)
packages/ai test: ✔ history is a frozen snapshot (0.099333ms)
packages/ai test: ✔ an interrupted action stays unknown and releases the running guard (0.627792ms)
packages/ai test: ✔ approval is retained separately when a later notification fails (0.546583ms)
packages/ai test: ✔ earlier receipts survive an unknown later tool in the same completion (0.48075ms)
packages/ai test: ✔ turn construction snapshots the tool list for later execution (0.30675ms)
packages/ai test: ℹ tests 71
packages/ai test: ℹ suites 0
packages/ai test: ℹ pass 71
packages/ai test: ℹ fail 0
packages/ai test: ℹ cancelled 0
packages/ai test: ℹ skipped 0
packages/ai test: ℹ todo 0
packages/ai test: ℹ duration_ms 316.726291
packages/ai test: Done
packages/platform test: ✔ command: interrupt stops a ready child before its delayed side effect (739.003459ms)
packages/platform test: ✔ command: stdout has a default byte bound (109.041959ms)
packages/platform test: ✔ command: stdout respects a smaller byte bound (67.744791ms)
packages/platform test: ✔ command: stdout accepts larger output with a larger bounded allowance (69.360708ms)
packages/platform test: ✔ command: stderr has a default byte bound (67.223375ms)
packages/platform test: ✔ command: stderr respects a smaller byte bound (69.542084ms)
packages/platform test: ✔ command: stderr accepts larger output with a larger bounded allowance (69.080542ms)
packages/platform test: ✔ command: each stream can fill its default allowance independently (69.01575ms)
packages/platform test: ✔ command: an exact custom UTF-8 byte allowance succeeds (68.3515ms)
packages/platform test: ✔ command: zero allowance accepts only empty output (132.839167ms)
packages/platform test: ✔ command: output allowances must be bounded integer byte counts (0.213125ms)
packages/platform test: ✔ command: exit code and output (66.567125ms)
packages/platform test: ✔ command: stdin, cwd, env (67.569ms)
packages/platform test: ✔ command: a program that cannot start is a CommandError (1.541ms)
packages/platform test: ✔ command: a fake handler (0.062792ms)
packages/platform test: ✔ the same program runs against the in-memory file system (12.547916ms)
packages/platform test: ✔ and against the real one (7.899791ms)
packages/platform test: ✔ memory: errors carry codes (0.777125ms)
packages/platform test: ✔ memory: recursive mkdir does not replace a file (0.164625ms)
packages/platform test: ✔ node: errors carry codes (0.742667ms)
packages/platform test: ✔ node: exists returns false when a path component is not a directory (1.316333ms)
packages/platform test: ✔ rename refuses a directory descendant /d/sub/moved without changing the tree (81.190042ms)
packages/platform test: ✔ rename refuses a directory descendant /d/sub/../sub/moved without changing the tree (10.047666ms)
packages/platform test: ✔ memory: rename to the same normalized path is a no-op (0.219167ms)
packages/platform test: ✔ rename refuses file over directory without changing files (6.002417ms)
packages/platform test: ✔ rename refuses directory over file without changing files (4.326834ms)
packages/platform test: ✔ rename refuses directory over nonempty directory without changing files (5.960625ms)
packages/platform test: ✔ memory: directory rename replaces an empty destination and preserves the moved subtree (0.20375ms)
packages/platform test: ✔ memory: sibling names with a shared prefix are not descendants (0.053958ms)
packages/platform test: ✔ memory: file rename replaces an existing file (0.121334ms)
packages/platform test: ✔ a failure lands at the op, where the program's own catch sees it (3.748375ms)
packages/platform test: ✔ handlers between the program and the file system see every op (3.289083ms)
packages/platform test: ✔ confine takes the paths a prefix test lets through (0.493916ms)
packages/platform test: ✔ confine checks the destination of a rename, and takes an absolute POSIX root (0.384084ms)
packages/platform test: ℹ tests 34
packages/platform test: ℹ suites 0
packages/platform test: ℹ pass 34
packages/platform test: ℹ fail 0
packages/platform test: ℹ cancelled 0
packages/platform test: ℹ skipped 0
packages/platform test: ℹ todo 0
packages/platform test: ℹ duration_ms 1886.946791
packages/platform test: Done
