Scope: all 6 workspace projects
✓ Lockfile passes supply-chain policies (verified 18m ago)
Lockfile is up to date, resolution step is skipped
Already up to date

Done in 124ms using pnpm v11.13.0
$ pnpm format:check && pnpm lint && pnpm typecheck && pnpm test
$ oxfmt --check .
Checking formatting...

All matched files use the correct format.
Finished in 124ms on 96 files using 10 threads.
$ oxlint
$ pnpm -r typecheck
Scope: 5 of 6 workspace projects
packages/kyoot typecheck$ tsc -p tsconfig.json
packages/kyoot typecheck: Done
packages/bench typecheck$ tsc -p tsconfig.json
packages/platform typecheck$ tsc -p tsconfig.json
packages/ai typecheck$ tsc -p tsconfig.json
packages/registry typecheck$ tsc -p tsconfig.json
packages/registry typecheck: Done
packages/bench typecheck: Done
packages/platform typecheck: Done
packages/ai typecheck: Done
$ pnpm -r test
Scope: 5 of 6 workspace projects
packages/kyoot test$ node --test test/*.test.ts
packages/kyoot test: ✔ fromPromise resolves through runPromise (0.748959ms)
packages/kyoot test: ✔ fromPromise exposes an AbortSignal from day one (0.087167ms)
packages/kyoot test: ✔ fromPromise sends a synchronous throw to Fail.run as a defect (0.16ms)
packages/kyoot test: ✔ fork/join: a fiber is an independent interpreter loop (10.832833ms)
packages/kyoot test: ✔ concurrent fibers may yield the same node (1.007875ms)
packages/kyoot test: ✔ fiber.await returns a Result instead of throwing (1.712833ms)
packages/kyoot test: ✔ race: first to complete wins (5.330334ms)
packages/kyoot test: ✔ timeout: a slow computation fails with a typed Timeout (6.661416ms)
packages/kyoot test: ✔ timeout: a fast computation wins (5.640583ms)
packages/kyoot test: ✔ timeout inside a gen resumes the surrounding computation (5.57475ms)
packages/kyoot test: ✔ runPromise surfaces defects as rejections (1.811417ms)
packages/kyoot test: ✔ runPromise on an unhandled non-async effect rejects loudly (0.131667ms)
packages/kyoot test: ✔ runSync rejects an async op at runtime (0.06675ms)
packages/kyoot test: ✔ interrupt: finalizers run and await reports Interrupted (0.263542ms)
packages/kyoot test: ✔ structured concurrency: a completed parent interrupts its children (0.101292ms)
packages/kyoot test: ✔ interrupt: stale wait may resolve before async cleanup (0.164125ms)
packages/kyoot test: ✔ interrupt: stale wait may reject before async cleanup (0.07675ms)
packages/kyoot test: ✔ interrupt: stale wait may resolve after async cleanup (0.078833ms)
packages/kyoot test: ✔ interrupt: stale wait may reject after async cleanup (0.062541ms)
packages/kyoot test: ✔ all: results come back in input order, not completion order (21.786292ms)
packages/kyoot test: ✔ all: branches run concurrently (22.596417ms)
packages/kyoot test: ✔ all: empty array resolves immediately (0.640583ms)
packages/kyoot test: ✔ all: NaN concurrency runs every branch (0.280042ms)
packages/kyoot test: ✔ all: first failure interrupts the rest and runs their finalizers (6.146583ms)
packages/kyoot test: ✔ all: interrupting the parent interrupts every branch (12.901042ms)
packages/kyoot test: ✔ race interrupts the loser and runs its finalizers (6.267083ms)
packages/kyoot test: ✔ timeout interrupts the branch and runs its finalizers (5.736833ms)
packages/kyoot test: ✔ fromPromise's signal fires on interruption (0.163ms)
packages/kyoot test: ✔ joining an interrupted fiber interrupts the joiner (0.083708ms)
packages/kyoot test: ✔ all: concurrency limit bounds in-flight fibers and keeps order (17.46425ms)
packages/kyoot test: ✔ all: a failure stops scheduling the rest (2.588208ms)
packages/kyoot test: ✔ fork: a fiber sees the Env provided outside the fork (0.204583ms)
packages/kyoot test: ✔ fork: Log.collect around the fork gathers the fiber's entries (0.119125ms)
packages/kyoot test: ✔ fork: Emit.collect around the fork collects what fibers emit (0.101167ms)
packages/kyoot test: ✔ fork: a collecting handler is fresh per run, even when forked into (0.084875ms)
packages/kyoot test: ✔ fork: a typed failure in the fiber crosses join as a fail op (0.436209ms)
packages/kyoot test: ✔ fork: fiber.await reports a typed failure as a Fail cause (0.122042ms)
packages/kyoot test: ✔ race: a failing branch that finishes first fails the race, typed (1.439792ms)
packages/kyoot test: ✔ all: a typed failure in one branch fails the whole, and the rest are interrupted (1.420958ms)
packages/kyoot test: ✔ fork: Resource.run outside the fork gives the fiber a scope of its own (1.85925ms)
packages/kyoot test: ✔ fork: Clock.virtual outside the fork makes the fiber's sleeps instant (0.186958ms)
packages/kyoot test: ✔ fork: a copied handler that returns instead of resuming is a defect (0.115291ms)
packages/kyoot test: ✔ fork: a handler marked fork: none stops at the fiber, loudly (0.10875ms)
packages/kyoot test: ✔ fork: a copied handler that fails in its own scope fails the fiber, typed (0.128292ms)
packages/kyoot test: ✔ fork: a typed failure still ends the fiber's own scope (0.098ms)
packages/kyoot test: ✔ fork: a user effect handled outside the fork answers inside it (0.083125ms)
packages/kyoot test: ✔ scheduler: a hot loop in one fiber does not starve a sleeper (13.440875ms)
packages/kyoot test: ✔ scheduler: a hot loop can be interrupted (1.025583ms)
packages/kyoot test: ✔ scheduler: runSync never yields (1.698125ms)
packages/kyoot test: ✔ scheduler: yields keep handler state and continuations (5.001625ms)
packages/kyoot test: ✔ mapPromise keeps input order and hands each callback its index (8.839958ms)
packages/kyoot test: ✔ forEachPromise runs one item at a time and returns void (2.590542ms)
packages/kyoot test: ✔ reducePromise threads the accumulator in order (0.101125ms)
packages/kyoot test: ✔ a rejected batch callback is a defect, like fromPromise (0.084792ms)
packages/kyoot test: ✔ Async.intercept sees one operation for a whole batch (0.1985ms)
packages/kyoot test: ✔ interruption stops a batch before the next item starts (20.922042ms)
packages/kyoot test: ✔ a pending batch callback sees the operation's abort signal (0.106417ms)
packages/kyoot test: ✔ a batch takes the source's length once, so a callback cannot extend it (0.098916ms)
packages/kyoot test: ✔ pure handlers run the whole checkout under runSync (0.938584ms)
packages/kyoot test: ✔ events stream out in order; success is Result.ok (0.2775ms)
packages/kyoot test: ✔ out of stock is a typed failure from checkout itself (0.149334ms)
packages/kyoot test: ✔ a declined card is a typed failure introduced by the payments handler (0.152167ms)
packages/kyoot test: ✔ orThrow surfaces a typed failure as a throw (0.186875ms)
packages/kyoot test: ✔ Clock.virtual: sleeps finish at once and add up (21.997042ms)
packages/kyoot test: ✔ Clock.virtual: time is per run, not shared (0.1455ms)
packages/kyoot test: ✔ runPromise serves the clock with real time (37.948958ms)
packages/kyoot test: ✔ a nearer virtual clock wins over the driver's real one (0.372166ms)
packages/kyoot test: ✔ a forked fiber gets the real clock, and interrupt cancels its sleep (0.805167ms)
packages/kyoot test: ✔ map keeps a returned Kyoot as a value (0.565667ms)
packages/kyoot test: ✔ flatMap sequences a returned Kyoot (0.073417ms)
packages/kyoot test: ✔ map chains are trampolined: 100k maps, no stack overflow (41.80575ms)
packages/kyoot test: ✔ pipe threads the computation through functions (0.107833ms)
packages/kyoot test: ✔ gen: yield* plain values and sub-computations (0.125167ms)
packages/kyoot test: ✔ gen isolates repeated, nested, and separate runs (0.374292ms)
packages/kyoot test: ✔ gen keeps direct yield resumption unchanged (0.057625ms)
packages/kyoot test: ✔ gen with an effect, handled (0.193125ms)
packages/kyoot test: ✔ a throw inside map is a defect and surfaces at the edge as-is (0.180375ms)
packages/kyoot test: ✔ a throw inside a gen body is a defect (0.09275ms)
packages/kyoot test: ✔ runSync on an unhandled effect fails loudly at runtime (0.059ms)
packages/kyoot test: ✔ a continuation dropped by its handler cannot be resumed later (0.140625ms)
packages/kyoot test: ✔ a resume token discarded by its handler cannot be run later (0.079ms)
packages/kyoot test: ✔ a continuation may only be resumed once (0.065708ms)
packages/kyoot test: ✔ a resume saved from one operation cannot answer a later operation (0.070792ms)
packages/kyoot test: ✔ a resume.with saved from one operation cannot answer a later operation (0.115875ms)
packages/kyoot test: ✔ a resume token saved from one operation cannot answer a later operation (0.06075ms)
packages/kyoot test: ✔ a resume.with token saved from one operation cannot answer a later operation (0.049ms)
packages/kyoot test: ✔ a continuation held past its op still answers that op (0.049583ms)
packages/kyoot test: ✔ a handler that resumes zero times short-circuits (0.04375ms)
packages/kyoot test: ✔ an op escaping a yielded handler node keeps the outer continuation (0.040334ms)
packages/kyoot test: ✔ a throw inside onOp goes to the same handler's onDefect (0.037ms)
packages/kyoot test: ✔ resume.with continues the program at the op, where its own handlers see it (0.057042ms)
packages/kyoot test: ✔ intercept answers some ops and performs the rest for the handler outside (0.090834ms)
packages/kyoot test: ✔ intercept with a cell: state per run, fresh each run (0.115125ms)
packages/kyoot test: ✔ Clock, Log, and Random intercept: scale time, redact, fix the dice (0.175334ms)
packages/kyoot test: ✔ Clock.intercept caps real sleeps under runPromise (2.775541ms)
packages/kyoot test: ✔ Emit and Sync intercept: rewrite values, wrap thunks (0.142167ms)
packages/kyoot test: ✔ Fail.intercept sees a failure on its way out and passes it on (0.144209ms)
packages/kyoot test: ✔ Env intercept wraps the service the handler outside provides (0.098416ms)
packages/kyoot test: ✔ Var intercept validates a set; the failure lands at the set (0.106041ms)
packages/kyoot test: ✔ Resource intercept sees each acquire (0.107667ms)
packages/kyoot test: ✔ Async intercept sees every async op; a fiber forked through it keeps the frames inside (0.229667ms)
packages/kyoot test: ✔ Env: provide answers the service key (0.620125ms)
packages/kyoot test: ✔ Env: tags yield directly (0.092625ms)
packages/kyoot test: ✔ Env: multiple services get distinct keys (0.103833ms)
packages/kyoot test: ✔ Var: get/set/update (0.351292ms)
packages/kyoot test: ✔ Var: same-typed tags stay independent (2.822125ms)
packages/kyoot test: ✔ Var: nested scopes shadow and restore (0.196917ms)
packages/kyoot test: ✔ Var: each execution gets a fresh state frame (0.149417ms)
packages/kyoot test: ✔ Emit.collect collects everything emitted (0.106125ms)
packages/kyoot test: ✔ Emit.forEach consumes values as they happen (0.094042ms)
packages/kyoot test: ✔ Emit.discard drops the stream (0.080125ms)
packages/kyoot test: ✔ Sync.defer is lazy and Sync.run discharges it (0.066375ms)
packages/kyoot test: ✔ Sync.defer: a throwing thunk is a defect, not a typed failure (0.22225ms)
packages/kyoot test: ✔ Env: provide(make) runs the program, which may use a handler outside (3.739959ms)
packages/kyoot test: ✔ Env: provide(make) runs once per run, however often the service is used (0.449041ms)
packages/kyoot test: ✔ Env: a resource the program opens is released after the program (0.545834ms)
packages/kyoot test: ✔ Env: a program that fails fails the whole program (0.17425ms)
packages/kyoot test: ✔ Env: intercept wraps a provided service (0.134708ms)
packages/kyoot test: ✔ Fail.run: success becomes Result.ok (1.573125ms)
packages/kyoot test: ✔ Fail.run: typed failure becomes Result with a Fail cause (0.373542ms)
packages/kyoot test: ✔ Fail.run: a defect lands in the defect channel, not the error channel (0.408792ms)
packages/kyoot test: ✔ defects bypass Fail.catchAll (0.200792ms)
packages/kyoot test: ✔ Fail.catchAll replaces a typed failure with a new computation (0.095833ms)
packages/kyoot test: ✔ Fail.orThrow throws the error value at the edge (0.073875ms)
packages/kyoot test: ✔ handler order: Var before Fail is transactional — failure carries no state (0.146875ms)
packages/kyoot test: ✔ handler order: Fail before Var — state survives failure (0.074166ms)
packages/kyoot test: ✔ Fail.catchTag: handles one tag and re-fails the rest (0.469875ms)
packages/kyoot test: ✔ Fail.mapError: rewrites the failure (0.222542ms)
packages/kyoot test: ✔ generator: finally runs when Fail.run drops the continuation (1.448875ms)
packages/kyoot test: ✔ generator: catchAll recovers, then the dropped frame closes (0.170792ms)
packages/kyoot test: ✔ generator: finally runs when Fail.orThrow drops the continuation (0.197291ms)
packages/kyoot test: ✔ generator: finally runs when a custom handler answers without resuming (0.067084ms)
packages/kyoot test: ✔ generator: nested generators close innermost first (0.072209ms)
packages/kyoot test: ✔ generator: a defect closes the frames it unwinds past (0.094625ms)
packages/kyoot test: ✔ generator: finally still runs on normal completion and on a thrown error (0.086833ms)
packages/kyoot test: ✔ generator: finally runs before an outer Resource releases (0.2045ms)
packages/kyoot test: ✔ generator: a finally that yields is a defect, not half-run cleanup (0.10575ms)
packages/kyoot test: ✔ generator: a finally that throws surfaces after the rest of the cleanup (0.128584ms)
packages/kyoot test: ✔ generator: an unhandled effect at the edge closes the frame (0.08475ms)
packages/kyoot test: ✔ generator: finally runs when a fiber is interrupted (0.427416ms)
packages/kyoot test: ✔ generator: a drop that ends in an unhandled effect still closes the frame (5.657292ms)
packages/kyoot test: ✔ generator: a claimed continuation that never lands closes too (0.32ms)
packages/kyoot test: ✔ generator: frames queued behind a cleanup program close when the machine stops (0.815541ms)
packages/kyoot test: ✔ generator: an outer finally that throws replaces the inner one's error (0.215709ms)
packages/kyoot test: ✔ generator: the outer error also wins when the machine stops with a stack (0.091583ms)
packages/kyoot test: ✔ generator: a handler that discards the resume token still drops the continuation (0.880042ms)
packages/kyoot test: ✔ generator: a token saved past a closed continuation cannot restore it (0.164041ms)
packages/kyoot test: ✔ generator: a frame queued inside a dropped continuation closes too (0.145333ms)
packages/kyoot test: ✔ generator: a dropped cleanup plan still reports the error its finally raised (0.121167ms)
packages/kyoot test: ✔ Log.collect gathers entries in order (1.705375ms)
packages/kyoot test: ✔ Log.discard drops them (0.193833ms)
packages/kyoot test: ✔ Random.seeded is deterministic and in range (0.905042ms)
packages/kyoot test: ✔ Random.live draws from Math.random (0.098459ms)
packages/kyoot test: ✔ Resource: release runs on success (4.786708ms)
packages/kyoot test: ✔ Resource: finalizers run in LIFO order (0.270708ms)
packages/kyoot test: ✔ Resource: release runs on typed failure (Resource outside Fail) (0.3575ms)
packages/kyoot test: ✔ Resource: release runs on defect (0.427791ms)
packages/kyoot test: ✔ Resource: a finalizer may be a program (runs on success) (12.286625ms)
packages/kyoot test: ✔ Resource: program finalizers run on defect and the defect wins (6.207541ms)
packages/kyoot test: ✔ Resource: program finalizers run to completion on interrupt (12.172583ms)
packages/kyoot test: ✔ a rejected async op is a defect that handlers see (0.186833ms)
packages/kyoot test: ✔ Resource: an acquire that throws releases what the scope already holds (0.113625ms)
packages/kyoot test: ✔ Resource inside Fail.run: a failure still releases (0.14575ms)
packages/kyoot test: ✔ Resource inside catchAll: the recovery runs, then the scope is released (0.109834ms)
packages/kyoot test: ✔ Resource inside a catchTag that passes the failure on: the outer catch releases (0.093209ms)
packages/kyoot test: ✔ a handler that performs an op and then does not resume releases after its op (0.065ms)
packages/kyoot test: ✔ a handler that resumes does not release early (0.070958ms)
packages/kyoot test: ✔ a handler that claims a resume token and discards it still releases (0.047584ms)
packages/kyoot test: ✔ a handler that claims a resume.with token and discards it still releases (0.054208ms)
packages/kyoot test: ✔ a discarded resume token releases nested captured resources, innermost first (0.07675ms)
packages/kyoot test: ✔ a discarded resume token releases a captured resource whose finalizer is async (0.076584ms)
packages/kyoot test: ✔ a resume token returned later in the handler's program still resumes (0.067459ms)
packages/kyoot test: ✔ Retry: re-runs until success, sleeping between attempts (0.985875ms)
packages/kyoot test: ✔ Retry: gives up after `times` retries with the last failure (0.257333ms)
packages/kyoot test: ✔ Retry: gives up when `while` rejects the failure (0.085875ms)
packages/kyoot test: ✔ Retry: defects are not retried (0.217292ms)
packages/kyoot test: ✔ Retry: works under runPromise with the real clock (5.561333ms)
packages/kyoot test: ✔ Emit.fromIterable + map + run (1.1165ms)
packages/kyoot test: ✔ Emit.forEach with an effectful callback (0.126917ms)
packages/kyoot test: ✔ Emit.fromAsyncIterable → toAsyncIterable round trip (0.639792ms)
packages/kyoot test: ✔ fromAsyncIterable removes settled abort listeners (1.312625ms)
packages/kyoot test: ✔ toAsyncIterable: breaking early interrupts the producer (0.286166ms)
packages/kyoot test: ✔ toAsyncIterable: a defect in the producer rejects the consumer (0.147875ms)
packages/kyoot test: ✔ toAsyncIterable: the producer runs at most `buffer` items ahead (0.435417ms)
packages/kyoot test: ✔ toAsyncIterable: breaking while the producer is parked interrupts it (0.356666ms)
packages/kyoot test: ✔ toAsyncIterable: a producer that throws undefined rejects the consumer (0.115333ms)
packages/kyoot test: ✔ toAsyncIterable: a defect after an emission delivers the item, then rejects (0.169667ms)
packages/kyoot test: ✔ toAsyncIterable: an empty stream still completes (0.103791ms)
packages/kyoot test: ✔ toAsyncIterable: a producer that throws null rejects the consumer (0.081625ms)
packages/kyoot test: ✔ toAsyncIterable: a producer that throws 0 rejects the consumer (0.040541ms)
packages/kyoot test: ✔ toAsyncIterable: a producer that throws false rejects the consumer (0.035625ms)
packages/kyoot test: ✔ toAsyncIterable: a producer that throws "" rejects the consumer (0.042625ms)
packages/kyoot test: ℹ tests 192
packages/kyoot test: ℹ suites 0
packages/kyoot test: ℹ pass 192
packages/kyoot test: ℹ fail 0
packages/kyoot test: ℹ cancelled 0
packages/kyoot test: ℹ skipped 0
packages/kyoot test: ℹ todo 0
packages/kyoot test: ℹ duration_ms 343.462958
packages/kyoot test: Done
packages/ai test$ node --test test/*.test.ts
packages/platform test$ node --test test/*.test.ts
packages/registry test$ node --test test/*.test.ts
packages/platform test: ✔ command: exit code and output (68.750334ms)
packages/registry test: ✔ rapid provider churn keeps activations balanced (7.921417ms)
packages/registry test: ✔ synchronous root finalizers do not lose notify transitions (2.2255ms)
packages/registry test: ✔ a component activates when its dependencies appear (2.893083ms)
packages/registry test: ✔ withdrawing a provider tears down dependents first (0.369875ms)
packages/registry test: ✔ hot swap: a replacement provider reactivates dependents on the new value (0.837375ms)
packages/registry test: ✔ a root binding counts as a provider (0.196333ms)
packages/registry test: ✔ a component whose setup throws is inactive with the error, and others keep working (0.917084ms)
packages/registry test: ✔ dispose unloads in reverse order (0.289667ms)
packages/registry test: ✔ a dependency chain stops and starts in dependency order (0.401625ms)
packages/registry test: ✔ a diamond dependent changes state once for each missing edge (1.313542ms)
packages/registry test: ✔ a component waits until all injected tags are present (0.772709ms)
packages/registry test: ✔ a target flip during setup releases partial resources (0.621791ms)
packages/registry test: ✔ failed setup releases resources, preserves peers, and retries after a target flip (0.85075ms)
packages/registry test: ✔ use waits for setup to land (0.375583ms)
packages/registry test: ✔ a root binding is withdrawn when its resource scope ends (0.146ms)
packages/registry test: ✔ dispose waits for an in-flight setup and leaves no resources (0.16325ms)
packages/registry test: ✔ remove is idempotent and does not orphan another component (0.223542ms)
packages/registry test: ✔ interrupting a registry program releases components in reverse order (0.26325ms)
packages/registry test: ✔ two registries do not share bindings (0.178334ms)
packages/registry test: ✔ a duplicate provider fails its setup and leaves the first binding alone (0.237667ms)
packages/registry test: ✔ a binding becomes visible only when its provider lands (0.230541ms)
packages/registry test: ℹ tests 21
packages/registry test: ℹ suites 0
packages/registry test: ℹ pass 21
packages/registry test: ℹ fail 0
packages/registry test: ℹ cancelled 0
packages/registry test: ℹ skipped 0
packages/registry test: ℹ todo 0
packages/registry test: ℹ duration_ms 203.95975
packages/ai test: ✔ ask: runs tool calls as effects and feeds results back (1.715292ms)
packages/ai test: ✔ gen: decodes the answer tool, sending bad arguments back (0.870583ms)
packages/ai test: ✔ ask: gives up with TooManyRounds (0.353208ms)
packages/ai test: ✔ generate: one shot, returns the new messages (0.079875ms)
packages/ai test: ✔ instances keep history; agents compose as tools with their own model (0.385ms)
packages/ai test: ✔ modes: system prompts and config layer around the model (0.136042ms)
packages/ai test: ✔ events: text from the provider, calls and results from the loop (0.1435ms)
packages/ai test: ✔ approval is an effect the tool performs (0.189833ms)
packages/ai test: ✔ a tool's typed failure goes back to the model, not up the stack (0.16825ms)
packages/ai test: ✔ chatCompletions streams text, a split tool call, and usage (39.891541ms)
packages/ai test: ✔ chatCompletions retries 429 with virtual backoff (2.153708ms)
packages/ai test: ✔ chatCompletions does not retry 401 (0.432667ms)
packages/ai test: ✔ sse: parses data events split across chunks and stops at [DONE] (20.502833ms)
packages/ai test: ✔ sse: ends lines on CRLF, CR, and LF (1.424208ms)
packages/ai test: ✔ sse: a CR at the end of a chunk ends one line, CRLF or not (0.349083ms)
packages/ai test: ✔ sse: ignores comment lines (0.593125ms)
packages/ai test: ✔ sse: keeps the data of an event that has other fields (0.807291ms)
packages/ai test: ✔ sse: joins data lines with newlines, and a bare data line adds one (0.370041ms)
packages/ai test: ✔ sse: yields nothing for an event with no data (0.624209ms)
packages/ai test: ✔ sse: discards data the stream never terminates with a blank line (0.154375ms)
packages/ai test: ✔ sse: stops at [DONE] with or without the leading space (21.493042ms)
packages/ai test: ✔ sse: decodes a multi-byte character split across chunks (1.577333ms)
packages/ai test: ℹ tests 22
packages/ai test: ℹ suites 0
packages/ai test: ℹ pass 22
packages/ai test: ℹ fail 0
packages/ai test: ℹ cancelled 0
packages/ai test: ℹ skipped 0
packages/ai test: ℹ todo 0
packages/ai test: ℹ duration_ms 213.968083
packages/registry test: Done
packages/ai test: Done
packages/platform test: ✔ command: stdin, cwd, env (32.06025ms)
packages/platform test: ✔ command: a program that cannot start is a CommandError (2.111708ms)
packages/platform test: ✔ command: a fake handler (0.088417ms)
packages/platform test: ✔ the same program runs against the in-memory file system (1.145208ms)
packages/platform test: ✔ and against the real one (7.45775ms)
packages/platform test: ✔ memory: errors carry codes (0.396875ms)
packages/platform test: ✔ memory: recursive mkdir does not replace a file (0.0905ms)
packages/platform test: ✔ node: errors carry codes (0.775958ms)
packages/platform test: ✔ node: exists returns false when a path component is not a directory (1.919125ms)
packages/platform test: ✔ a failure lands at the op, where the program's own catch sees it (3.115916ms)
packages/platform test: ✔ handlers between the program and the file system see every op (1.055333ms)
packages/platform test: ✔ confine takes the paths a prefix test lets through (0.214625ms)
packages/platform test: ✔ confine checks the destination of a rename, and takes an absolute POSIX root (0.310625ms)
packages/platform test: ℹ tests 14
packages/platform test: ℹ suites 0
packages/platform test: ℹ pass 14
packages/platform test: ℹ fail 0
packages/platform test: ℹ cancelled 0
packages/platform test: ℹ skipped 0
packages/platform test: ℹ todo 0
packages/platform test: ℹ duration_ms 236.103167
packages/platform test: Done
