Scope: all 6 workspace projects
✓ Lockfile passes supply-chain policies (verified 1h ago)
Lockfile is up to date, resolution step is skipped
Already up to date

Done in 171ms using pnpm v11.13.0
$ pnpm format:check && pnpm lint && pnpm typecheck && pnpm test
$ oxfmt --check .
Checking formatting...

All matched files use the correct format.
Finished in 441ms on 148 files using 10 threads.
$ oxlint
$ pnpm -r typecheck
Scope: 5 of 6 workspace projects
packages/kyoot typecheck$ tsc -p tsconfig.json
packages/kyoot typecheck: Done
packages/ai typecheck$ tsc -p tsconfig.json
packages/platform typecheck$ tsc -p tsconfig.json
packages/bench typecheck$ tsc -p tsconfig.json
packages/registry typecheck$ tsc -p tsconfig.json
packages/platform typecheck: Done
packages/registry typecheck: Done
packages/bench typecheck: Done
packages/ai typecheck: Done
$ pnpm -r test
Scope: 5 of 6 workspace projects
packages/kyoot test$ node --test test/*.test.ts
packages/kyoot test: ✔ fromPromise resolves through runPromise (1.701ms)
packages/kyoot test: ✔ fromPromise exposes an AbortSignal from day one (0.161125ms)
packages/kyoot test: ✔ fromPromise sends a synchronous throw to Fail.run as a defect (0.43075ms)
packages/kyoot test: ✔ fork/join: a fiber is an independent interpreter loop (20.574125ms)
packages/kyoot test: ✔ concurrent fibers may yield the same node (0.9865ms)
packages/kyoot test: ✔ fiber.await returns a Result instead of throwing (1.06275ms)
packages/kyoot test: ✔ race: first to complete wins (5.434834ms)
packages/kyoot test: ✔ timeout: a slow computation fails with a typed Timeout (6.461125ms)
packages/kyoot test: ✔ timeout: a fast computation wins (6.338459ms)
packages/kyoot test: ✔ timeout inside a gen resumes the surrounding computation (6.615625ms)
packages/kyoot test: ✔ runPromise surfaces defects as rejections (1.823542ms)
packages/kyoot test: ✔ runPromise on an unhandled non-async effect rejects loudly (0.11325ms)
packages/kyoot test: ✔ runSync rejects an async op at runtime (0.088083ms)
packages/kyoot test: ✔ interrupt: finalizers run and await reports Interrupted (0.295292ms)
packages/kyoot test: ✔ structured concurrency: a completed parent interrupts its children (0.379625ms)
packages/kyoot test: ✔ interrupt: stale wait may resolve before async cleanup (0.367542ms)
packages/kyoot test: ✔ interrupt: stale wait may reject before async cleanup (0.168583ms)
packages/kyoot test: ✔ interrupt: stale wait may resolve after async cleanup (0.145917ms)
packages/kyoot test: ✔ interrupt: stale wait may reject after async cleanup (0.124083ms)
packages/kyoot test: ✔ all: results come back in input order, not completion order (20.846792ms)
packages/kyoot test: ✔ all: branches run concurrently (20.538041ms)
packages/kyoot test: ✔ all: empty array resolves immediately (0.117416ms)
packages/kyoot test: ✔ all: NaN concurrency runs every branch (0.094917ms)
packages/kyoot test: ✔ all: first failure interrupts the rest and runs their finalizers (6.020625ms)
packages/kyoot test: ✔ all: interrupting the parent interrupts every branch (11.576542ms)
packages/kyoot test: ✔ race interrupts the loser and runs its finalizers (6.369041ms)
packages/kyoot test: ✔ timeout interrupts the branch and runs its finalizers (5.6935ms)
packages/kyoot test: ✔ fromPromise's signal fires on interruption (0.256ms)
packages/kyoot test: ✔ joining an interrupted fiber interrupts the joiner (0.148542ms)
packages/kyoot test: ✔ all: concurrency limit bounds in-flight fibers and keeps order (16.895125ms)
packages/kyoot test: ✔ all: a failure stops scheduling the rest (2.885292ms)
packages/kyoot test: ✔ fork: a fiber sees the Env provided outside the fork (0.358625ms)
packages/kyoot test: ✔ fork: Log.collect around the fork gathers the fiber's entries (0.221584ms)
packages/kyoot test: ✔ fork: Emit.collect around the fork collects what fibers emit (0.226292ms)
packages/kyoot test: ✔ fork: a collecting handler is fresh per run, even when forked into (0.15325ms)
packages/kyoot test: ✔ fork: a typed failure in the fiber crosses join as a fail op (1.183333ms)
packages/kyoot test: ✔ fork: fiber.await reports a typed failure as a Fail cause (0.198958ms)
packages/kyoot test: ✔ race: a failing branch that finishes first fails the race, typed (2.3125ms)
packages/kyoot test: ✔ all: a typed failure in one branch fails the whole, and the rest are interrupted (1.072041ms)
packages/kyoot test: ✔ fork: Resource.run outside the fork gives the fiber a scope of its own (1.499459ms)
packages/kyoot test: ✔ fork: Clock.virtual outside the fork makes the fiber's sleeps instant (0.271208ms)
packages/kyoot test: ✔ fork: a copied handler that returns instead of resuming is a defect (0.205834ms)
packages/kyoot test: ✔ fork: a handler marked fork: none stops at the fiber, loudly (0.135458ms)
packages/kyoot test: ✔ fork: a copied handler that fails in its own scope fails the fiber, typed (0.245459ms)
packages/kyoot test: ✔ fork: a typed failure still ends the fiber's own scope (0.1495ms)
packages/kyoot test: ✔ fork: a user effect handled outside the fork answers inside it (0.204917ms)
packages/kyoot test: ✔ scheduler: a hot loop in one fiber does not starve a sleeper (63.099875ms)
packages/kyoot test: ✔ scheduler: a hot loop can be interrupted (2.524834ms)
packages/kyoot test: ✔ scheduler: runSync never yields (5.309ms)
packages/kyoot test: ✔ scheduler: yields keep handler state and continuations (9.217791ms)
packages/kyoot test: ✔ mapPromise keeps input order and hands each callback its index (9.486458ms)
packages/kyoot test: ✔ forEachPromise runs one item at a time and returns void (3.696625ms)
packages/kyoot test: ✔ reducePromise threads the accumulator in order (0.103334ms)
packages/kyoot test: ✔ a rejected batch callback is a defect, like fromPromise (0.076125ms)
packages/kyoot test: ✔ Async.unsafeIntercept sees one operation for a whole batch (0.230083ms)
packages/kyoot test: ✔ interruption stops a batch before the next item starts (20.72275ms)
packages/kyoot test: ✔ a pending batch callback sees the operation's abort signal (0.169875ms)
packages/kyoot test: ✔ a batch takes the source's length once, so a callback cannot extend it (0.116583ms)
packages/kyoot test: ✔ pure handlers run the whole checkout under runSync (1.866417ms)
packages/kyoot test: ✔ events stream out in order; success is Result.ok (0.60175ms)
packages/kyoot test: ✔ out of stock is a typed failure from checkout itself (0.546542ms)
packages/kyoot test: ✔ a declined card is a typed failure introduced by the payments handler (0.546083ms)
packages/kyoot test: ✔ orThrow surfaces a typed failure as a throw (0.447625ms)
packages/kyoot test: ✔ Clock.virtual: sleeps finish at once and add up (1.626ms)
packages/kyoot test: ✔ Clock.virtual: time is per run, not shared (0.169542ms)
packages/kyoot test: ✔ runPromise serves the clock with real time (37.15925ms)
packages/kyoot test: ✔ a nearer virtual clock wins over the driver's real one (0.258583ms)
packages/kyoot test: ✔ a forked fiber gets the real clock, and interrupt cancels its sleep (0.489291ms)
packages/kyoot test: ✔ same-key declarations with identical contracts interoperate (1.024917ms)
packages/kyoot test: ✔ same continuation contracts compose through handlers and interceptors (0.331666ms)
packages/kyoot test: ✔ resume.with preserves nested continuation contracts (0.146584ms)
packages/kyoot test: ✔ raw-key handlers can give a pure answer to differing continuation contracts (0.141958ms)
packages/kyoot test: ✔ generic handlers retain an undefined payload (0.111ms)
packages/kyoot test: ✔ fork copier runs per sibling and nested child without mutating parent state (2.355208ms)
packages/kyoot test: ✔ share intentionally aliases mutable state across siblings and parent (0.358625ms)
packages/kyoot test: ✔ scope creates fresh child state (0.362959ms)
packages/kyoot test: ✔ matching optional continuation contracts preserve their runtime requirements (0.165084ms)
packages/kyoot test: ✔ map keeps a returned Kyoot as a value (1.221084ms)
packages/kyoot test: ✔ flatMap sequences a returned Kyoot (0.159833ms)
packages/kyoot test: ✔ map chains are trampolined: 100k maps, no stack overflow (30.916792ms)
packages/kyoot test: ✔ pipe threads the computation through functions (0.189292ms)
packages/kyoot test: ✔ gen: yield* plain values and sub-computations (0.185625ms)
packages/kyoot test: ✔ gen isolates repeated, nested, and separate runs (0.632375ms)
packages/kyoot test: ✔ gen keeps direct yield resumption unchanged (0.104083ms)
packages/kyoot test: ✔ gen with an effect, handled (0.394542ms)
packages/kyoot test: ✔ a throw inside map is a defect and surfaces at the edge as-is (0.575083ms)
packages/kyoot test: ✔ a throw inside a gen body is a defect (0.276ms)
packages/kyoot test: ✔ runSync on an unhandled effect fails loudly at runtime (0.182208ms)
packages/kyoot test: ✔ a continuation dropped by its handler cannot be resumed later (0.250375ms)
packages/kyoot test: ✔ a resume token discarded by its handler cannot be run later (0.208709ms)
packages/kyoot test: ✔ a continuation may only be resumed once (0.261167ms)
packages/kyoot test: ✔ a resume saved from one operation cannot answer a later operation (0.187333ms)
packages/kyoot test: ✔ a resume.with saved from one operation cannot answer a later operation (0.150667ms)
packages/kyoot test: ✔ a resume token saved from one operation cannot answer a later operation (0.120625ms)
packages/kyoot test: ✔ a resume.with token saved from one operation cannot answer a later operation (0.204875ms)
packages/kyoot test: ✔ a continuation held past its op still answers that op (0.276833ms)
packages/kyoot test: ✔ a handler that resumes zero times short-circuits (0.131542ms)
packages/kyoot test: ✔ an op escaping a yielded handler node keeps the outer continuation (0.107417ms)
packages/kyoot test: ✔ a throw inside onOp goes to the same handler's onDefect (0.084625ms)
packages/kyoot test: ✔ resume.with continues the program at the op, where its own handlers see it (0.121333ms)
packages/kyoot test: ✔ intercept answers some ops and performs the rest for the handler outside (0.286375ms)
packages/kyoot test: ✔ intercept with a cell: state per run, fresh each run (0.194834ms)
packages/kyoot test: ✔ Clock, Log, and Random intercept: scale time, redact, fix the dice (0.391875ms)
packages/kyoot test: ✔ Clock.intercept caps real sleeps under runPromise (9.276042ms)
packages/kyoot test: ✔ Emit and Sync intercept: rewrite values, wrap thunks (0.326333ms)
packages/kyoot test: ✔ Fail.intercept sees a failure on its way out and passes it on (0.28525ms)
packages/kyoot test: ✔ Env intercept wraps the service the handler outside provides (0.232ms)
packages/kyoot test: ✔ Var intercept validates a set; the failure lands at the set (0.533125ms)
packages/kyoot test: ✔ Resource intercept sees each acquire (0.209875ms)
packages/kyoot test: ✔ Async intercept sees every async op; a fiber forked through it keeps the frames inside (0.350959ms)
packages/kyoot test: ✔ Env: provide answers the service key (1.189708ms)
packages/kyoot test: ✔ Env: tags yield directly (0.180083ms)
packages/kyoot test: ✔ Env: multiple services get distinct keys (0.128875ms)
packages/kyoot test: ✔ Var: get/set/update (0.859583ms)
packages/kyoot test: ✔ Var: same-typed tags stay independent (0.321791ms)
packages/kyoot test: ✔ Var: nested scopes shadow and restore (0.22075ms)
packages/kyoot test: ✔ Var: each execution gets a fresh state frame (0.148125ms)
packages/kyoot test: ✔ Emit.collect collects everything emitted (0.229459ms)
packages/kyoot test: ✔ Emit.forEach consumes values as they happen (0.222084ms)
packages/kyoot test: ✔ Emit.discard drops the stream (0.1715ms)
packages/kyoot test: ✔ Sync.defer is lazy and Sync.run discharges it (1.729083ms)
packages/kyoot test: ✔ Sync.defer: a throwing thunk is a defect, not a typed failure (0.816125ms)
packages/kyoot test: ✔ Env: provide(make) runs the program, which may use a handler outside (1.210917ms)
packages/kyoot test: ✔ Env: provide(make) runs once per run, however often the service is used (0.364125ms)
packages/kyoot test: ✔ Env: a resource the program opens is released after the program (0.896541ms)
packages/kyoot test: ✔ Env: a program that fails fails the whole program (0.341375ms)
packages/kyoot test: ✔ Env: intercept wraps a provided service (0.418417ms)
packages/kyoot test: ✔ Fail.run: success becomes Result.ok (17.217792ms)
packages/kyoot test: ✔ Fail.run: typed failure becomes Result with a Fail cause (0.457375ms)
packages/kyoot test: ✔ Fail.run: a defect lands in the defect channel, not the error channel (0.27075ms)
packages/kyoot test: ✔ defects bypass Fail.catchAll (0.367625ms)
packages/kyoot test: ✔ Fail.catchAll replaces a typed failure with a new computation (0.172542ms)
packages/kyoot test: ✔ Fail.orThrow throws the error value at the edge (0.135792ms)
packages/kyoot test: ✔ handler order: Var before Fail is transactional — failure carries no state (0.235ms)
packages/kyoot test: ✔ handler order: Fail before Var — state survives failure (0.137958ms)
packages/kyoot test: ✔ Fail.catchTag: handles one tag and re-fails the rest (0.379709ms)
packages/kyoot test: ✔ Fail.mapError: rewrites the failure (0.23575ms)
packages/kyoot test: ✔ generator: finally runs when Fail.run drops the continuation (1.915209ms)
packages/kyoot test: ✔ generator: catchAll recovers, then the dropped frame closes (0.25225ms)
packages/kyoot test: ✔ generator: finally runs when Fail.orThrow drops the continuation (0.377459ms)
packages/kyoot test: ✔ generator: finally runs when a custom handler answers without resuming (0.181ms)
packages/kyoot test: ✔ generator: nested generators close innermost first (0.236209ms)
packages/kyoot test: ✔ generator: a defect closes the frames it unwinds past (0.332875ms)
packages/kyoot test: ✔ generator: finally still runs on normal completion and on a thrown error (0.254167ms)
packages/kyoot test: ✔ generator: finally runs before an outer Resource releases (0.545792ms)
packages/kyoot test: ✔ generator: a finally that yields is a defect, not half-run cleanup (0.25025ms)
packages/kyoot test: ✔ generator: a finally that throws surfaces after the rest of the cleanup (0.333666ms)
packages/kyoot test: ✔ generator: an unhandled effect at the edge closes the frame (0.172708ms)
packages/kyoot test: ✔ generator: finally runs when a fiber is interrupted (0.740125ms)
packages/kyoot test: ✔ generator: a drop that ends in an unhandled effect still closes the frame (0.214583ms)
packages/kyoot test: ✔ generator: a claimed continuation that never lands closes too (0.155708ms)
packages/kyoot test: ✔ generator: frames queued behind a cleanup program close when the machine stops (11.724958ms)
packages/kyoot test: ✔ generator: an outer finally that throws replaces the inner one's error (0.236792ms)
packages/kyoot test: ✔ generator: the outer error also wins when the machine stops with a stack (0.208208ms)
packages/kyoot test: ✔ generator: a handler that discards the resume token still drops the continuation (0.15825ms)
packages/kyoot test: ✔ generator: a token saved past a closed continuation cannot restore it (0.146791ms)
packages/kyoot test: ✔ generator: a frame queued inside a dropped continuation closes too (0.206875ms)
packages/kyoot test: ✔ generator: a dropped cleanup plan still reports the error its finally raised (0.225291ms)
packages/kyoot test: ✔ Log.collect gathers entries in order (1.361417ms)
packages/kyoot test: ✔ Log.discard drops them (0.204417ms)
packages/kyoot test: ✔ Random.seeded is deterministic and in range (1.371875ms)
packages/kyoot test: ✔ Random.live draws from Math.random (0.141875ms)
packages/kyoot test: ✔ Resource: release runs on success (1.886709ms)
packages/kyoot test: ✔ Resource: sync releases on an unhandled effect (0.510042ms)
packages/kyoot test: ✔ Resource: fiber releases on an unhandled effect (0.45ms)
packages/kyoot test: ✔ Resource: a typed release failure does not skip older finalizers (0.34425ms)
packages/kyoot test: ✔ Resource: the body defect wins over typed release failures (0.298375ms)
packages/kyoot test: ✔ Resource: finalizers run in LIFO order (0.225542ms)
packages/kyoot test: ✔ Resource: release runs on typed failure (Resource outside Fail) (0.288084ms)
packages/kyoot test: ✔ Resource: release runs on defect (0.249667ms)
packages/kyoot test: ✔ Resource: a finalizer may be a program (runs on success) (14.930291ms)
packages/kyoot test: ✔ Resource: program finalizers run on defect and the defect wins (5.762875ms)
packages/kyoot test: ✔ Resource: program finalizers run to completion on interrupt (11.332625ms)
packages/kyoot test: ✔ a rejected async op is a defect that handlers see (0.163875ms)
packages/kyoot test: ✔ Resource: an acquire that throws releases what the scope already holds (0.079209ms)
packages/kyoot test: ✔ Resource inside Fail.run: a failure still releases (0.172875ms)
packages/kyoot test: ✔ Resource inside catchAll: the recovery runs, then the scope is released (0.110834ms)
packages/kyoot test: ✔ Resource inside a catchTag that passes the failure on: the outer catch releases (0.079875ms)
packages/kyoot test: ✔ a handler that performs an op and then does not resume releases after its op (0.071625ms)
packages/kyoot test: ✔ a handler that resumes does not release early (0.206792ms)
packages/kyoot test: ✔ a handler that claims a resume token and discards it still releases (0.159791ms)
packages/kyoot test: ✔ a handler that claims a resume.with token and discards it still releases (0.066291ms)
packages/kyoot test: ✔ a discarded resume token releases nested captured resources, innermost first (0.107875ms)
packages/kyoot test: ✔ a discarded resume token releases a captured resource whose finalizer is async (0.085708ms)
packages/kyoot test: ✔ a resume token returned later in the handler's program still resumes (0.057083ms)
packages/kyoot test: ✔ Retry: re-runs until success, sleeping between attempts (1.754375ms)
packages/kyoot test: ✔ Retry: gives up after `times` retries with the last failure (0.351917ms)
packages/kyoot test: ✔ Retry: gives up when `while` rejects the failure (3.774291ms)
packages/kyoot test: ✔ Retry: defects are not retried (0.569625ms)
packages/kyoot test: ✔ Retry: works under runPromise with the real clock (6.3555ms)
packages/kyoot test: ✔ Emit.fromIterable + map + run (1.89325ms)
packages/kyoot test: ✔ Emit.forEach with an effectful callback (0.245084ms)
packages/kyoot test: ✔ Emit.fromAsyncIterable → toAsyncIterable round trip (0.813625ms)
packages/kyoot test: ✔ fromAsyncIterable removes settled abort listeners (0.708292ms)
packages/kyoot test: ✔ toAsyncIterable: breaking early interrupts the producer (0.382833ms)
packages/kyoot test: ✔ toAsyncIterable: a defect in the producer rejects the consumer (0.25175ms)
packages/kyoot test: ✔ toAsyncIterable: the producer runs at most `buffer` items ahead (0.622083ms)
packages/kyoot test: ✔ toAsyncIterable: breaking while the producer is parked interrupts it (1.344834ms)
packages/kyoot test: ✔ toAsyncIterable: a producer that throws undefined rejects the consumer (0.254792ms)
packages/kyoot test: ✔ toAsyncIterable: a defect after an emission delivers the item, then rejects (0.235167ms)
packages/kyoot test: ✔ toAsyncIterable: an empty stream still completes (0.157542ms)
packages/kyoot test: ✔ toAsyncIterable: a producer that throws null rejects the consumer (0.20475ms)
packages/kyoot test: ✔ toAsyncIterable: a producer that throws 0 rejects the consumer (0.112416ms)
packages/kyoot test: ✔ toAsyncIterable: a producer that throws false rejects the consumer (0.116958ms)
packages/kyoot test: ✔ toAsyncIterable: a producer that throws "" rejects the consumer (0.098958ms)
packages/kyoot test: ℹ tests 205
packages/kyoot test: ℹ suites 0
packages/kyoot test: ℹ pass 205
packages/kyoot test: ℹ fail 0
packages/kyoot test: ℹ cancelled 0
packages/kyoot test: ℹ skipped 0
packages/kyoot test: ℹ todo 0
packages/kyoot test: ℹ duration_ms 510.291083
packages/kyoot test: Done
packages/platform test$ node --test test/*.test.ts
packages/registry test$ node --test test/*.test.ts
packages/ai test$ node --test test/*.test.ts
packages/registry test: ✔ interrupted use releases setup before its caller settles and cannot reactivate (4.176834ms)
packages/registry test: ✔ each evaluation of one use program has its own registration (0.831166ms)
packages/registry test: ✔ rapid provider churn keeps activations balanced (5.968167ms)
packages/registry test: ✔ synchronous root finalizers do not lose notify transitions (3.07725ms)
packages/registry test: ✔ a component activates when its dependencies appear (6.395ms)
packages/registry test: ✔ withdrawing a provider tears down dependents first (0.7635ms)
packages/registry test: ✔ hot swap: a replacement provider reactivates dependents on the new value (1.187917ms)
packages/registry test: ✔ a root binding counts as a provider (0.489708ms)
packages/registry test: ✔ a component whose setup throws is inactive with the error, and others keep working (0.748459ms)
packages/registry test: ✔ dispose unloads in reverse order (0.760625ms)
packages/registry test: ✔ a dependency chain stops and starts in dependency order (2.05775ms)
packages/registry test: ✔ a diamond dependent changes state once for each missing edge (1.186625ms)
packages/registry test: ✔ a component waits until all injected tags are present (0.551083ms)
packages/registry test: ✔ a target flip during setup releases partial resources (0.646292ms)
packages/registry test: ✔ failed setup releases resources, preserves peers, and retries after a target flip (0.867125ms)
packages/registry test: ✔ use waits for setup to land (0.648ms)
packages/registry test: ✔ a root binding is withdrawn when its resource scope ends (0.33675ms)
packages/registry test: ✔ dispose waits for an in-flight setup and leaves no resources (0.548708ms)
packages/registry test: ✔ remove is idempotent and does not orphan another component (0.313042ms)
packages/registry test: ✔ interrupting a registry program releases components in reverse order (0.933292ms)
packages/registry test: ✔ two registries do not share bindings (0.561834ms)
packages/registry test: ✔ a duplicate provider fails its setup and leaves the first binding alone (0.519916ms)
packages/registry test: ✔ a binding becomes visible only when its provider lands (0.597875ms)
packages/registry test: ℹ tests 23
packages/registry test: ℹ suites 0
packages/registry test: ℹ pass 23
packages/registry test: ℹ fail 0
packages/registry test: ℹ cancelled 0
packages/registry test: ℹ skipped 0
packages/registry test: ℹ todo 0
packages/registry test: ℹ duration_ms 276.086625
packages/registry test: Done
packages/ai test: ✔ ask: runs tool calls as effects and feeds results back (1.922458ms)
packages/ai test: ✔ gen: decodes the answer tool, sending bad arguments back (0.586584ms)
packages/ai test: ✔ ask: gives up with TooManyRounds (0.30725ms)
packages/ai test: ✔ generate: one shot, returns the new messages (0.116833ms)
packages/ai test: ✔ instances keep history; agents compose as tools with their own model (0.633083ms)
packages/ai test: ✔ modes: system prompts and config layer around the model (0.207167ms)
packages/ai test: ✔ events: text from the provider, calls and results from the loop (0.257792ms)
packages/ai test: ✔ approval is an effect the tool performs (0.397541ms)
packages/ai test: ✔ a tool's typed failure goes back to the model, not up the stack (0.284541ms)
packages/ai test: ✔ void tools produce string receipts (0.235959ms)
packages/ai test: ✔ structured output rejects reserved tool names before execution (0.383666ms)
packages/ai test: ✔ chatCompletions cancels an open body after malformed calls (45.85975ms)
packages/ai test: ✔ chatCompletions interruption cancels a pending stream read (1.112458ms)
packages/ai test: ✔ chatCompletions streams text, a split tool call, and usage (1.335167ms)
packages/ai test: ✔ chatCompletions retries 429 with virtual backoff (1.155625ms)
packages/ai test: ✔ chatCompletions does not retry 401 (0.262ms)
packages/ai test: ✔ chatCompletions rejects oversized call index (0.493834ms)
packages/ai test: ✔ chatCompletions rejects missing preceding call index (0.470625ms)
packages/ai test: ✔ chatCompletions rejects non-string name fragment (0.346666ms)
packages/ai test: ✔ chatCompletions rejects non-string argument fragment (0.295ms)
packages/ai test: ✔ chatCompletions rejects conflicting call ids (0.336375ms)
packages/ai test: ✔ chatCompletions rejects duplicate assembled call ids (0.2995ms)
packages/ai test: ✔ chatCompletions rejects non-object chunk (0.463458ms)
packages/ai test: ✔ chatCompletions rejects non-array choices (0.252459ms)
packages/ai test: ✔ chatCompletions rejects null choice (0.355459ms)
packages/ai test: ✔ chatCompletions rejects non-object delta (0.859542ms)
packages/ai test: ✔ chatCompletions rejects non-array tool calls (0.351042ms)
packages/ai test: ✔ chatCompletions rejects null tool call (0.274084ms)
packages/ai test: ✔ chatCompletions rejects non-string content (0.25975ms)
packages/ai test: ✔ chatCompletions rejects invalid usage (0.189542ms)
packages/ai test: ✔ chatCompletions rejects truncated stream (0.549666ms)
packages/ai test: ✔ chatCompletions rejects missing call id (0.344542ms)
packages/ai test: ✔ chatCompletions rejects missing call name (0.21325ms)
packages/ai test: ✔ chatCompletions rejects invalid call index (0.21925ms)
packages/ai test: ✔ sse: parses data events split across chunks and stops at [DONE] (77.220209ms)
packages/ai test: ✔ sse: ends lines on CRLF, CR, and LF (1.356667ms)
packages/ai test: ✔ sse: a CR at the end of a chunk ends one line, CRLF or not (0.742292ms)
packages/ai test: ✔ sse: ignores comment lines (0.464458ms)
packages/ai test: ✔ sse: keeps the data of an event that has other fields (0.521375ms)
packages/ai test: ✔ sse: joins data lines with newlines, and a bare data line adds one (0.426417ms)
packages/ai test: ✔ sse: yields nothing for an event with no data (0.403ms)
packages/ai test: ✔ sse: discards data the stream never terminates with a blank line (0.453166ms)
packages/ai test: ✔ sse: stops at [DONE] with or without the leading space (0.357625ms)
packages/ai test: ✔ sse: decodes a multi-byte character split across chunks (0.333333ms)
packages/ai test: ℹ tests 44
packages/ai test: ℹ suites 0
packages/ai test: ℹ pass 44
packages/ai test: ℹ fail 0
packages/ai test: ℹ cancelled 0
packages/ai test: ℹ skipped 0
packages/ai test: ℹ todo 0
packages/ai test: ℹ duration_ms 313.336875
packages/ai test: Done
packages/platform test: ✔ command: interrupt stops a ready child before its delayed side effect (781.124958ms)
packages/platform test: ✔ command: stdout has a default byte bound (89.872708ms)
packages/platform test: ✔ command: stdout respects a smaller byte bound (69.391916ms)
packages/platform test: ✔ command: stdout accepts larger output with a larger bounded allowance (73.154166ms)
packages/platform test: ✔ command: stderr has a default byte bound (70.892542ms)
packages/platform test: ✔ command: stderr respects a smaller byte bound (70.010916ms)
packages/platform test: ✔ command: stderr accepts larger output with a larger bounded allowance (72.319167ms)
packages/platform test: ✔ command: each stream can fill its default allowance independently (73.278542ms)
packages/platform test: ✔ command: an exact custom UTF-8 byte allowance succeeds (70.517458ms)
packages/platform test: ✔ command: zero allowance accepts only empty output (141.273417ms)
packages/platform test: ✔ command: output allowances must be bounded integer byte counts (0.233625ms)
packages/platform test: ✔ command: exit code and output (71.907708ms)
packages/platform test: ✔ command: stdin, cwd, env (73.269834ms)
packages/platform test: ✔ command: a program that cannot start is a CommandError (2.072791ms)
packages/platform test: ✔ command: a fake handler (0.06425ms)
packages/platform test: ✔ unsafeHandler preserves operation state and completion mapping (20.469667ms)
packages/platform test: ✔ unsafeHandle delivers filesystem failures to the program's catch (0.294459ms)
packages/platform test: ✔ the same program runs against the in-memory file system (14.548875ms)
packages/platform test: ✔ and against the real one (11.695042ms)
packages/platform test: ✔ memory: errors carry codes (0.737125ms)
packages/platform test: ✔ memory: recursive mkdir does not replace a file (0.170792ms)
packages/platform test: ✔ node: errors carry codes (0.730916ms)
packages/platform test: ✔ node: exists returns false when a path component is not a directory (1.793792ms)
packages/platform test: ✔ rename refuses a directory descendant /d/sub/moved without changing the tree (4.625125ms)
packages/platform test: ✔ rename refuses a directory descendant /d/sub/../sub/moved without changing the tree (3.021792ms)
packages/platform test: ✔ memory: rename to the same normalized path is a no-op (0.342834ms)
packages/platform test: ✔ rename refuses file over directory without changing files (1.722667ms)
packages/platform test: ✔ rename refuses directory over file without changing files (1.281042ms)
packages/platform test: ✔ rename refuses directory over nonempty directory without changing files (1.488375ms)
packages/platform test: ✔ memory: directory rename replaces an empty destination and preserves the moved subtree (0.1525ms)
packages/platform test: ✔ memory: sibling names with a shared prefix are not descendants (0.065875ms)
packages/platform test: ✔ memory: file rename replaces an existing file (0.050042ms)
packages/platform test: ✔ a failure lands at the op, where the program's own catch sees it (20.5415ms)
packages/platform test: ✔ handlers between the program and the file system see every op (3.704167ms)
packages/platform test: ✔ confine takes the paths a prefix test lets through (0.424959ms)
packages/platform test: ✔ confine checks the destination of a rename, and takes an absolute POSIX root (0.742291ms)
packages/platform test: ℹ tests 36
packages/platform test: ℹ suites 0
packages/platform test: ℹ pass 36
packages/platform test: ℹ fail 0
packages/platform test: ℹ cancelled 0
packages/platform test: ℹ skipped 0
packages/platform test: ℹ todo 0
packages/platform test: ℹ duration_ms 1894.308042
packages/platform test: Done
