Scope: all 6 workspace projects
✓ Lockfile passes supply-chain policies (verified 1h ago)
Lockfile is up to date, resolution step is skipped
Already up to date

Done in 162ms using pnpm v11.13.0
$ pnpm format:check && pnpm lint && pnpm typecheck && pnpm test
$ oxfmt --check .
Checking formatting...

All matched files use the correct format.
Finished in 425ms on 131 files using 10 threads.
$ oxlint
$ pnpm -r typecheck
Scope: 5 of 6 workspace projects
packages/kyoot typecheck$ tsc -p tsconfig.json
packages/kyoot typecheck: Done
packages/bench typecheck$ tsc -p tsconfig.json
packages/platform typecheck$ tsc -p tsconfig.json
packages/ai typecheck$ tsc -p tsconfig.json
packages/registry typecheck$ tsc -p tsconfig.json
packages/platform typecheck: Done
packages/ai typecheck: Done
packages/registry typecheck: Done
packages/bench typecheck: Done
$ pnpm -r test
Scope: 5 of 6 workspace projects
packages/kyoot test$ node --test test/*.test.ts
packages/kyoot test: ✔ fromPromise resolves through runPromise (1.637041ms)
packages/kyoot test: ✔ fromPromise exposes an AbortSignal from day one (0.18375ms)
packages/kyoot test: ✔ fromPromise sends a synchronous throw to Fail.run as a defect (0.352583ms)
packages/kyoot test: ✔ fork/join: a fiber is an independent interpreter loop (33.733208ms)
packages/kyoot test: ✔ concurrent fibers may yield the same node (4.473542ms)
packages/kyoot test: ✔ fiber.await returns a Result instead of throwing (1.795125ms)
packages/kyoot test: ✔ race: first to complete wins (6.285042ms)
packages/kyoot test: ✔ timeout: a slow computation fails with a typed Timeout (6.642458ms)
packages/kyoot test: ✔ timeout: a fast computation wins (6.227208ms)
packages/kyoot test: ✔ timeout inside a gen resumes the surrounding computation (6.48125ms)
packages/kyoot test: ✔ runPromise surfaces defects as rejections (0.606625ms)
packages/kyoot test: ✔ runPromise on an unhandled non-async effect rejects loudly (0.222667ms)
packages/kyoot test: ✔ runSync rejects an async op at runtime (0.099417ms)
packages/kyoot test: ✔ interrupt: finalizers run and await reports Interrupted (0.251042ms)
packages/kyoot test: ✔ structured concurrency: a completed parent interrupts its children (0.117084ms)
packages/kyoot test: ✔ interrupt: stale wait may resolve before async cleanup (0.168208ms)
packages/kyoot test: ✔ interrupt: stale wait may reject before async cleanup (0.0635ms)
packages/kyoot test: ✔ interrupt: stale wait may resolve after async cleanup (0.068ms)
packages/kyoot test: ✔ interrupt: stale wait may reject after async cleanup (0.0525ms)
packages/kyoot test: ✔ all: results come back in input order, not completion order (21.183125ms)
packages/kyoot test: ✔ all: branches run concurrently (20.661625ms)
packages/kyoot test: ✔ all: empty array resolves immediately (0.274917ms)
packages/kyoot test: ✔ all: NaN concurrency runs every branch (0.352167ms)
packages/kyoot test: ✔ all: first failure interrupts the rest and runs their finalizers (6.126459ms)
packages/kyoot test: ✔ all: interrupting the parent interrupts every branch (11.703416ms)
packages/kyoot test: ✔ race interrupts the loser and runs its finalizers (6.275ms)
packages/kyoot test: ✔ timeout interrupts the branch and runs its finalizers (6.271791ms)
packages/kyoot test: ✔ fromPromise's signal fires on interruption (0.228417ms)
packages/kyoot test: ✔ joining an interrupted fiber interrupts the joiner (0.133166ms)
packages/kyoot test: ✔ all: concurrency limit bounds in-flight fibers and keeps order (18.0265ms)
packages/kyoot test: ✔ all: a failure stops scheduling the rest (2.734333ms)
packages/kyoot test: ✔ fork: a fiber sees the Env provided outside the fork (0.480583ms)
packages/kyoot test: ✔ fork: Log.collect around the fork gathers the fiber's entries (0.231292ms)
packages/kyoot test: ✔ fork: Emit.collect around the fork collects what fibers emit (0.356583ms)
packages/kyoot test: ✔ fork: a collecting handler is fresh per run, even when forked into (0.232875ms)
packages/kyoot test: ✔ fork: a typed failure in the fiber crosses join as a fail op (1.675584ms)
packages/kyoot test: ✔ fork: fiber.await reports a typed failure as a Fail cause (0.144166ms)
packages/kyoot test: ✔ race: a failing branch that finishes first fails the race, typed (1.96875ms)
packages/kyoot test: ✔ all: a typed failure in one branch fails the whole, and the rest are interrupted (1.445834ms)
packages/kyoot test: ✔ fork: Resource.run outside the fork gives the fiber a scope of its own (1.628458ms)
packages/kyoot test: ✔ fork: Clock.virtual outside the fork makes the fiber's sleeps instant (0.156333ms)
packages/kyoot test: ✔ fork: a copied handler that returns instead of resuming is a defect (0.186208ms)
packages/kyoot test: ✔ fork: a handler marked fork: none stops at the fiber, loudly (0.247208ms)
packages/kyoot test: ✔ fork: a copied handler that fails in its own scope fails the fiber, typed (0.298917ms)
packages/kyoot test: ✔ fork: a typed failure still ends the fiber's own scope (0.162166ms)
packages/kyoot test: ✔ fork: a user effect handled outside the fork answers inside it (0.145292ms)
packages/kyoot test: ✔ scheduler: a hot loop in one fiber does not starve a sleeper (67.292584ms)
packages/kyoot test: ✔ scheduler: a hot loop can be interrupted (2.292ms)
packages/kyoot test: ✔ scheduler: runSync never yields (2.3995ms)
packages/kyoot test: ✔ scheduler: yields keep handler state and continuations (9.331125ms)
packages/kyoot test: ✔ mapPromise keeps input order and hands each callback its index (9.559958ms)
packages/kyoot test: ✔ forEachPromise runs one item at a time and returns void (2.592167ms)
packages/kyoot test: ✔ reducePromise threads the accumulator in order (0.11425ms)
packages/kyoot test: ✔ a rejected batch callback is a defect, like fromPromise (0.073083ms)
packages/kyoot test: ✔ Async.unsafeIntercept sees one operation for a whole batch (0.202667ms)
packages/kyoot test: ✔ interruption stops a batch before the next item starts (21.68325ms)
packages/kyoot test: ✔ a pending batch callback sees the operation's abort signal (0.201792ms)
packages/kyoot test: ✔ a batch takes the source's length once, so a callback cannot extend it (0.116834ms)
packages/kyoot test: ✔ pure handlers run the whole checkout under runSync (2.019542ms)
packages/kyoot test: ✔ events stream out in order; success is Result.ok (2.287584ms)
packages/kyoot test: ✔ out of stock is a typed failure from checkout itself (0.288583ms)
packages/kyoot test: ✔ a declined card is a typed failure introduced by the payments handler (0.268042ms)
packages/kyoot test: ✔ orThrow surfaces a typed failure as a throw (0.363208ms)
packages/kyoot test: ✔ Clock.virtual: sleeps finish at once and add up (1.714167ms)
packages/kyoot test: ✔ Clock.virtual: time is per run, not shared (0.16425ms)
packages/kyoot test: ✔ runPromise serves the clock with real time (37.327458ms)
packages/kyoot test: ✔ a nearer virtual clock wins over the driver's real one (0.2705ms)
packages/kyoot test: ✔ a forked fiber gets the real clock, and interrupt cancels its sleep (0.830542ms)
packages/kyoot test: ✔ same-key declarations with identical contracts interoperate (1.058209ms)
packages/kyoot test: ✔ generic handlers retain an undefined payload (0.228834ms)
packages/kyoot test: ✔ fork copier runs per sibling and nested child without mutating parent state (2.098042ms)
packages/kyoot test: ✔ share intentionally aliases mutable state across siblings and parent (0.419917ms)
packages/kyoot test: ✔ scope creates fresh child state (0.414875ms)
packages/kyoot test: ✔ map keeps a returned Kyoot as a value (0.915542ms)
packages/kyoot test: ✔ flatMap sequences a returned Kyoot (0.129875ms)
packages/kyoot test: ✔ map chains are trampolined: 100k maps, no stack overflow (27.780875ms)
packages/kyoot test: ✔ pipe threads the computation through functions (0.256208ms)
packages/kyoot test: ✔ gen: yield* plain values and sub-computations (0.331166ms)
packages/kyoot test: ✔ gen isolates repeated, nested, and separate runs (0.764ms)
packages/kyoot test: ✔ gen keeps direct yield resumption unchanged (0.221709ms)
packages/kyoot test: ✔ gen with an effect, handled (0.528958ms)
packages/kyoot test: ✔ a throw inside map is a defect and surfaces at the edge as-is (0.566459ms)
packages/kyoot test: ✔ a throw inside a gen body is a defect (0.355042ms)
packages/kyoot test: ✔ runSync on an unhandled effect fails loudly at runtime (0.247917ms)
packages/kyoot test: ✔ a continuation dropped by its handler cannot be resumed later (0.230958ms)
packages/kyoot test: ✔ a resume token discarded by its handler cannot be run later (0.095542ms)
packages/kyoot test: ✔ a continuation may only be resumed once (0.132583ms)
packages/kyoot test: ✔ a resume saved from one operation cannot answer a later operation (0.11775ms)
packages/kyoot test: ✔ a resume.with saved from one operation cannot answer a later operation (0.101625ms)
packages/kyoot test: ✔ a resume token saved from one operation cannot answer a later operation (0.10125ms)
packages/kyoot test: ✔ a resume.with token saved from one operation cannot answer a later operation (0.08075ms)
packages/kyoot test: ✔ a continuation held past its op still answers that op (0.091125ms)
packages/kyoot test: ✔ a handler that resumes zero times short-circuits (0.105875ms)
packages/kyoot test: ✔ an op escaping a yielded handler node keeps the outer continuation (0.132375ms)
packages/kyoot test: ✔ a throw inside onOp goes to the same handler's onDefect (0.089625ms)
packages/kyoot test: ✔ resume.with continues the program at the op, where its own handlers see it (0.121167ms)
packages/kyoot test: ✔ intercept answers some ops and performs the rest for the handler outside (0.20825ms)
packages/kyoot test: ✔ intercept with a cell: state per run, fresh each run (0.119292ms)
packages/kyoot test: ✔ Clock, Log, and Random intercept: scale time, redact, fix the dice (0.428667ms)
packages/kyoot test: ✔ Clock.intercept caps real sleeps under runPromise (5.863ms)
packages/kyoot test: ✔ Emit and Sync intercept: rewrite values, wrap thunks (0.251083ms)
packages/kyoot test: ✔ Fail.intercept sees a failure on its way out and passes it on (0.172708ms)
packages/kyoot test: ✔ Env intercept wraps the service the handler outside provides (0.1085ms)
packages/kyoot test: ✔ Var intercept validates a set; the failure lands at the set (0.105333ms)
packages/kyoot test: ✔ Resource intercept sees each acquire (0.116792ms)
packages/kyoot test: ✔ Async intercept sees every async op; a fiber forked through it keeps the frames inside (0.279375ms)
packages/kyoot test: ✔ Env: provide answers the service key (1.239584ms)
packages/kyoot test: ✔ Env: tags yield directly (0.224708ms)
packages/kyoot test: ✔ Env: multiple services get distinct keys (0.147ms)
packages/kyoot test: ✔ Var: get/set/update (0.841667ms)
packages/kyoot test: ✔ Var: same-typed tags stay independent (0.290916ms)
packages/kyoot test: ✔ Var: nested scopes shadow and restore (0.1955ms)
packages/kyoot test: ✔ Var: each execution gets a fresh state frame (0.135417ms)
packages/kyoot test: ✔ Emit.collect collects everything emitted (0.134375ms)
packages/kyoot test: ✔ Emit.forEach consumes values as they happen (0.133583ms)
packages/kyoot test: ✔ Emit.discard drops the stream (0.185167ms)
packages/kyoot test: ✔ Sync.defer is lazy and Sync.run discharges it (0.204916ms)
packages/kyoot test: ✔ Sync.defer: a throwing thunk is a defect, not a typed failure (0.401542ms)
packages/kyoot test: ✔ Env: provide(make) runs the program, which may use a handler outside (13.374208ms)
packages/kyoot test: ✔ Env: provide(make) runs once per run, however often the service is used (0.437167ms)
packages/kyoot test: ✔ Env: a resource the program opens is released after the program (1.770042ms)
packages/kyoot test: ✔ Env: a program that fails fails the whole program (0.364333ms)
packages/kyoot test: ✔ Env: intercept wraps a provided service (0.353542ms)
packages/kyoot test: ✔ Fail.run: success becomes Result.ok (1.787292ms)
packages/kyoot test: ✔ Fail.run: typed failure becomes Result with a Fail cause (0.427459ms)
packages/kyoot test: ✔ Fail.run: a defect lands in the defect channel, not the error channel (0.896333ms)
packages/kyoot test: ✔ defects bypass Fail.catchAll (0.27775ms)
packages/kyoot test: ✔ Fail.catchAll replaces a typed failure with a new computation (0.30625ms)
packages/kyoot test: ✔ Fail.orThrow throws the error value at the edge (0.160042ms)
packages/kyoot test: ✔ handler order: Var before Fail is transactional — failure carries no state (0.3225ms)
packages/kyoot test: ✔ handler order: Fail before Var — state survives failure (0.189083ms)
packages/kyoot test: ✔ Fail.catchTag: handles one tag and re-fails the rest (0.302917ms)
packages/kyoot test: ✔ Fail.mapError: rewrites the failure (0.194333ms)
packages/kyoot test: ✔ generator: finally runs when Fail.run drops the continuation (1.638708ms)
packages/kyoot test: ✔ generator: catchAll recovers, then the dropped frame closes (0.360667ms)
packages/kyoot test: ✔ generator: finally runs when Fail.orThrow drops the continuation (0.450292ms)
packages/kyoot test: ✔ generator: finally runs when a custom handler answers without resuming (0.213875ms)
packages/kyoot test: ✔ generator: nested generators close innermost first (0.180583ms)
packages/kyoot test: ✔ generator: a defect closes the frames it unwinds past (0.256709ms)
packages/kyoot test: ✔ generator: finally still runs on normal completion and on a thrown error (0.259708ms)
packages/kyoot test: ✔ generator: finally runs before an outer Resource releases (0.455167ms)
packages/kyoot test: ✔ generator: a finally that yields is a defect, not half-run cleanup (0.19975ms)
packages/kyoot test: ✔ generator: a finally that throws surfaces after the rest of the cleanup (0.251916ms)
packages/kyoot test: ✔ generator: an unhandled effect at the edge closes the frame (0.223875ms)
packages/kyoot test: ✔ generator: finally runs when a fiber is interrupted (1.150833ms)
packages/kyoot test: ✔ generator: a drop that ends in an unhandled effect still closes the frame (0.199667ms)
packages/kyoot test: ✔ generator: a claimed continuation that never lands closes too (0.200917ms)
packages/kyoot test: ✔ generator: frames queued behind a cleanup program close when the machine stops (0.267125ms)
packages/kyoot test: ✔ generator: an outer finally that throws replaces the inner one's error (0.197417ms)
packages/kyoot test: ✔ generator: the outer error also wins when the machine stops with a stack (0.14125ms)
packages/kyoot test: ✔ generator: a handler that discards the resume token still drops the continuation (7.235167ms)
packages/kyoot test: ✔ generator: a token saved past a closed continuation cannot restore it (7.828959ms)
packages/kyoot test: ✔ generator: a frame queued inside a dropped continuation closes too (0.875791ms)
packages/kyoot test: ✔ generator: a dropped cleanup plan still reports the error its finally raised (1.87825ms)
packages/kyoot test: ✔ Log.collect gathers entries in order (1.981375ms)
packages/kyoot test: ✔ Log.discard drops them (0.224917ms)
packages/kyoot test: ✔ Random.seeded is deterministic and in range (1.962ms)
packages/kyoot test: ✔ Random.live draws from Math.random (0.231541ms)
packages/kyoot test: ✔ Resource: release runs on success (2.03325ms)
packages/kyoot test: ✔ Resource: sync releases on an unhandled effect (0.491209ms)
packages/kyoot test: ✔ Resource: fiber releases on an unhandled effect (0.533542ms)
packages/kyoot test: ✔ Resource: a typed release failure does not skip older finalizers (0.328167ms)
packages/kyoot test: ✔ Resource: the body defect wins over typed release failures (0.2955ms)
packages/kyoot test: ✔ Resource: finalizers run in LIFO order (0.132333ms)
packages/kyoot test: ✔ Resource: release runs on typed failure (Resource outside Fail) (0.152167ms)
packages/kyoot test: ✔ Resource: release runs on defect (0.132709ms)
packages/kyoot test: ✔ Resource: a finalizer may be a program (runs on success) (11.270084ms)
packages/kyoot test: ✔ Resource: program finalizers run on defect and the defect wins (6.613417ms)
packages/kyoot test: ✔ Resource: program finalizers run to completion on interrupt (12.320083ms)
packages/kyoot test: ✔ a rejected async op is a defect that handlers see (0.16575ms)
packages/kyoot test: ✔ Resource: an acquire that throws releases what the scope already holds (0.100292ms)
packages/kyoot test: ✔ Resource inside Fail.run: a failure still releases (0.127459ms)
packages/kyoot test: ✔ Resource inside catchAll: the recovery runs, then the scope is released (0.077583ms)
packages/kyoot test: ✔ Resource inside a catchTag that passes the failure on: the outer catch releases (0.070125ms)
packages/kyoot test: ✔ a handler that performs an op and then does not resume releases after its op (0.069833ms)
packages/kyoot test: ✔ a handler that resumes does not release early (0.142584ms)
packages/kyoot test: ✔ a handler that claims a resume token and discards it still releases (0.121458ms)
packages/kyoot test: ✔ a handler that claims a resume.with token and discards it still releases (0.056041ms)
packages/kyoot test: ✔ a discarded resume token releases nested captured resources, innermost first (0.07525ms)
packages/kyoot test: ✔ a discarded resume token releases a captured resource whose finalizer is async (0.0825ms)
packages/kyoot test: ✔ a resume token returned later in the handler's program still resumes (0.052125ms)
packages/kyoot test: ✔ Retry: re-runs until success, sleeping between attempts (2.28525ms)
packages/kyoot test: ✔ Retry: gives up after `times` retries with the last failure (0.213625ms)
packages/kyoot test: ✔ Retry: gives up when `while` rejects the failure (0.1225ms)
packages/kyoot test: ✔ Retry: defects are not retried (0.556791ms)
packages/kyoot test: ✔ Retry: works under runPromise with the real clock (5.843834ms)
packages/kyoot test: ✔ Emit.fromIterable + map + run (2.684625ms)
packages/kyoot test: ✔ Emit.forEach with an effectful callback (0.4205ms)
packages/kyoot test: ✔ Emit.fromAsyncIterable → toAsyncIterable round trip (1.281459ms)
packages/kyoot test: ✔ fromAsyncIterable removes settled abort listeners (2.349917ms)
packages/kyoot test: ✔ toAsyncIterable: breaking early interrupts the producer (0.829083ms)
packages/kyoot test: ✔ toAsyncIterable: a defect in the producer rejects the consumer (0.468167ms)
packages/kyoot test: ✔ toAsyncIterable: the producer runs at most `buffer` items ahead (1.126792ms)
packages/kyoot test: ✔ toAsyncIterable: breaking while the producer is parked interrupts it (0.462291ms)
packages/kyoot test: ✔ toAsyncIterable: a producer that throws undefined rejects the consumer (0.489833ms)
packages/kyoot test: ✔ toAsyncIterable: a defect after an emission delivers the item, then rejects (0.340125ms)
packages/kyoot test: ✔ toAsyncIterable: an empty stream still completes (0.465208ms)
packages/kyoot test: ✔ toAsyncIterable: a producer that throws null rejects the consumer (0.21175ms)
packages/kyoot test: ✔ toAsyncIterable: a producer that throws 0 rejects the consumer (0.094708ms)
packages/kyoot test: ✔ toAsyncIterable: a producer that throws false rejects the consumer (0.118542ms)
packages/kyoot test: ✔ toAsyncIterable: a producer that throws "" rejects the consumer (0.141583ms)
packages/kyoot test: ℹ tests 201
packages/kyoot test: ℹ suites 0
packages/kyoot test: ℹ pass 201
packages/kyoot test: ℹ fail 0
packages/kyoot test: ℹ cancelled 0
packages/kyoot test: ℹ skipped 0
packages/kyoot test: ℹ todo 0
packages/kyoot test: ℹ duration_ms 548.8575
packages/kyoot test: Done
packages/platform test$ node --test test/*.test.ts
packages/registry test$ node --test test/*.test.ts
packages/ai test$ node --test test/*.test.ts
packages/registry test: ✔ interrupted use releases setup before its caller settles and cannot reactivate (31.702958ms)
packages/registry test: ✔ each evaluation of one use program has its own registration (1.16425ms)
packages/registry test: ✔ rapid provider churn keeps activations balanced (36.839125ms)
packages/registry test: ✔ synchronous root finalizers do not lose notify transitions (3.605334ms)
packages/registry test: ✔ a component activates when its dependencies appear (5.044375ms)
packages/registry test: ✔ withdrawing a provider tears down dependents first (0.844417ms)
packages/registry test: ✔ hot swap: a replacement provider reactivates dependents on the new value (1.324ms)
packages/registry test: ✔ a root binding counts as a provider (0.695084ms)
packages/registry test: ✔ a component whose setup throws is inactive with the error, and others keep working (14.41725ms)
packages/registry test: ✔ dispose unloads in reverse order (1.876458ms)
packages/registry test: ✔ a dependency chain stops and starts in dependency order (3.789375ms)
packages/registry test: ✔ a diamond dependent changes state once for each missing edge (9.824125ms)
packages/registry test: ✔ a component waits until all injected tags are present (0.762958ms)
packages/registry test: ✔ a target flip during setup releases partial resources (1.046ms)
packages/registry test: ✔ failed setup releases resources, preserves peers, and retries after a target flip (1.571041ms)
packages/registry test: ✔ use waits for setup to land (5.268ms)
packages/registry test: ✔ a root binding is withdrawn when its resource scope ends (0.558125ms)
packages/registry test: ✔ dispose waits for an in-flight setup and leaves no resources (1.392958ms)
packages/registry test: ✔ remove is idempotent and does not orphan another component (0.444542ms)
packages/registry test: ✔ interrupting a registry program releases components in reverse order (1.01225ms)
packages/registry test: ✔ two registries do not share bindings (1.006875ms)
packages/registry test: ✔ a duplicate provider fails its setup and leaves the first binding alone (1.024208ms)
packages/registry test: ✔ a binding becomes visible only when its provider lands (1.2615ms)
packages/registry test: ℹ tests 23
packages/registry test: ℹ suites 0
packages/registry test: ℹ pass 23
packages/registry test: ℹ fail 0
packages/registry test: ℹ cancelled 0
packages/registry test: ℹ skipped 0
packages/registry test: ℹ todo 0
packages/registry test: ℹ duration_ms 322.571291
packages/ai test: ✔ ask: runs tool calls as effects and feeds results back (3.462625ms)
packages/ai test: ✔ gen: decodes the answer tool, sending bad arguments back (1.131708ms)
packages/ai test: ✔ ask: gives up with TooManyRounds (0.557708ms)
packages/ai test: ✔ generate: one shot, returns the new messages (0.1775ms)
packages/ai test: ✔ instances keep history; agents compose as tools with their own model (0.863ms)
packages/ai test: ✔ modes: system prompts and config layer around the model (0.299209ms)
packages/ai test: ✔ events: text from the provider, calls and results from the loop (0.300125ms)
packages/ai test: ✔ approval is an effect the tool performs (0.449208ms)
packages/ai test: ✔ a tool's typed failure goes back to the model, not up the stack (0.381792ms)
packages/ai test: ✔ void tools produce string receipts (0.315791ms)
packages/ai test: ✔ structured output rejects reserved tool names before execution (0.579625ms)
packages/registry test: Done
packages/ai test: ✔ chatCompletions cancels an open body after malformed calls (44.362166ms)
packages/ai test: ✔ chatCompletions interruption cancels a pending stream read (1.708959ms)
packages/ai test: ✔ chatCompletions streams text, a split tool call, and usage (1.77875ms)
packages/ai test: ✔ chatCompletions retries 429 with virtual backoff (1.78925ms)
packages/ai test: ✔ chatCompletions does not retry 401 (0.239792ms)
packages/ai test: ✔ chatCompletions rejects oversized call index (0.752375ms)
packages/ai test: ✔ chatCompletions rejects missing preceding call index (0.607959ms)
packages/ai test: ✔ chatCompletions rejects non-string name fragment (0.846209ms)
packages/ai test: ✔ chatCompletions rejects non-string argument fragment (0.841791ms)
packages/ai test: ✔ chatCompletions rejects conflicting call ids (0.665459ms)
packages/ai test: ✔ chatCompletions rejects duplicate assembled call ids (0.544417ms)
packages/ai test: ✔ chatCompletions rejects non-object chunk (0.662667ms)
packages/ai test: ✔ chatCompletions rejects non-array choices (0.409292ms)
packages/ai test: ✔ chatCompletions rejects null choice (0.363917ms)
packages/ai test: ✔ chatCompletions rejects non-object delta (1.281791ms)
packages/ai test: ✔ chatCompletions rejects non-array tool calls (1.382292ms)
packages/ai test: ✔ chatCompletions rejects null tool call (0.432417ms)
packages/ai test: ✔ chatCompletions rejects non-string content (2.247125ms)
packages/ai test: ✔ chatCompletions rejects invalid usage (0.337792ms)
packages/ai test: ✔ chatCompletions rejects truncated stream (1.750291ms)
packages/ai test: ✔ chatCompletions rejects missing call id (2.100083ms)
packages/ai test: ✔ chatCompletions rejects missing call name (1.737625ms)
packages/ai test: ✔ chatCompletions rejects invalid call index (0.57375ms)
packages/ai test: ✔ sse: parses data events split across chunks and stops at [DONE] (54.301041ms)
packages/ai test: ✔ sse: ends lines on CRLF, CR, and LF (1.594833ms)
packages/ai test: ✔ sse: a CR at the end of a chunk ends one line, CRLF or not (5.043875ms)
packages/ai test: ✔ sse: ignores comment lines (0.619625ms)
packages/ai test: ✔ sse: keeps the data of an event that has other fields (0.728583ms)
packages/ai test: ✔ sse: joins data lines with newlines, and a bare data line adds one (0.286958ms)
packages/ai test: ✔ sse: yields nothing for an event with no data (0.738875ms)
packages/ai test: ✔ sse: discards data the stream never terminates with a blank line (0.572791ms)
packages/ai test: ✔ sse: stops at [DONE] with or without the leading space (0.428833ms)
packages/ai test: ✔ sse: decodes a multi-byte character split across chunks (0.528792ms)
packages/ai test: ℹ tests 44
packages/ai test: ℹ suites 0
packages/ai test: ℹ pass 44
packages/ai test: ℹ fail 0
packages/ai test: ℹ cancelled 0
packages/ai test: ℹ skipped 0
packages/ai test: ℹ todo 0
packages/ai test: ℹ duration_ms 339.825334
packages/ai test: Done
packages/platform test: ✔ command: interrupt stops a ready child before its delayed side effect (751.811791ms)
packages/platform test: ✔ command: stdout has a default byte bound (89.042166ms)
packages/platform test: ✔ command: stdout respects a smaller byte bound (71.133875ms)
packages/platform test: ✔ command: stdout accepts larger output with a larger bounded allowance (72.454917ms)
packages/platform test: ✔ command: stderr has a default byte bound (84.268042ms)
packages/platform test: ✔ command: stderr respects a smaller byte bound (77.819125ms)
packages/platform test: ✔ command: stderr accepts larger output with a larger bounded allowance (78.087625ms)
packages/platform test: ✔ command: each stream can fill its default allowance independently (76.015333ms)
packages/platform test: ✔ command: an exact custom UTF-8 byte allowance succeeds (74.346709ms)
packages/platform test: ✔ command: zero allowance accepts only empty output (167.757917ms)
packages/platform test: ✔ command: output allowances must be bounded integer byte counts (0.417791ms)
packages/platform test: ✔ command: exit code and output (74.673625ms)
packages/platform test: ✔ command: stdin, cwd, env (77.631958ms)
packages/platform test: ✔ command: a program that cannot start is a CommandError (1.821542ms)
packages/platform test: ✔ command: a fake handler (0.089042ms)
packages/platform test: ✔ unsafeHandler preserves operation state and completion mapping (1.520708ms)
packages/platform test: ✔ unsafeHandle delivers filesystem failures to the program's catch (0.371583ms)
packages/platform test: ✔ the same program runs against the in-memory file system (1.665875ms)
packages/platform test: ✔ and against the real one (8.735708ms)
packages/platform test: ✔ memory: errors carry codes (0.986334ms)
packages/platform test: ✔ memory: recursive mkdir does not replace a file (0.526625ms)
packages/platform test: ✔ node: errors carry codes (1.927708ms)
packages/platform test: ✔ node: exists returns false when a path component is not a directory (1.821375ms)
packages/platform test: ✔ rename refuses a directory descendant /d/sub/moved without changing the tree (4.609ms)
packages/platform test: ✔ rename refuses a directory descendant /d/sub/../sub/moved without changing the tree (10.335333ms)
packages/platform test: ✔ memory: rename to the same normalized path is a no-op (0.455ms)
packages/platform test: ✔ rename refuses file over directory without changing files (2.9445ms)
packages/platform test: ✔ rename refuses directory over file without changing files (1.587542ms)
packages/platform test: ✔ rename refuses directory over nonempty directory without changing files (1.552208ms)
packages/platform test: ✔ memory: directory rename replaces an empty destination and preserves the moved subtree (0.15325ms)
packages/platform test: ✔ memory: sibling names with a shared prefix are not descendants (0.096083ms)
packages/platform test: ✔ memory: file rename replaces an existing file (0.049458ms)
packages/platform test: ✔ a failure lands at the op, where the program's own catch sees it (4.05375ms)
packages/platform test: ✔ handlers between the program and the file system see every op (2.543292ms)
packages/platform test: ✔ confine takes the paths a prefix test lets through (0.434625ms)
packages/platform test: ✔ confine checks the destination of a rename, and takes an absolute POSIX root (0.600458ms)
packages/platform test: ℹ tests 36
packages/platform test: ℹ suites 0
packages/platform test: ℹ pass 36
packages/platform test: ℹ fail 0
packages/platform test: ℹ cancelled 0
packages/platform test: ℹ skipped 0
packages/platform test: ℹ todo 0
packages/platform test: ℹ duration_ms 1968.901083
packages/platform test: Done
