Scope: all 6 workspace projects
✓ Lockfile passes supply-chain policies (verified 2h ago)
Lockfile is up to date, resolution step is skipped
Already up to date

Done in 215ms using pnpm v11.13.0
$ pnpm format:check && pnpm lint && pnpm typecheck && pnpm test
$ oxfmt --check .
Checking formatting...

All matched files use the correct format.
Finished in 552ms on 161 files using 10 threads.
$ oxlint
$ pnpm -r typecheck
Scope: 5 of 6 workspace projects
packages/kyoot typecheck$ tsc -p tsconfig.json
packages/kyoot typecheck: Done
packages/bench typecheck$ tsc -p tsconfig.json
packages/ai typecheck$ tsc -p tsconfig.json
packages/registry typecheck$ tsc -p tsconfig.json
packages/platform typecheck$ tsc -p tsconfig.json
packages/ai typecheck: Done
packages/platform typecheck: Done
packages/bench typecheck: Done
packages/registry typecheck: Done
$ pnpm -r test
Scope: 5 of 6 workspace projects
packages/kyoot test$ node --test test/*.test.ts
packages/kyoot test: ✔ fromPromise resolves through runPromise (12.420958ms)
packages/kyoot test: ✔ fromPromise exposes an AbortSignal from day one (0.850583ms)
packages/kyoot test: ✔ fromPromise sends a synchronous throw to Fail.run as a defect (2.210625ms)
packages/kyoot test: ✔ fork/join: a fiber is an independent interpreter loop (11.621375ms)
packages/kyoot test: ✔ concurrent fibers may yield the same node (1.16675ms)
packages/kyoot test: ✔ fiber.await returns a Result instead of throwing (0.931625ms)
packages/kyoot test: ✔ race: first to complete wins (6.471959ms)
packages/kyoot test: ✔ timeout: a slow computation fails with a typed Timeout (6.262083ms)
packages/kyoot test: ✔ timeout: a fast computation wins (6.015709ms)
packages/kyoot test: ✔ timeout inside a gen resumes the surrounding computation (6.169917ms)
packages/kyoot test: ✔ runPromise surfaces defects as rejections (1.541916ms)
packages/kyoot test: ✔ runPromise on an unhandled non-async effect rejects loudly (0.128458ms)
packages/kyoot test: ✔ runSync rejects an async op at runtime (0.102583ms)
packages/kyoot test: ✔ interrupt: finalizers run and await reports Interrupted (0.372875ms)
packages/kyoot test: ✔ structured concurrency: a completed parent interrupts its children (0.182958ms)
packages/kyoot test: ✔ interrupt: stale wait may resolve before async cleanup (0.384125ms)
packages/kyoot test: ✔ interrupt: stale wait may reject before async cleanup (0.192875ms)
packages/kyoot test: ✔ interrupt: stale wait may resolve after async cleanup (0.17725ms)
packages/kyoot test: ✔ interrupt: stale wait may reject after async cleanup (0.07175ms)
packages/kyoot test: ✔ all: results come back in input order, not completion order (21.954458ms)
packages/kyoot test: ✔ all: branches run concurrently (20.777708ms)
packages/kyoot test: ✔ all: empty array resolves immediately (0.163042ms)
packages/kyoot test: ✔ all: NaN concurrency runs every branch (0.18725ms)
packages/kyoot test: ✔ all: first failure interrupts the rest and runs their finalizers (6.682542ms)
packages/kyoot test: ✔ all: interrupting the parent interrupts every branch (11.440208ms)
packages/kyoot test: ✔ race interrupts the loser and runs its finalizers (6.431709ms)
packages/kyoot test: ✔ timeout interrupts the branch and runs its finalizers (6.448666ms)
packages/kyoot test: ✔ fromPromise's signal fires on interruption (0.23675ms)
packages/kyoot test: ✔ joining an interrupted fiber interrupts the joiner (0.142041ms)
packages/kyoot test: ✔ all: concurrency limit bounds in-flight fibers and keeps order (16.988291ms)
packages/kyoot test: ✔ all: a failure stops scheduling the rest (1.910625ms)
packages/kyoot test: ✔ fork: a fiber sees the Env provided outside the fork (0.485166ms)
packages/kyoot test: ✔ fork: Log.collect around the fork gathers the fiber's entries (0.379541ms)
packages/kyoot test: ✔ fork: Emit.collect around the fork collects what fibers emit (0.310834ms)
packages/kyoot test: ✔ fork: a collecting handler is fresh per run, even when forked into (0.18425ms)
packages/kyoot test: ✔ fork: a typed failure in the fiber crosses join as a fail op (1.669708ms)
packages/kyoot test: ✔ fork: fiber.await reports a typed failure as a Fail cause (0.215666ms)
packages/kyoot test: ✔ race: a failing branch that finishes first fails the race, typed (2.882958ms)
packages/kyoot test: ✔ all: a typed failure in one branch fails the whole, and the rest are interrupted (1.419291ms)
packages/kyoot test: ✔ fork: Resource.run outside the fork gives the fiber a scope of its own (2.994209ms)
packages/kyoot test: ✔ fork: Clock.virtual outside the fork makes the fiber's sleeps instant (0.49975ms)
packages/kyoot test: ✔ fork: a copied handler that returns instead of resuming is a defect (0.198375ms)
packages/kyoot test: ✔ fork: a handler marked fork: none stops at the fiber, loudly (0.105583ms)
packages/kyoot test: ✔ fork: a copied handler that fails in its own scope fails the fiber, typed (0.275167ms)
packages/kyoot test: ✔ fork: a typed failure still ends the fiber's own scope (0.21725ms)
packages/kyoot test: ✔ fork: a user effect handled outside the fork answers inside it (0.20325ms)
packages/kyoot test: ✔ scheduler: a hot loop in one fiber does not starve a sleeper (53.647375ms)
packages/kyoot test: ✔ scheduler: a hot loop can be interrupted (1.45725ms)
packages/kyoot test: ✔ scheduler: runSync never yields (4.596042ms)
packages/kyoot test: ✔ scheduler: yields keep handler state and continuations (9.225458ms)
packages/kyoot test: ✔ mapPromise keeps input order and hands each callback its index (9.766375ms)
packages/kyoot test: ✔ forEachPromise runs one item at a time and returns void (3.722666ms)
packages/kyoot test: ✔ reducePromise threads the accumulator in order (0.12325ms)
packages/kyoot test: ✔ a rejected batch callback is a defect, like fromPromise (0.096292ms)
packages/kyoot test: ✔ Async.unsafeIntercept sees one operation for a whole batch (0.253875ms)
packages/kyoot test: ✔ interruption stops a batch before the next item starts (21.7445ms)
packages/kyoot test: ✔ a pending batch callback sees the operation's abort signal (0.184209ms)
packages/kyoot test: ✔ a batch takes the source's length once, so a callback cannot extend it (0.155166ms)
packages/kyoot test: ✔ pure handlers run the whole checkout under runSync (1.71325ms)
packages/kyoot test: ✔ events stream out in order; success is Result.ok (0.600708ms)
packages/kyoot test: ✔ out of stock is a typed failure from checkout itself (0.299ms)
packages/kyoot test: ✔ a declined card is a typed failure introduced by the payments handler (0.298209ms)
packages/kyoot test: ✔ orThrow surfaces a typed failure as a throw (0.370583ms)
packages/kyoot test: ✔ Clock.virtual: sleeps finish at once and add up (1.818083ms)
packages/kyoot test: ✔ Clock.virtual: time is per run, not shared (0.181375ms)
packages/kyoot test: ✔ runPromise serves the clock with real time (36.412541ms)
packages/kyoot test: ✔ a nearer virtual clock wins over the driver's real one (0.442917ms)
packages/kyoot test: ✔ a forked fiber gets the real clock, and interrupt cancels its sleep (0.757667ms)
packages/kyoot test: ✔ same-key declarations with identical contracts interoperate (1.205333ms)
packages/kyoot test: ✔ same continuation contracts compose through handlers and interceptors (0.347625ms)
packages/kyoot test: ✔ resume.with preserves nested continuation contracts (0.109875ms)
packages/kyoot test: ✔ raw-key handlers can give a pure answer to differing continuation contracts (0.145542ms)
packages/kyoot test: ✔ generic handlers retain an undefined payload (0.054125ms)
packages/kyoot test: ✔ fork copier runs per sibling and nested child without mutating parent state (1.891708ms)
packages/kyoot test: ✔ share intentionally aliases mutable state across siblings and parent (0.543667ms)
packages/kyoot test: ✔ scope creates fresh child state (1.308375ms)
packages/kyoot test: ✔ matching optional continuation contracts preserve their runtime requirements (0.601792ms)
packages/kyoot test: ✔ map keeps a returned Kyoot as a value (1.177ms)
packages/kyoot test: ✔ flatMap sequences a returned Kyoot (0.153708ms)
packages/kyoot test: ✔ map chains are trampolined: 100k maps, no stack overflow (21.038833ms)
packages/kyoot test: ✔ pipe threads the computation through functions (0.255625ms)
packages/kyoot test: ✔ gen: yield* plain values and sub-computations (0.338708ms)
packages/kyoot test: ✔ gen isolates repeated, nested, and separate runs (0.661208ms)
packages/kyoot test: ✔ gen keeps direct yield resumption unchanged (0.110416ms)
packages/kyoot test: ✔ gen with an effect, handled (0.387875ms)
packages/kyoot test: ✔ a throw inside map is a defect and surfaces at the edge as-is (0.376875ms)
packages/kyoot test: ✔ a throw inside a gen body is a defect (0.3055ms)
packages/kyoot test: ✔ runSync on an unhandled effect fails loudly at runtime (0.143083ms)
packages/kyoot test: ✔ a continuation dropped by its handler cannot be resumed later (0.268959ms)
packages/kyoot test: ✔ a resume token discarded by its handler cannot be run later (0.204333ms)
packages/kyoot test: ✔ a continuation may only be resumed once (0.31675ms)
packages/kyoot test: ✔ a resume saved from one operation cannot answer a later operation (0.145333ms)
packages/kyoot test: ✔ a resume.with saved from one operation cannot answer a later operation (0.1105ms)
packages/kyoot test: ✔ a resume token saved from one operation cannot answer a later operation (0.104ms)
packages/kyoot test: ✔ a resume.with token saved from one operation cannot answer a later operation (0.106875ms)
packages/kyoot test: ✔ a continuation held past its op still answers that op (0.114958ms)
packages/kyoot test: ✔ a handler that resumes zero times short-circuits (0.062167ms)
packages/kyoot test: ✔ an op escaping a yielded handler node keeps the outer continuation (0.069375ms)
packages/kyoot test: ✔ a throw inside onOp goes to the same handler's onDefect (0.043416ms)
packages/kyoot test: ✔ resume.with continues the program at the op, where its own handlers see it (0.066625ms)
packages/kyoot test: ✔ intercept answers some ops and performs the rest for the handler outside (0.195583ms)
packages/kyoot test: ✔ intercept with a cell: state per run, fresh each run (0.124708ms)
packages/kyoot test: ✔ Clock, Log, and Random intercept: scale time, redact, fix the dice (0.403584ms)
packages/kyoot test: ✔ Clock.intercept caps real sleeps under runPromise (7.832708ms)
packages/kyoot test: ✔ Emit and Sync intercept: rewrite values, wrap thunks (0.362084ms)
packages/kyoot test: ✔ Fail.intercept sees a failure on its way out and passes it on (0.394ms)
packages/kyoot test: ✔ Env intercept wraps the service the handler outside provides (0.294125ms)
packages/kyoot test: ✔ Var intercept validates a set; the failure lands at the set (0.288958ms)
packages/kyoot test: ✔ Resource intercept sees each acquire (1.093792ms)
packages/kyoot test: ✔ Async intercept sees every async op; a fiber forked through it keeps the frames inside (0.618875ms)
packages/kyoot test: ✔ Env: provide answers the service key (1.344791ms)
packages/kyoot test: ✔ Env: tags yield directly (0.333042ms)
packages/kyoot test: ✔ Env: multiple services get distinct keys (0.21875ms)
packages/kyoot test: ✔ Var: get/set/update (0.627208ms)
packages/kyoot test: ✔ Var: same-typed tags stay independent (0.151542ms)
packages/kyoot test: ✔ Var: nested scopes shadow and restore (0.130209ms)
packages/kyoot test: ✔ Var: each execution gets a fresh state frame (0.113334ms)
packages/kyoot test: ✔ Emit.collect collects everything emitted (0.190583ms)
packages/kyoot test: ✔ Emit.forEach consumes values as they happen (0.271666ms)
packages/kyoot test: ✔ Emit.discard drops the stream (0.213292ms)
packages/kyoot test: ✔ Sync.defer is lazy and Sync.run discharges it (0.145167ms)
packages/kyoot test: ✔ Sync.defer: a throwing thunk is a defect, not a typed failure (0.420125ms)
packages/kyoot test: ✔ Env: provide(make) runs the program, which may use a handler outside (0.991834ms)
packages/kyoot test: ✔ Env: provide(make) runs once per run, however often the service is used (0.257ms)
packages/kyoot test: ✔ Env: a resource the program opens is released after the program (0.805667ms)
packages/kyoot test: ✔ Env: a program that fails fails the whole program (0.342416ms)
packages/kyoot test: ✔ Env: intercept wraps a provided service (0.333167ms)
packages/kyoot test: ✔ Fail.run: success becomes Result.ok (13.252625ms)
packages/kyoot test: ✔ Fail.run: typed failure becomes Result with a Fail cause (0.409334ms)
packages/kyoot test: ✔ Fail.run: a defect lands in the defect channel, not the error channel (0.281709ms)
packages/kyoot test: ✔ defects bypass Fail.catchAll (0.316167ms)
packages/kyoot test: ✔ Fail.catchAll replaces a typed failure with a new computation (0.172708ms)
packages/kyoot test: ✔ Fail.orThrow throws the error value at the edge (0.212375ms)
packages/kyoot test: ✔ handler order: Var before Fail is transactional — failure carries no state (0.271708ms)
packages/kyoot test: ✔ handler order: Fail before Var — state survives failure (0.297041ms)
packages/kyoot test: ✔ Fail.catchTag: handles one tag and re-fails the rest (0.406417ms)
packages/kyoot test: ✔ Fail.mapError: rewrites the failure (0.169291ms)
packages/kyoot test: ✔ generator: finally runs when Fail.run drops the continuation (2.001875ms)
packages/kyoot test: ✔ generator: catchAll recovers, then the dropped frame closes (0.330417ms)
packages/kyoot test: ✔ generator: finally runs when Fail.orThrow drops the continuation (0.376416ms)
packages/kyoot test: ✔ generator: finally runs when a custom handler answers without resuming (0.149792ms)
packages/kyoot test: ✔ generator: nested generators close innermost first (0.152666ms)
packages/kyoot test: ✔ generator: a defect closes the frames it unwinds past (0.182167ms)
packages/kyoot test: ✔ generator: finally still runs on normal completion and on a thrown error (0.1825ms)
packages/kyoot test: ✔ generator: finally runs before an outer Resource releases (0.539708ms)
packages/kyoot test: ✔ generator: a finally that yields is a defect, not half-run cleanup (0.3025ms)
packages/kyoot test: ✔ generator: a finally that throws surfaces after the rest of the cleanup (0.349541ms)
packages/kyoot test: ✔ generator: an unhandled effect at the edge closes the frame (0.869292ms)
packages/kyoot test: ✔ generator: finally runs when a fiber is interrupted (0.866792ms)
packages/kyoot test: ✔ generator: a drop that ends in an unhandled effect still closes the frame (0.160333ms)
packages/kyoot test: ✔ generator: a claimed continuation that never lands closes too (0.201625ms)
packages/kyoot test: ✔ generator: frames queued behind a cleanup program close when the machine stops (0.412ms)
packages/kyoot test: ✔ generator: an outer finally that throws replaces the inner one's error (0.243667ms)
packages/kyoot test: ✔ generator: the outer error also wins when the machine stops with a stack (0.170208ms)
packages/kyoot test: ✔ generator: a handler that discards the resume token still drops the continuation (0.107083ms)
packages/kyoot test: ✔ generator: a token saved past a closed continuation cannot restore it (0.112ms)
packages/kyoot test: ✔ generator: a frame queued inside a dropped continuation closes too (0.122791ms)
packages/kyoot test: ✔ generator: a dropped cleanup plan still reports the error its finally raised (0.139292ms)
packages/kyoot test: ✔ Log.collect gathers entries in order (4.898625ms)
packages/kyoot test: ✔ Log.discard drops them (0.234791ms)
packages/kyoot test: ✔ Random.seeded is deterministic and in range (2.036833ms)
packages/kyoot test: ✔ Random.live draws from Math.random (0.214292ms)
packages/kyoot test: ✔ Resource: release runs on success (1.088042ms)
packages/kyoot test: ✔ Resource: sync releases on an unhandled effect (0.276ms)
packages/kyoot test: ✔ Resource: fiber releases on an unhandled effect (0.247709ms)
packages/kyoot test: ✔ Resource: a typed release failure does not skip older finalizers (0.185959ms)
packages/kyoot test: ✔ Resource: the body defect wins over typed release failures (0.168ms)
packages/kyoot test: ✔ Resource: finalizers run in LIFO order (0.086ms)
packages/kyoot test: ✔ Resource: release runs on typed failure (Resource outside Fail) (0.083333ms)
packages/kyoot test: ✔ Resource: release runs on defect (0.0995ms)
packages/kyoot test: ✔ Resource: a finalizer may be a program (runs on success) (11.005083ms)
packages/kyoot test: ✔ Resource: program finalizers run on defect and the defect wins (4.873541ms)
packages/kyoot test: ✔ Resource: program finalizers run to completion on interrupt (10.736292ms)
packages/kyoot test: ✔ a rejected async op is a defect that handlers see (0.101458ms)
packages/kyoot test: ✔ Resource: an acquire that throws releases what the scope already holds (0.0675ms)
packages/kyoot test: ✔ Resource inside Fail.run: a failure still releases (0.130541ms)
packages/kyoot test: ✔ Resource inside catchAll: the recovery runs, then the scope is released (0.090583ms)
packages/kyoot test: ✔ Resource inside a catchTag that passes the failure on: the outer catch releases (0.07125ms)
packages/kyoot test: ✔ a handler that performs an op and then does not resume releases after its op (0.063542ms)
packages/kyoot test: ✔ a handler that resumes does not release early (0.079625ms)
packages/kyoot test: ✔ a handler that claims a resume token and discards it still releases (0.136875ms)
packages/kyoot test: ✔ a handler that claims a resume.with token and discards it still releases (0.068ms)
packages/kyoot test: ✔ a discarded resume token releases nested captured resources, innermost first (0.081166ms)
packages/kyoot test: ✔ a discarded resume token releases a captured resource whose finalizer is async (0.069791ms)
packages/kyoot test: ✔ a resume token returned later in the handler's program still resumes (0.054458ms)
packages/kyoot test: ✔ Retry: re-runs until success, sleeping between attempts (1.53325ms)
packages/kyoot test: ✔ Retry: gives up after `times` retries with the last failure (0.189084ms)
packages/kyoot test: ✔ Retry: gives up when `while` rejects the failure (0.253167ms)
packages/kyoot test: ✔ Retry: defects are not retried (0.582084ms)
packages/kyoot test: ✔ Retry: works under runPromise with the real clock (5.681291ms)
packages/kyoot test: ✔ Emit.fromIterable + map + run (1.873208ms)
packages/kyoot test: ✔ Emit.forEach with an effectful callback (0.269458ms)
packages/kyoot test: ✔ Emit.fromAsyncIterable → toAsyncIterable round trip (1.069333ms)
packages/kyoot test: ✔ fromAsyncIterable removes settled abort listeners (0.937375ms)
packages/kyoot test: ✔ toAsyncIterable: breaking early interrupts the producer (0.573166ms)
packages/kyoot test: ✔ toAsyncIterable: a defect in the producer rejects the consumer (0.364958ms)
packages/kyoot test: ✔ toAsyncIterable: the producer runs at most `buffer` items ahead (1.056292ms)
packages/kyoot test: ✔ toAsyncIterable: breaking while the producer is parked interrupts it (0.412708ms)
packages/kyoot test: ✔ toAsyncIterable: a producer that throws undefined rejects the consumer (0.215125ms)
packages/kyoot test: ✔ toAsyncIterable: a defect after an emission delivers the item, then rejects (0.203333ms)
packages/kyoot test: ✔ toAsyncIterable: an empty stream still completes (0.145041ms)
packages/kyoot test: ✔ toAsyncIterable: a producer that throws null rejects the consumer (0.152125ms)
packages/kyoot test: ✔ toAsyncIterable: a producer that throws 0 rejects the consumer (0.080625ms)
packages/kyoot test: ✔ toAsyncIterable: a producer that throws false rejects the consumer (0.072792ms)
packages/kyoot test: ✔ toAsyncIterable: a producer that throws "" rejects the consumer (0.096041ms)
packages/kyoot test: ℹ tests 205
packages/kyoot test: ℹ suites 0
packages/kyoot test: ℹ pass 205
packages/kyoot test: ℹ fail 0
packages/kyoot test: ℹ cancelled 0
packages/kyoot test: ℹ skipped 0
packages/kyoot test: ℹ todo 0
packages/kyoot test: ℹ duration_ms 587.562208
packages/kyoot test: Done
packages/platform test$ node --test test/*.test.ts
packages/ai test$ node --test test/*.test.ts
packages/registry test$ node --test test/*.test.ts
packages/ai test: ✔ ask: runs tool calls as effects and feeds results back (4.281958ms)
packages/ai test: ✔ gen: decodes the answer tool, sending bad arguments back (1.177209ms)
packages/ai test: ✔ ask: gives up with TooManyRounds (0.936791ms)
packages/ai test: ✔ generate: one shot, returns the new messages (0.175125ms)
packages/ai test: ✔ instances keep history; agents compose as tools with their own model (0.900458ms)
packages/ai test: ✔ modes: system prompts and config layer around the model (0.435708ms)
packages/ai test: ✔ events: text from the provider, calls and results from the loop (0.406167ms)
packages/ai test: ✔ approval is an effect the tool performs (0.478583ms)
packages/ai test: ✔ a tool's typed failure goes back to the model, not up the stack (0.41025ms)
packages/ai test: ✔ void tools produce string receipts (0.357333ms)
packages/ai test: ✔ structured output rejects reserved tool names before execution (0.544458ms)
packages/ai test: ✔ chatCompletions cancels an open body after malformed calls (99.02325ms)
packages/ai test: ✔ chatCompletions interruption cancels a pending stream read (1.122459ms)
packages/ai test: ✔ chatCompletions streams text, a split tool call, and usage (1.525709ms)
packages/ai test: ✔ chatCompletions retries 429 with virtual backoff (10.543208ms)
packages/ai test: ✔ chatCompletions does not retry 401 (0.575083ms)
packages/ai test: ✔ chatCompletions rejects oversized call index (0.663208ms)
packages/ai test: ✔ chatCompletions rejects missing preceding call index (0.631709ms)
packages/ai test: ✔ chatCompletions rejects non-string name fragment (0.657125ms)
packages/ai test: ✔ chatCompletions rejects non-string argument fragment (0.601167ms)
packages/ai test: ✔ chatCompletions rejects conflicting call ids (0.549833ms)
packages/ai test: ✔ chatCompletions rejects duplicate assembled call ids (0.639084ms)
packages/ai test: ✔ chatCompletions rejects non-object chunk (0.371708ms)
packages/ai test: ✔ chatCompletions rejects non-array choices (0.386708ms)
packages/ai test: ✔ chatCompletions rejects null choice (0.294583ms)
packages/ai test: ✔ chatCompletions rejects non-object delta (17.547458ms)
packages/ai test: ✔ chatCompletions rejects non-array tool calls (1.91525ms)
packages/ai test: ✔ chatCompletions rejects null tool call (1.03125ms)
packages/ai test: ✔ chatCompletions rejects non-string content (1.365125ms)
packages/ai test: ✔ chatCompletions rejects invalid usage (0.298834ms)
packages/ai test: ✔ chatCompletions rejects truncated stream (1.3835ms)
packages/ai test: ✔ chatCompletions rejects missing call id (1.104291ms)
packages/ai test: ✔ chatCompletions rejects missing call name (0.351792ms)
packages/ai test: ✔ chatCompletions rejects invalid call index (0.212291ms)
packages/ai test: ✔ sse: parses data events split across chunks and stops at [DONE] (115.866709ms)
packages/ai test: ✔ sse: ends lines on CRLF, CR, and LF (1.106917ms)
packages/ai test: ✔ sse: a CR at the end of a chunk ends one line, CRLF or not (0.648916ms)
packages/ai test: ✔ sse: ignores comment lines (0.42925ms)
packages/ai test: ✔ sse: keeps the data of an event that has other fields (0.641375ms)
packages/ai test: ✔ sse: joins data lines with newlines, and a bare data line adds one (0.437375ms)
packages/ai test: ✔ sse: yields nothing for an event with no data (0.466709ms)
packages/ai test: ✔ sse: discards data the stream never terminates with a blank line (0.280042ms)
packages/ai test: ✔ sse: stops at [DONE] with or without the leading space (0.240333ms)
packages/ai test: ✔ sse: decodes a multi-byte character split across chunks (0.820166ms)
packages/ai test: ✔ structured output records every call in answer, write (37.810167ms)
packages/ai test: ✔ structured output records every call in write, answer (0.338709ms)
packages/ai test: ✔ the first valid answer wins while later answers and tools receive receipts (0.899042ms)
packages/ai test: ✔ an undefined structured answer is retained until later tools finish (0.589917ms)
packages/ai test: ✔ a retained answer survives later approval and result notification failures (0.839667ms)
packages/ai test: ✔ an answer does not bypass a later denied tool (0.309041ms)
packages/ai test: ✔ an answer does not bypass a later failed tool (0.2435ms)
packages/ai test: ✔ a later unknown tool outcome prevents publishing the retained answer (0.328792ms)
packages/ai test: ✔ accepted completions are isolated from later provider mutation (0.2875ms)
packages/ai test: ✔ event consumers cannot mutate accepted tool calls (0.327583ms)
packages/ai test: ✔ pending calls use the accepted completion after a notification failure (0.273917ms)
packages/ai test: ✔ AI.discard releases a failed ask convenience turn (0.243916ms)
packages/ai test: ✔ AI.discard releases a failed gen convenience turn (0.157583ms)
packages/ai test: ✔ AI.discard rejects an active convenience turn and leaves it running (0.301458ms)
packages/ai test: ✔ result encoding defects report an unknown outcome immediately without replay (0.162167ms)
packages/registry test: ✔ interrupted use releases setup before its caller settles and cannot reactivate (4.574792ms)
packages/registry test: ✔ each evaluation of one use program has its own registration (12.740625ms)
packages/ai test: ✔ whole-turn Retry retains successful tool receipts and one prompt (4.403958ms)
packages/ai test: ✔ failure of the first model request does not duplicate the prompt (0.386125ms)
packages/ai test: ✔ direct generate retains completed model and receipts (0.468166ms)
packages/ai test: ✔ failed notification preserves model completion and earlier tool receipts (0.698959ms)
packages/ai test: ✔ a failing call notification does not lose the stored completion (0.516334ms)
packages/ai test: ✔ tool defects retain an unknown outcome and never repeat the action (0.707167ms)
packages/ai test: ✔ concurrent turns and concurrent runs fail before changing the conversation (0.809167ms)
packages/ai test: ✔ failed turns retain ownership until explicit discard (0.34225ms)
packages/ai test: ✔ history is a frozen snapshot (0.275667ms)
packages/ai test: ✔ an interrupted action stays unknown and releases the running guard (0.916458ms)
packages/ai test: ✔ approval is retained separately when a later notification fails (0.464625ms)
packages/ai test: ✔ earlier receipts survive an unknown later tool in the same completion (0.421292ms)
packages/ai test: ✔ turn construction snapshots the tool list for later execution (0.267458ms)
packages/ai test: ℹ tests 72
packages/ai test: ℹ suites 0
packages/ai test: ℹ pass 72
packages/ai test: ℹ fail 0
packages/ai test: ℹ cancelled 0
packages/ai test: ℹ skipped 0
packages/ai test: ℹ todo 0
packages/ai test: ℹ duration_ms 420.588292
packages/ai test: Done
packages/registry test: ✔ rapid provider churn keeps activations balanced (5.744166ms)
packages/registry test: ✔ synchronous root finalizers do not lose notify transitions (4.2575ms)
packages/registry test: ✔ a component activates when its dependencies appear (4.097541ms)
packages/registry test: ✔ withdrawing a provider tears down dependents first (0.903083ms)
packages/registry test: ✔ hot swap: a replacement provider reactivates dependents on the new value (1.331584ms)
packages/registry test: ✔ a root binding counts as a provider (0.354042ms)
packages/registry test: ✔ a component whose setup throws is inactive with the error, and others keep working (0.479375ms)
packages/registry test: ✔ dispose unloads in reverse order (0.577875ms)
packages/registry test: ✔ a dependency chain stops and starts in dependency order (1.621167ms)
packages/registry test: ✔ a diamond dependent changes state once for each missing edge (0.875792ms)
packages/registry test: ✔ a component waits until all injected tags are present (0.6865ms)
packages/registry test: ✔ a target flip during setup releases partial resources (0.614542ms)
packages/registry test: ✔ failed setup releases resources, preserves peers, and retries after a target flip (0.561709ms)
packages/registry test: ✔ use waits for setup to land (0.571667ms)
packages/registry test: ✔ a root binding is withdrawn when its resource scope ends (0.299417ms)
packages/registry test: ✔ dispose waits for an in-flight setup and leaves no resources (0.19075ms)
packages/registry test: ✔ remove is idempotent and does not orphan another component (0.16925ms)
packages/registry test: ✔ interrupting a registry program releases components in reverse order (0.261125ms)
packages/registry test: ✔ two registries do not share bindings (0.320666ms)
packages/registry test: ✔ a duplicate provider fails its setup and leaves the first binding alone (0.740125ms)
packages/registry test: ✔ a binding becomes visible only when its provider lands (0.256166ms)
packages/registry test: ℹ tests 23
packages/registry test: ℹ suites 0
packages/registry test: ℹ pass 23
packages/registry test: ℹ fail 0
packages/registry test: ℹ cancelled 0
packages/registry test: ℹ skipped 0
packages/registry test: ℹ todo 0
packages/registry test: ℹ duration_ms 418.561041
packages/registry test: Done
packages/platform test: ✔ command: interrupt stops a ready child before its delayed side effect (817.5975ms)
packages/platform test: ✔ command: stdout has a default byte bound (91.264667ms)
packages/platform test: ✔ command: stdout respects a smaller byte bound (70.275417ms)
packages/platform test: ✔ command: stdout accepts larger output with a larger bounded allowance (71.354791ms)
packages/platform test: ✔ command: stderr has a default byte bound (77.502916ms)
packages/platform test: ✔ command: stderr respects a smaller byte bound (79.900125ms)
packages/platform test: ✔ command: stderr accepts larger output with a larger bounded allowance (75.60875ms)
packages/platform test: ✔ command: each stream can fill its default allowance independently (77.464208ms)
packages/platform test: ✔ command: an exact custom UTF-8 byte allowance succeeds (72.331125ms)
packages/platform test: ✔ command: zero allowance accepts only empty output (136.443625ms)
packages/platform test: ✔ command: output allowances must be bounded integer byte counts (0.279125ms)
packages/platform test: ✔ command: exit code and output (69.93975ms)
packages/platform test: ✔ command: stdin, cwd, env (73.568916ms)
packages/platform test: ✔ command: a program that cannot start is a CommandError (2.014375ms)
packages/platform test: ✔ command: a fake handler (0.068209ms)
packages/platform test: ✔ unsafeHandler preserves operation state and completion mapping (1.794125ms)
packages/platform test: ✔ unsafeHandle delivers filesystem failures to the program's catch (0.451792ms)
packages/platform test: ✔ the same program runs against the in-memory file system (4.614125ms)
packages/platform test: ✔ and against the real one (36.576375ms)
packages/platform test: ✔ memory: errors carry codes (0.433ms)
packages/platform test: ✔ memory: recursive mkdir does not replace a file (0.19375ms)
packages/platform test: ✔ node: errors carry codes (0.798667ms)
packages/platform test: ✔ node: exists returns false when a path component is not a directory (1.263083ms)
packages/platform test: ✔ rename refuses a directory descendant /d/sub/moved without changing the tree (2.147917ms)
packages/platform test: ✔ rename refuses a directory descendant /d/sub/../sub/moved without changing the tree (4.864375ms)
packages/platform test: ✔ memory: rename to the same normalized path is a no-op (0.369167ms)
packages/platform test: ✔ rename refuses file over directory without changing files (2.782833ms)
packages/platform test: ✔ rename refuses directory over file without changing files (2.395792ms)
packages/platform test: ✔ rename refuses directory over nonempty directory without changing files (2.869959ms)
packages/platform test: ✔ memory: directory rename replaces an empty destination and preserves the moved subtree (0.803708ms)
packages/platform test: ✔ memory: sibling names with a shared prefix are not descendants (0.100875ms)
packages/platform test: ✔ memory: file rename replaces an existing file (0.186166ms)
packages/platform test: ✔ a failure lands at the op, where the program's own catch sees it (3.368083ms)
packages/platform test: ✔ handlers between the program and the file system see every op (2.136292ms)
packages/platform test: ✔ confine takes the paths a prefix test lets through (0.3475ms)
packages/platform test: ✔ confine checks the destination of a rename, and takes an absolute POSIX root (0.559084ms)
packages/platform test: ℹ tests 36
packages/platform test: ℹ suites 0
packages/platform test: ℹ pass 36
packages/platform test: ℹ fail 0
packages/platform test: ℹ cancelled 0
packages/platform test: ℹ skipped 0
packages/platform test: ℹ todo 0
packages/platform test: ℹ duration_ms 2029.818917
packages/platform test: Done
