Scope: all 6 workspace projects
✓ Lockfile passes supply-chain policies (verified 1h ago)
Lockfile is up to date, resolution step is skipped
Already up to date

Done in 163ms using pnpm v11.13.0
$ pnpm format:check && pnpm lint && pnpm typecheck && pnpm test
$ oxfmt --check .
Checking formatting...

All matched files use the correct format.
Finished in 434ms on 140 files using 10 threads.
$ oxlint
$ pnpm -r typecheck
Scope: 5 of 6 workspace projects
packages/kyoot typecheck$ tsc -p tsconfig.json
packages/kyoot typecheck: test/continuation-contract.test-d.ts(131,1): error TS2578: Unused '@ts-expect-error' directive.
packages/kyoot typecheck: test/continuation-contract.test-d.ts(135,1): error TS2578: Unused '@ts-expect-error' directive.
packages/kyoot typecheck: test/continuation-contract.test-d.ts(139,1): error TS2578: Unused '@ts-expect-error' directive.
packages/kyoot typecheck: Failed
/Users/texoport/code/kyoot-cleanup/packages/kyoot:
[ERR_PNPM_RECURSIVE_RUN_FIRST_FAIL] kyoot@0.1.0 typecheck: `tsc -p tsconfig.json`
Exit status 1
[ELIFECYCLE] Command failed with exit code 1.
[ELIFECYCLE] Command failed with exit code 1.
