Scope: all 6 workspace projects
✓ Lockfile passes supply-chain policies (verified 27m ago)
Lockfile is up to date, resolution step is skipped
Already up to date

Done in 153ms using pnpm v11.13.0
$ pnpm format:check && pnpm lint && pnpm typecheck && pnpm test
$ oxfmt --check .
Checking formatting...

All matched files use the correct format.
Finished in 283ms on 110 files using 10 threads.
$ oxlint
$ pnpm -r typecheck
Scope: 5 of 6 workspace projects
packages/kyoot typecheck$ tsc -p tsconfig.json
packages/kyoot typecheck: Done
packages/ai typecheck$ tsc -p tsconfig.json
packages/registry typecheck$ tsc -p tsconfig.json
packages/bench typecheck$ tsc -p tsconfig.json
packages/platform typecheck$ tsc -p tsconfig.json
packages/bench typecheck: Done
packages/registry typecheck: Done
packages/platform typecheck: Done
packages/ai typecheck: Done
$ pnpm -r test
Scope: 5 of 6 workspace projects
packages/kyoot test$ node --test test/*.test.ts
packages/kyoot test: ✔ fromPromise resolves through runPromise (0.746375ms)
packages/kyoot test: ✔ fromPromise exposes an AbortSignal from day one (0.079ms)
packages/kyoot test: ✔ fromPromise sends a synchronous throw to Fail.run as a defect (0.149791ms)
packages/kyoot test: ✔ fork/join: a fiber is an independent interpreter loop (10.035417ms)
packages/kyoot test: ✔ concurrent fibers may yield the same node (1.157584ms)
packages/kyoot test: ✔ fiber.await returns a Result instead of throwing (0.701375ms)
packages/kyoot test: ✔ race: first to complete wins (6.243083ms)
packages/kyoot test: ✔ timeout: a slow computation fails with a typed Timeout (6.46875ms)
packages/kyoot test: ✔ timeout: a fast computation wins (6.37ms)
packages/kyoot test: ✔ timeout inside a gen resumes the surrounding computation (6.336541ms)
packages/kyoot test: ✔ runPromise surfaces defects as rejections (1.789959ms)
packages/kyoot test: ✔ runPromise on an unhandled non-async effect rejects loudly (0.217291ms)
packages/kyoot test: ✔ runSync rejects an async op at runtime (0.079667ms)
packages/kyoot test: ✔ interrupt: finalizers run and await reports Interrupted (0.258833ms)
packages/kyoot test: ✔ structured concurrency: a completed parent interrupts its children (0.108417ms)
packages/kyoot test: ✔ interrupt: stale wait may resolve before async cleanup (0.154666ms)
packages/kyoot test: ✔ interrupt: stale wait may reject before async cleanup (0.068208ms)
packages/kyoot test: ✔ interrupt: stale wait may resolve after async cleanup (0.089042ms)
packages/kyoot test: ✔ interrupt: stale wait may reject after async cleanup (0.05725ms)
packages/kyoot test: ✔ all: results come back in input order, not completion order (20.589041ms)
packages/kyoot test: ✔ all: branches run concurrently (20.834541ms)
packages/kyoot test: ✔ all: empty array resolves immediately (0.128709ms)
packages/kyoot test: ✔ all: NaN concurrency runs every branch (0.164625ms)
packages/kyoot test: ✔ all: first failure interrupts the rest and runs their finalizers (6.175291ms)
packages/kyoot test: ✔ all: interrupting the parent interrupts every branch (11.694916ms)
packages/kyoot test: ✔ race interrupts the loser and runs its finalizers (6.119708ms)
packages/kyoot test: ✔ timeout interrupts the branch and runs its finalizers (5.650542ms)
packages/kyoot test: ✔ fromPromise's signal fires on interruption (0.158334ms)
packages/kyoot test: ✔ joining an interrupted fiber interrupts the joiner (0.085125ms)
packages/kyoot test: ✔ all: concurrency limit bounds in-flight fibers and keeps order (17.849458ms)
packages/kyoot test: ✔ all: a failure stops scheduling the rest (3.251292ms)
packages/kyoot test: ✔ fork: a fiber sees the Env provided outside the fork (0.248083ms)
packages/kyoot test: ✔ fork: Log.collect around the fork gathers the fiber's entries (0.115667ms)
packages/kyoot test: ✔ fork: Emit.collect around the fork collects what fibers emit (0.098625ms)
packages/kyoot test: ✔ fork: a collecting handler is fresh per run, even when forked into (0.066625ms)
packages/kyoot test: ✔ fork: a typed failure in the fiber crosses join as a fail op (0.468833ms)
packages/kyoot test: ✔ fork: fiber.await reports a typed failure as a Fail cause (0.066625ms)
packages/kyoot test: ✔ race: a failing branch that finishes first fails the race, typed (1.495292ms)
packages/kyoot test: ✔ all: a typed failure in one branch fails the whole, and the rest are interrupted (1.197583ms)
packages/kyoot test: ✔ fork: Resource.run outside the fork gives the fiber a scope of its own (1.557333ms)
packages/kyoot test: ✔ fork: Clock.virtual outside the fork makes the fiber's sleeps instant (0.251208ms)
packages/kyoot test: ✔ fork: a copied handler that returns instead of resuming is a defect (0.198583ms)
packages/kyoot test: ✔ fork: a handler marked fork: none stops at the fiber, loudly (0.126959ms)
packages/kyoot test: ✔ fork: a copied handler that fails in its own scope fails the fiber, typed (0.259625ms)
packages/kyoot test: ✔ fork: a typed failure still ends the fiber's own scope (0.165625ms)
packages/kyoot test: ✔ fork: a user effect handled outside the fork answers inside it (0.152958ms)
packages/kyoot test: ✔ scheduler: a hot loop in one fiber does not starve a sleeper (25.808208ms)
packages/kyoot test: ✔ scheduler: a hot loop can be interrupted (1.300083ms)
packages/kyoot test: ✔ scheduler: runSync never yields (1.54025ms)
packages/kyoot test: ✔ scheduler: yields keep handler state and continuations (6.630166ms)
packages/kyoot test: ✔ mapPromise keeps input order and hands each callback its index (9.384875ms)
packages/kyoot test: ✔ forEachPromise runs one item at a time and returns void (2.557917ms)
packages/kyoot test: ✔ reducePromise threads the accumulator in order (0.093042ms)
packages/kyoot test: ✔ a rejected batch callback is a defect, like fromPromise (0.078459ms)
packages/kyoot test: ✔ Async.intercept sees one operation for a whole batch (0.187375ms)
packages/kyoot test: ✔ interruption stops a batch before the next item starts (20.974208ms)
packages/kyoot test: ✔ a pending batch callback sees the operation's abort signal (0.187916ms)
packages/kyoot test: ✔ a batch takes the source's length once, so a callback cannot extend it (0.118292ms)
packages/kyoot test: ✔ pure handlers run the whole checkout under runSync (0.89525ms)
packages/kyoot test: ✔ events stream out in order; success is Result.ok (0.277584ms)
packages/kyoot test: ✔ out of stock is a typed failure from checkout itself (0.148167ms)
packages/kyoot test: ✔ a declined card is a typed failure introduced by the payments handler (0.230167ms)
packages/kyoot test: ✔ orThrow surfaces a typed failure as a throw (0.272125ms)
packages/kyoot test: ✔ Clock.virtual: sleeps finish at once and add up (0.732083ms)
packages/kyoot test: ✔ Clock.virtual: time is per run, not shared (0.071292ms)
packages/kyoot test: ✔ runPromise serves the clock with real time (41.245959ms)
packages/kyoot test: ✔ a nearer virtual clock wins over the driver's real one (0.2045ms)
packages/kyoot test: ✔ a forked fiber gets the real clock, and interrupt cancels its sleep (0.394958ms)
packages/kyoot test: ✔ map keeps a returned Kyoot as a value (0.557625ms)
packages/kyoot test: ✔ flatMap sequences a returned Kyoot (0.067334ms)
packages/kyoot test: ✔ map chains are trampolined: 100k maps, no stack overflow (13.521042ms)
packages/kyoot test: ✔ pipe threads the computation through functions (0.101ms)
packages/kyoot test: ✔ gen: yield* plain values and sub-computations (0.102708ms)
packages/kyoot test: ✔ gen isolates repeated, nested, and separate runs (0.349791ms)
packages/kyoot test: ✔ gen keeps direct yield resumption unchanged (0.050042ms)
packages/kyoot test: ✔ gen with an effect, handled (0.194542ms)
packages/kyoot test: ✔ a throw inside map is a defect and surfaces at the edge as-is (0.1945ms)
packages/kyoot test: ✔ a throw inside a gen body is a defect (0.086458ms)
packages/kyoot test: ✔ runSync on an unhandled effect fails loudly at runtime (0.064792ms)
packages/kyoot test: ✔ a continuation dropped by its handler cannot be resumed later (0.142333ms)
packages/kyoot test: ✔ a resume token discarded by its handler cannot be run later (0.081333ms)
packages/kyoot test: ✔ a continuation may only be resumed once (0.058ms)
packages/kyoot test: ✔ a resume saved from one operation cannot answer a later operation (0.060292ms)
packages/kyoot test: ✔ a resume.with saved from one operation cannot answer a later operation (0.065167ms)
packages/kyoot test: ✔ a resume token saved from one operation cannot answer a later operation (0.067417ms)
packages/kyoot test: ✔ a resume.with token saved from one operation cannot answer a later operation (0.050167ms)
packages/kyoot test: ✔ a continuation held past its op still answers that op (0.0665ms)
packages/kyoot test: ✔ a handler that resumes zero times short-circuits (0.036667ms)
packages/kyoot test: ✔ an op escaping a yielded handler node keeps the outer continuation (0.036875ms)
packages/kyoot test: ✔ a throw inside onOp goes to the same handler's onDefect (0.042584ms)
packages/kyoot test: ✔ resume.with continues the program at the op, where its own handlers see it (0.056416ms)
packages/kyoot test: ✔ intercept answers some ops and performs the rest for the handler outside (0.084083ms)
packages/kyoot test: ✔ intercept with a cell: state per run, fresh each run (0.079417ms)
packages/kyoot test: ✔ Clock, Log, and Random intercept: scale time, redact, fix the dice (0.152584ms)
packages/kyoot test: ✔ Clock.intercept caps real sleeps under runPromise (2.95925ms)
packages/kyoot test: ✔ Emit and Sync intercept: rewrite values, wrap thunks (0.152666ms)
packages/kyoot test: ✔ Fail.intercept sees a failure on its way out and passes it on (0.137166ms)
packages/kyoot test: ✔ Env intercept wraps the service the handler outside provides (0.324792ms)
packages/kyoot test: ✔ Var intercept validates a set; the failure lands at the set (0.10175ms)
packages/kyoot test: ✔ Resource intercept sees each acquire (0.104666ms)
packages/kyoot test: ✔ Async intercept sees every async op; a fiber forked through it keeps the frames inside (0.204791ms)
packages/kyoot test: ✔ Env: provide answers the service key (0.59875ms)
packages/kyoot test: ✔ Env: tags yield directly (0.084667ms)
packages/kyoot test: ✔ Env: multiple services get distinct keys (0.071333ms)
packages/kyoot test: ✔ Var: get/set/update (0.322ms)
packages/kyoot test: ✔ Var: same-typed tags stay independent (0.110375ms)
packages/kyoot test: ✔ Var: nested scopes shadow and restore (0.087416ms)
packages/kyoot test: ✔ Var: each execution gets a fresh state frame (0.0675ms)
packages/kyoot test: ✔ Emit.collect collects everything emitted (0.090208ms)
packages/kyoot test: ✔ Emit.forEach consumes values as they happen (0.086375ms)
packages/kyoot test: ✔ Emit.discard drops the stream (0.079125ms)
packages/kyoot test: ✔ Sync.defer is lazy and Sync.run discharges it (0.063458ms)
packages/kyoot test: ✔ Sync.defer: a throwing thunk is a defect, not a typed failure (3.508583ms)
packages/kyoot test: ✔ Env: provide(make) runs the program, which may use a handler outside (20.0215ms)
packages/kyoot test: ✔ Env: provide(make) runs once per run, however often the service is used (0.147542ms)
packages/kyoot test: ✔ Env: a resource the program opens is released after the program (0.4355ms)
packages/kyoot test: ✔ Env: a program that fails fails the whole program (0.159333ms)
packages/kyoot test: ✔ Env: intercept wraps a provided service (0.141375ms)
packages/kyoot test: ✔ Fail.run: success becomes Result.ok (1.5935ms)
packages/kyoot test: ✔ Fail.run: typed failure becomes Result with a Fail cause (0.423709ms)
packages/kyoot test: ✔ Fail.run: a defect lands in the defect channel, not the error channel (0.184667ms)
packages/kyoot test: ✔ defects bypass Fail.catchAll (0.205ms)
packages/kyoot test: ✔ Fail.catchAll replaces a typed failure with a new computation (0.088042ms)
packages/kyoot test: ✔ Fail.orThrow throws the error value at the edge (0.075333ms)
packages/kyoot test: ✔ handler order: Var before Fail is transactional — failure carries no state (0.118541ms)
packages/kyoot test: ✔ handler order: Fail before Var — state survives failure (0.077292ms)
packages/kyoot test: ✔ Fail.catchTag: handles one tag and re-fails the rest (0.175375ms)
packages/kyoot test: ✔ Fail.mapError: rewrites the failure (0.091ms)
packages/kyoot test: ✔ generator: finally runs when Fail.run drops the continuation (0.920208ms)
packages/kyoot test: ✔ generator: catchAll recovers, then the dropped frame closes (0.147333ms)
packages/kyoot test: ✔ generator: finally runs when Fail.orThrow drops the continuation (0.183333ms)
packages/kyoot test: ✔ generator: finally runs when a custom handler answers without resuming (0.061583ms)
packages/kyoot test: ✔ generator: nested generators close innermost first (0.071042ms)
packages/kyoot test: ✔ generator: a defect closes the frames it unwinds past (0.091666ms)
packages/kyoot test: ✔ generator: finally still runs on normal completion and on a thrown error (0.092958ms)
packages/kyoot test: ✔ generator: finally runs before an outer Resource releases (0.19125ms)
packages/kyoot test: ✔ generator: a finally that yields is a defect, not half-run cleanup (0.104417ms)
packages/kyoot test: ✔ generator: a finally that throws surfaces after the rest of the cleanup (0.11975ms)
packages/kyoot test: ✔ generator: an unhandled effect at the edge closes the frame (0.075958ms)
packages/kyoot test: ✔ generator: finally runs when a fiber is interrupted (14.766208ms)
packages/kyoot test: ✔ generator: a drop that ends in an unhandled effect still closes the frame (0.105209ms)
packages/kyoot test: ✔ generator: a claimed continuation that never lands closes too (0.062958ms)
packages/kyoot test: ✔ generator: frames queued behind a cleanup program close when the machine stops (0.111333ms)
packages/kyoot test: ✔ generator: an outer finally that throws replaces the inner one's error (0.078833ms)
packages/kyoot test: ✔ generator: the outer error also wins when the machine stops with a stack (0.073292ms)
packages/kyoot test: ✔ generator: a handler that discards the resume token still drops the continuation (0.069125ms)
packages/kyoot test: ✔ generator: a token saved past a closed continuation cannot restore it (0.085708ms)
packages/kyoot test: ✔ generator: a frame queued inside a dropped continuation closes too (0.238375ms)
packages/kyoot test: ✔ generator: a dropped cleanup plan still reports the error its finally raised (0.138333ms)
packages/kyoot test: ✔ Log.collect gathers entries in order (0.818583ms)
packages/kyoot test: ✔ Log.discard drops them (0.082833ms)
packages/kyoot test: ✔ Random.seeded is deterministic and in range (0.854875ms)
packages/kyoot test: ✔ Random.live draws from Math.random (0.096166ms)
packages/kyoot test: ✔ Resource: release runs on success (1.069541ms)
packages/kyoot test: ✔ Resource: sync releases on an unhandled effect (0.252584ms)
packages/kyoot test: ✔ Resource: fiber releases on an unhandled effect (0.227959ms)
packages/kyoot test: ✔ Resource: a typed release failure does not skip older finalizers (0.279583ms)
packages/kyoot test: ✔ Resource: the body defect wins over typed release failures (0.129042ms)
packages/kyoot test: ✔ Resource: finalizers run in LIFO order (0.081625ms)
packages/kyoot test: ✔ Resource: release runs on typed failure (Resource outside Fail) (0.193042ms)
packages/kyoot test: ✔ Resource: release runs on defect (0.240667ms)
packages/kyoot test: ✔ Resource: a finalizer may be a program (runs on success) (20.708417ms)
packages/kyoot test: ✔ Resource: program finalizers run on defect and the defect wins (6.185834ms)
packages/kyoot test: ✔ Resource: program finalizers run to completion on interrupt (11.99875ms)
packages/kyoot test: ✔ a rejected async op is a defect that handlers see (0.141791ms)
packages/kyoot test: ✔ Resource: an acquire that throws releases what the scope already holds (0.076292ms)
packages/kyoot test: ✔ Resource inside Fail.run: a failure still releases (0.113417ms)
packages/kyoot test: ✔ Resource inside catchAll: the recovery runs, then the scope is released (0.080875ms)
packages/kyoot test: ✔ Resource inside a catchTag that passes the failure on: the outer catch releases (0.064958ms)
packages/kyoot test: ✔ a handler that performs an op and then does not resume releases after its op (0.058292ms)
packages/kyoot test: ✔ a handler that resumes does not release early (0.079708ms)
packages/kyoot test: ✔ a handler that claims a resume token and discards it still releases (0.0515ms)
packages/kyoot test: ✔ a handler that claims a resume.with token and discards it still releases (0.051708ms)
packages/kyoot test: ✔ a discarded resume token releases nested captured resources, innermost first (0.075167ms)
packages/kyoot test: ✔ a discarded resume token releases a captured resource whose finalizer is async (0.0685ms)
packages/kyoot test: ✔ a resume token returned later in the handler's program still resumes (0.053041ms)
packages/kyoot test: ✔ Retry: re-runs until success, sleeping between attempts (0.943417ms)
packages/kyoot test: ✔ Retry: gives up after `times` retries with the last failure (0.137333ms)
packages/kyoot test: ✔ Retry: gives up when `while` rejects the failure (0.072125ms)
packages/kyoot test: ✔ Retry: defects are not retried (0.210375ms)
packages/kyoot test: ✔ Retry: works under runPromise with the real clock (6.253041ms)
packages/kyoot test: ✔ Emit.fromIterable + map + run (0.867333ms)
packages/kyoot test: ✔ Emit.forEach with an effectful callback (0.167208ms)
packages/kyoot test: ✔ Emit.fromAsyncIterable → toAsyncIterable round trip (0.722292ms)
packages/kyoot test: ✔ fromAsyncIterable removes settled abort listeners (0.415666ms)
packages/kyoot test: ✔ toAsyncIterable: breaking early interrupts the producer (0.218458ms)
packages/kyoot test: ✔ toAsyncIterable: a defect in the producer rejects the consumer (0.112ms)
packages/kyoot test: ✔ toAsyncIterable: the producer runs at most `buffer` items ahead (0.659833ms)
packages/kyoot test: ✔ toAsyncIterable: breaking while the producer is parked interrupts it (0.194583ms)
packages/kyoot test: ✔ toAsyncIterable: a producer that throws undefined rejects the consumer (0.106083ms)
packages/kyoot test: ✔ toAsyncIterable: a defect after an emission delivers the item, then rejects (0.105416ms)
packages/kyoot test: ✔ toAsyncIterable: an empty stream still completes (0.076208ms)
packages/kyoot test: ✔ toAsyncIterable: a producer that throws null rejects the consumer (0.109ms)
packages/kyoot test: ✔ toAsyncIterable: a producer that throws 0 rejects the consumer (0.039791ms)
packages/kyoot test: ✔ toAsyncIterable: a producer that throws false rejects the consumer (0.032292ms)
packages/kyoot test: ✔ toAsyncIterable: a producer that throws "" rejects the consumer (0.042ms)
packages/kyoot test: ℹ tests 196
packages/kyoot test: ℹ suites 0
packages/kyoot test: ℹ pass 196
packages/kyoot test: ℹ fail 0
packages/kyoot test: ℹ cancelled 0
packages/kyoot test: ℹ skipped 0
packages/kyoot test: ℹ todo 0
packages/kyoot test: ℹ duration_ms 407.418125
packages/kyoot test: Done
packages/ai test$ node --test test/*.test.ts
packages/registry test$ node --test test/*.test.ts
packages/platform test$ node --test test/*.test.ts
packages/registry test: ✔ interrupted use releases setup before its caller settles and cannot reactivate (1.854875ms)
packages/registry test: ✔ each evaluation of one use program has its own registration (0.358375ms)
packages/registry test: ✔ rapid provider churn keeps activations balanced (3.271208ms)
packages/registry test: ✔ synchronous root finalizers do not lose notify transitions (3.713792ms)
packages/ai test: ✔ ask: runs tool calls as effects and feeds results back (4.016209ms)
packages/ai test: ✔ gen: decodes the answer tool, sending bad arguments back (1.307083ms)
packages/ai test: ✔ ask: gives up with TooManyRounds (0.239584ms)
packages/ai test: ✔ generate: one shot, returns the new messages (0.183791ms)
packages/ai test: ✔ instances keep history; agents compose as tools with their own model (0.337167ms)
packages/ai test: ✔ modes: system prompts and config layer around the model (0.126833ms)
packages/ai test: ✔ events: text from the provider, calls and results from the loop (0.137625ms)
packages/ai test: ✔ approval is an effect the tool performs (0.184458ms)
packages/ai test: ✔ a tool's typed failure goes back to the model, not up the stack (1.37ms)
packages/ai test: ✔ chatCompletions streams text, a split tool call, and usage (39.614375ms)
packages/ai test: ✔ chatCompletions retries 429 with virtual backoff (1.510375ms)
packages/ai test: ✔ chatCompletions does not retry 401 (0.293959ms)
packages/ai test: ✔ sse: parses data events split across chunks and stops at [DONE] (3.558833ms)
packages/ai test: ✔ sse: ends lines on CRLF, CR, and LF (0.544416ms)
packages/ai test: ✔ sse: a CR at the end of a chunk ends one line, CRLF or not (0.348084ms)
packages/ai test: ✔ sse: ignores comment lines (0.259375ms)
packages/ai test: ✔ sse: keeps the data of an event that has other fields (0.335917ms)
packages/ai test: ✔ sse: joins data lines with newlines, and a bare data line adds one (0.161625ms)
packages/ai test: ✔ sse: yields nothing for an event with no data (0.204041ms)
packages/ai test: ✔ sse: discards data the stream never terminates with a blank line (0.165209ms)
packages/ai test: ✔ sse: stops at [DONE] with or without the leading space (0.165542ms)
packages/ai test: ✔ sse: decodes a multi-byte character split across chunks (0.173875ms)
packages/ai test: ℹ tests 22
packages/ai test: ℹ suites 0
packages/ai test: ℹ pass 22
packages/ai test: ℹ fail 0
packages/ai test: ℹ cancelled 0
packages/ai test: ℹ skipped 0
packages/ai test: ℹ todo 0
packages/ai test: ℹ duration_ms 241.032375
packages/registry test: ✔ a component activates when its dependencies appear (8.31975ms)
packages/registry test: ✔ withdrawing a provider tears down dependents first (0.348667ms)
packages/registry test: ✔ hot swap: a replacement provider reactivates dependents on the new value (2.272291ms)
packages/registry test: ✔ a root binding counts as a provider (1.099917ms)
packages/registry test: ✔ a component whose setup throws is inactive with the error, and others keep working (0.394667ms)
packages/registry test: ✔ dispose unloads in reverse order (0.240417ms)
packages/registry test: ✔ a dependency chain stops and starts in dependency order (2.011917ms)
packages/registry test: ✔ a diamond dependent changes state once for each missing edge (2.492417ms)
packages/registry test: ✔ a component waits until all injected tags are present (0.243ms)
packages/registry test: ✔ a target flip during setup releases partial resources (1.086125ms)
packages/registry test: ✔ failed setup releases resources, preserves peers, and retries after a target flip (2.162125ms)
packages/registry test: ✔ use waits for setup to land (0.452916ms)
packages/registry test: ✔ a root binding is withdrawn when its resource scope ends (0.140291ms)
packages/registry test: ✔ dispose waits for an in-flight setup and leaves no resources (0.187167ms)
packages/registry test: ✔ remove is idempotent and does not orphan another component (0.129584ms)
packages/registry test: ✔ interrupting a registry program releases components in reverse order (0.234916ms)
packages/registry test: ✔ two registries do not share bindings (0.284958ms)
packages/registry test: ✔ a duplicate provider fails its setup and leaves the first binding alone (0.266792ms)
packages/registry test: ✔ a binding becomes visible only when its provider lands (0.718125ms)
packages/ai test: Done
packages/registry test: ℹ tests 23
packages/registry test: ℹ suites 0
packages/registry test: ℹ pass 23
packages/registry test: ℹ fail 0
packages/registry test: ℹ cancelled 0
packages/registry test: ℹ skipped 0
packages/registry test: ℹ todo 0
packages/registry test: ℹ duration_ms 250.514708
packages/registry test: Done
packages/platform test: ✔ command: interrupt stops a ready child before its delayed side effect (747.875167ms)
packages/platform test: ✔ command: stdout has a default byte bound (113.536833ms)
packages/platform test: ✔ command: stdout respects a smaller byte bound (70.853791ms)
packages/platform test: ✔ command: stdout accepts larger output with a larger bounded allowance (71.292167ms)
packages/platform test: ✔ command: stderr has a default byte bound (68.791125ms)
packages/platform test: ✔ command: stderr respects a smaller byte bound (67.7595ms)
packages/platform test: ✔ command: stderr accepts larger output with a larger bounded allowance (69.6035ms)
packages/platform test: ✔ command: each stream can fill its default allowance independently (72.378667ms)
packages/platform test: ✔ command: an exact custom UTF-8 byte allowance succeeds (74.747958ms)
packages/platform test: ✔ command: zero allowance accepts only empty output (150.285083ms)
packages/platform test: ✔ command: output allowances must be bounded integer byte counts (0.236708ms)
packages/platform test: ✔ command: exit code and output (74.950625ms)
packages/platform test: ✔ command: stdin, cwd, env (74.784709ms)
packages/platform test: ✔ command: a program that cannot start is a CommandError (1.577041ms)
packages/platform test: ✔ command: a fake handler (0.065541ms)
packages/platform test: ✔ the same program runs against the in-memory file system (49.865875ms)
packages/platform test: ✔ and against the real one (11.73425ms)
packages/platform test: ✔ memory: errors carry codes (0.692958ms)
packages/platform test: ✔ memory: recursive mkdir does not replace a file (0.143334ms)
packages/platform test: ✔ node: errors carry codes (0.742833ms)
packages/platform test: ✔ node: exists returns false when a path component is not a directory (1.233542ms)
packages/platform test: ✔ rename refuses a directory descendant /d/sub/moved without changing the tree (2.565916ms)
packages/platform test: ✔ rename refuses a directory descendant /d/sub/../sub/moved without changing the tree (2.637125ms)
packages/platform test: ✔ memory: rename to the same normalized path is a no-op (0.263917ms)
packages/platform test: ✔ rename refuses file over directory without changing files (3.343833ms)
packages/platform test: ✔ rename refuses directory over file without changing files (2.843875ms)
packages/platform test: ✔ rename refuses directory over nonempty directory without changing files (2.787708ms)
packages/platform test: ✔ memory: directory rename replaces an empty destination and preserves the moved subtree (0.291125ms)
packages/platform test: ✔ memory: sibling names with a shared prefix are not descendants (0.184458ms)
packages/platform test: ✔ memory: file rename replaces an existing file (0.150916ms)
packages/platform test: ✔ a failure lands at the op, where the program's own catch sees it (2.99075ms)
packages/platform test: ✔ handlers between the program and the file system see every op (2.269667ms)
packages/platform test: ✔ confine takes the paths a prefix test lets through (0.402916ms)
packages/platform test: ✔ confine checks the destination of a rename, and takes an absolute POSIX root (0.369916ms)
packages/platform test: ℹ tests 34
packages/platform test: ℹ suites 0
packages/platform test: ℹ pass 34
packages/platform test: ℹ fail 0
packages/platform test: ℹ cancelled 0
packages/platform test: ℹ skipped 0
packages/platform test: ℹ todo 0
packages/platform test: ℹ duration_ms 1848.672
packages/platform test: Done
