$ node --test test/*.test.ts
✔ fromPromise resolves through runPromise (1.313917ms)
✔ fromPromise exposes an AbortSignal from day one (0.097042ms)
✔ fromPromise sends a synchronous throw to Fail.run as a defect (0.18125ms)
✔ fork/join: a fiber is an independent interpreter loop (11.792917ms)
✔ concurrent fibers may yield the same node (1.0585ms)
✔ fiber.await returns a Result instead of throwing (1.7675ms)
✔ race: first to complete wins (6.897ms)
✔ timeout: a slow computation fails with a typed Timeout (6.433083ms)
✔ timeout: a fast computation wins (6.334916ms)
✔ timeout inside a gen resumes the surrounding computation (6.426834ms)
✔ runPromise surfaces defects as rejections (1.824917ms)
✔ runPromise on an unhandled non-async effect rejects loudly (0.161375ms)
✔ runSync rejects an async op at runtime (0.105708ms)
✔ interrupt: finalizers run and await reports Interrupted (0.436541ms)
✔ structured concurrency: a completed parent interrupts its children (0.212834ms)
✔ interrupt: stale wait may resolve before async cleanup (0.332708ms)
✔ interrupt: stale wait may reject before async cleanup (0.192584ms)
✔ interrupt: stale wait may resolve after async cleanup (0.115709ms)
✔ interrupt: stale wait may reject after async cleanup (0.066167ms)
✔ all: results come back in input order, not completion order (22.055291ms)
✔ all: branches run concurrently (21.876625ms)
✔ all: empty array resolves immediately (0.1925ms)
✔ all: NaN concurrency runs every branch (0.199542ms)
✔ all: first failure interrupts the rest and runs their finalizers (7.35025ms)
✔ all: interrupting the parent interrupts every branch (10.985792ms)
✔ race interrupts the loser and runs its finalizers (6.653541ms)
✔ timeout interrupts the branch and runs its finalizers (7.497958ms)
✔ fromPromise's signal fires on interruption (0.161416ms)
✔ joining an interrupted fiber interrupts the joiner (0.0865ms)
✔ all: concurrency limit bounds in-flight fibers and keeps order (19.001583ms)
✔ all: a failure stops scheduling the rest (2.605667ms)
✔ fork: a fiber sees the Env provided outside the fork (0.214083ms)
✔ fork: Log.collect around the fork gathers the fiber's entries (0.113667ms)
✔ fork: Emit.collect around the fork collects what fibers emit (0.105916ms)
✔ fork: a collecting handler is fresh per run, even when forked into (0.068958ms)
✔ fork: a typed failure in the fiber crosses join as a fail op (1.521125ms)
✔ fork: fiber.await reports a typed failure as a Fail cause (0.070833ms)
✔ race: a failing branch that finishes first fails the race, typed (1.400541ms)
✔ all: a typed failure in one branch fails the whole, and the rest are interrupted (1.422208ms)
✔ fork: Resource.run outside the fork gives the fiber a scope of its own (1.788625ms)
✔ fork: Clock.virtual outside the fork makes the fiber's sleeps instant (0.125458ms)
✔ fork: a copied handler that returns instead of resuming is a defect (0.107042ms)
✔ fork: a handler marked fork: none stops at the fiber, loudly (0.061667ms)
✔ fork: a copied handler that fails in its own scope fails the fiber, typed (0.145834ms)
✔ fork: a typed failure still ends the fiber's own scope (0.082041ms)
✔ fork: a user effect handled outside the fork answers inside it (0.065125ms)
✔ scheduler: a hot loop in one fiber does not starve a sleeper (9.271959ms)
✔ scheduler: a hot loop can be interrupted (1.439333ms)
✔ scheduler: runSync never yields (1.262625ms)
✔ scheduler: yields keep handler state and continuations (5.843791ms)
✔ mapPromise keeps input order and hands each callback its index (9.461291ms)
✔ forEachPromise runs one item at a time and returns void (2.516666ms)
✔ reducePromise threads the accumulator in order (0.081166ms)
✔ a rejected batch callback is a defect, like fromPromise (0.069916ms)
✔ Async.intercept sees one operation for a whole batch (0.1665ms)
✔ interruption stops a batch before the next item starts (20.840583ms)
✔ a pending batch callback sees the operation's abort signal (0.098292ms)
✔ a batch takes the source's length once, so a callback cannot extend it (0.099334ms)
✔ pure handlers run the whole checkout under runSync (0.887208ms)
✔ events stream out in order; success is Result.ok (0.262834ms)
✔ out of stock is a typed failure from checkout itself (0.136458ms)
✔ a declined card is a typed failure introduced by the payments handler (0.134541ms)
✔ orThrow surfaces a typed failure as a throw (0.194667ms)
✔ Clock.virtual: sleeps finish at once and add up (0.778916ms)
✔ Clock.virtual: time is per run, not shared (0.079208ms)
✔ runPromise serves the clock with real time (36.953583ms)
✔ a nearer virtual clock wins over the driver's real one (0.287958ms)
✔ a forked fiber gets the real clock, and interrupt cancels its sleep (0.478125ms)
✔ map keeps a returned Kyoot as a value (1.140666ms)
✔ flatMap sequences a returned Kyoot (0.161459ms)
✔ map chains are trampolined: 100k maps, no stack overflow (39.191209ms)
✔ pipe threads the computation through functions (0.296042ms)
✔ gen: yield* plain values and sub-computations (0.284666ms)
✔ gen isolates repeated, nested, and separate runs (0.384333ms)
✔ gen keeps direct yield resumption unchanged (0.058459ms)
✔ gen with an effect, handled (0.195792ms)
✔ a throw inside map is a defect and surfaces at the edge as-is (0.180708ms)
✔ a throw inside a gen body is a defect (0.098667ms)
✔ runSync on an unhandled effect fails loudly at runtime (0.07375ms)
✔ a continuation dropped by its handler cannot be resumed later (0.142417ms)
✔ a resume token discarded by its handler cannot be run later (0.073709ms)
✔ a continuation may only be resumed once (0.059167ms)
✔ a resume saved from one operation cannot answer a later operation (0.064292ms)
✔ a resume.with saved from one operation cannot answer a later operation (0.065042ms)
✔ a resume token saved from one operation cannot answer a later operation (23.553667ms)
✔ a resume.with token saved from one operation cannot answer a later operation (0.520917ms)
✔ a continuation held past its op still answers that op (0.183917ms)
✔ a handler that resumes zero times short-circuits (0.137916ms)
✔ an op escaping a yielded handler node keeps the outer continuation (0.128709ms)
✔ a throw inside onOp goes to the same handler's onDefect (0.103875ms)
✔ resume.with continues the program at the op, where its own handlers see it (1.129667ms)
✔ intercept answers some ops and performs the rest for the handler outside (0.2545ms)
✔ intercept with a cell: state per run, fresh each run (0.505959ms)
✔ Clock, Log, and Random intercept: scale time, redact, fix the dice (0.217042ms)
✔ Clock.intercept caps real sleeps under runPromise (11.024833ms)
✔ Emit and Sync intercept: rewrite values, wrap thunks (0.373ms)
✔ Fail.intercept sees a failure on its way out and passes it on (0.320833ms)
✔ Env intercept wraps the service the handler outside provides (0.255542ms)
✔ Var intercept validates a set; the failure lands at the set (0.243375ms)
✔ Resource intercept sees each acquire (0.264708ms)
✔ Async intercept sees every async op; a fiber forked through it keeps the frames inside (0.47025ms)
✔ Env: provide answers the service key (1.239209ms)
✔ Env: tags yield directly (0.249ms)
✔ Env: multiple services get distinct keys (0.137666ms)
✔ Var: get/set/update (0.687333ms)
✔ Var: same-typed tags stay independent (0.224042ms)
✔ Var: nested scopes shadow and restore (0.228792ms)
✔ Var: each execution gets a fresh state frame (0.324458ms)
✔ Emit.collect collects everything emitted (0.19625ms)
✔ Emit.forEach consumes values as they happen (0.241417ms)
✔ Emit.discard drops the stream (0.248834ms)
✔ Sync.defer is lazy and Sync.run discharges it (0.136541ms)
✔ Sync.defer: a throwing thunk is a defect, not a typed failure (0.48775ms)
✔ Env: provide(make) runs the program, which may use a handler outside (1.1515ms)
✔ Env: provide(make) runs once per run, however often the service is used (0.351125ms)
✔ Env: a resource the program opens is released after the program (0.846125ms)
✔ Env: a program that fails fails the whole program (0.303792ms)
✔ Env: intercept wraps a provided service (0.266833ms)
✔ Fail.run: success becomes Result.ok (0.684667ms)
✔ Fail.run: typed failure becomes Result with a Fail cause (0.163167ms)
✔ Fail.run: a defect lands in the defect channel, not the error channel (0.109041ms)
✔ defects bypass Fail.catchAll (0.148834ms)
✔ Fail.catchAll replaces a typed failure with a new computation (0.067125ms)
✔ Fail.orThrow throws the error value at the edge (0.055542ms)
✔ handler order: Var before Fail is transactional — failure carries no state (0.10875ms)
✔ handler order: Fail before Var — state survives failure (0.068542ms)
✔ Fail.catchTag: handles one tag and re-fails the rest (3.638041ms)
✔ Fail.mapError: rewrites the failure (0.121458ms)
✔ generator: finally runs when Fail.run drops the continuation (3.910041ms)
✔ generator: catchAll recovers, then the dropped frame closes (0.59525ms)
✔ generator: finally runs when Fail.orThrow drops the continuation (1.231625ms)
✔ generator: finally runs when a custom handler answers without resuming (0.192709ms)
✔ generator: nested generators close innermost first (0.351875ms)
✔ generator: a defect closes the frames it unwinds past (0.159167ms)
✔ generator: finally still runs on normal completion and on a thrown error (0.11625ms)
✔ generator: finally runs before an outer Resource releases (0.2285ms)
✔ generator: a finally that yields is a defect, not half-run cleanup (0.101708ms)
✔ generator: a finally that throws surfaces after the rest of the cleanup (0.118417ms)
✔ generator: an unhandled effect at the edge closes the frame (0.092834ms)
✔ generator: finally runs when a fiber is interrupted (0.386667ms)
✔ generator: a drop that ends in an unhandled effect still closes the frame (0.102292ms)
✔ generator: a claimed continuation that never lands closes too (0.065333ms)
✔ generator: frames queued behind a cleanup program close when the machine stops (0.105166ms)
✔ generator: an outer finally that throws replaces the inner one's error (0.072167ms)
✔ generator: the outer error also wins when the machine stops with a stack (0.076292ms)
✔ generator: a handler that discards the resume token still drops the continuation (0.070791ms)
✔ generator: a token saved past a closed continuation cannot restore it (0.080709ms)
✔ generator: a frame queued inside a dropped continuation closes too (0.127833ms)
✔ generator: a dropped cleanup plan still reports the error its finally raised (0.117916ms)
✔ Log.collect gathers entries in order (0.715833ms)
✔ Log.discard drops them (0.075458ms)
✔ Random.seeded is deterministic and in range (0.918333ms)
✔ Random.live draws from Math.random (0.094125ms)
✔ Resource: release runs on success (4.188917ms)
✔ Resource: sync releases on an unhandled effect (0.555208ms)
✔ Resource: fiber releases on an unhandled effect (0.4875ms)
✔ Resource: a typed release failure does not skip older finalizers (0.382916ms)
✔ Resource: the body defect wins over typed release failures (0.255375ms)
✔ Resource: finalizers run in LIFO order (0.273542ms)
✔ Resource: release runs on typed failure (Resource outside Fail) (0.241584ms)
✔ Resource: release runs on defect (0.21175ms)
✔ Resource: a finalizer may be a program (runs on success) (12.297834ms)
✔ Resource: program finalizers run on defect and the defect wins (6.057625ms)
✔ Resource: program finalizers run to completion on interrupt (11.941833ms)
✔ a rejected async op is a defect that handlers see (0.142042ms)
✔ Resource: an acquire that throws releases what the scope already holds (0.075ms)
✔ Resource inside Fail.run: a failure still releases (0.116666ms)
✔ Resource inside catchAll: the recovery runs, then the scope is released (0.095292ms)
✔ Resource inside a catchTag that passes the failure on: the outer catch releases (0.080583ms)
✔ a handler that performs an op and then does not resume releases after its op (0.064417ms)
✔ a handler that resumes does not release early (0.088708ms)
✔ a handler that claims a resume token and discards it still releases (0.052208ms)
✔ a handler that claims a resume.with token and discards it still releases (0.057ms)
✔ a discarded resume token releases nested captured resources, innermost first (0.075375ms)
✔ a discarded resume token releases a captured resource whose finalizer is async (0.072083ms)
✔ a resume token returned later in the handler's program still resumes (0.05625ms)
✔ Retry: re-runs until success, sleeping between attempts (0.952709ms)
✔ Retry: gives up after `times` retries with the last failure (0.1305ms)
✔ Retry: gives up when `while` rejects the failure (0.138125ms)
✔ Retry: defects are not retried (0.235625ms)
✔ Retry: works under runPromise with the real clock (6.119875ms)
✔ Emit.fromIterable + map + run (0.878791ms)
✔ Emit.forEach with an effectful callback (0.114625ms)
✔ Emit.fromAsyncIterable → toAsyncIterable round trip (0.41225ms)
✔ fromAsyncIterable removes settled abort listeners (0.380458ms)
✔ toAsyncIterable: breaking early interrupts the producer (0.192375ms)
✔ toAsyncIterable: a defect in the producer rejects the consumer (0.111167ms)
✔ toAsyncIterable: the producer runs at most `buffer` items ahead (0.435417ms)
✔ toAsyncIterable: breaking while the producer is parked interrupts it (0.169292ms)
✔ toAsyncIterable: a producer that throws undefined rejects the consumer (0.111291ms)
✔ toAsyncIterable: a defect after an emission delivers the item, then rejects (0.109458ms)
✔ toAsyncIterable: an empty stream still completes (0.078792ms)
✔ toAsyncIterable: a producer that throws null rejects the consumer (0.077625ms)
✔ toAsyncIterable: a producer that throws 0 rejects the consumer (0.058666ms)
✔ toAsyncIterable: a producer that throws false rejects the consumer (0.04325ms)
✔ toAsyncIterable: a producer that throws "" rejects the consumer (0.057334ms)
ℹ tests 196
ℹ suites 0
ℹ pass 196
ℹ fail 0
ℹ cancelled 0
ℹ skipped 0
ℹ todo 0
ℹ duration_ms 428.0805
$ tsc -p tsconfig.json
