✔ Resource: release runs on success (0.888208ms)
✖ Resource: sync releases on an unhandled effect (0.753791ms)
✖ Resource: fiber releases on an unhandled effect (0.262417ms)
✖ Resource: a typed release failure does not skip older finalizers (0.206708ms)
✖ Resource: the body defect wins over typed release failures (0.244042ms)
✔ Resource: finalizers run in LIFO order (0.08275ms)
✔ Resource: release runs on typed failure (Resource outside Fail) (0.081084ms)
✔ Resource: release runs on defect (0.094208ms)
✔ Resource: a finalizer may be a program (runs on success) (11.742083ms)
✔ Resource: program finalizers run on defect and the defect wins (6.06175ms)
✔ Resource: program finalizers run to completion on interrupt (11.88425ms)
✔ a rejected async op is a defect that handlers see (0.120458ms)
✔ Resource: an acquire that throws releases what the scope already holds (0.068916ms)
✔ Resource inside Fail.run: a failure still releases (0.091208ms)
✔ Resource inside catchAll: the recovery runs, then the scope is released (0.073667ms)
✔ Resource inside a catchTag that passes the failure on: the outer catch releases (0.066875ms)
✔ a handler that performs an op and then does not resume releases after its op (0.093917ms)
✔ a handler that resumes does not release early (0.104875ms)
✔ a handler that claims a resume token and discards it still releases (0.070125ms)
✔ a handler that claims a resume.with token and discards it still releases (0.058208ms)
✔ a discarded resume token releases nested captured resources, innermost first (0.090583ms)
✔ a discarded resume token releases a captured resource whose finalizer is async (0.071ms)
✔ a resume token returned later in the handler's program still resumes (0.059208ms)
ℹ tests 23
ℹ suites 0
ℹ pass 19
ℹ fail 4
ℹ cancelled 0
ℹ skipped 0
ℹ todo 0
ℹ duration_ms 158.985792

✖ failing tests:

test at packages/kyoot/test/resource.test.ts:23:3
✖ Resource: sync releases on an unhandled effect (0.753791ms)
  AssertionError [ERR_ASSERTION]: Expected values to be strictly deep-equal:
  + actual - expected

    [
      'open',
  -   'close'
    ]

      at TestContext.<anonymous> (file:///Users/texoport/code/kyoot-cleanup/packages/kyoot/test/resource.test.ts:39:12)
      at Test.runInAsyncScope (node:async_hooks:226:14)
      at Test.run (node:internal/test_runner/test:1402:25)
      at Test.processPendingSubtests (node:internal/test_runner/test:974:18)
      at Test.postRun (node:internal/test_runner/test:1542:19)
      at Test.run (node:internal/test_runner/test:1467:12)
      at async startSubtestAfterBootstrap (node:internal/test_runner/harness:387:3) {
    generatedMessage: true,
    code: 'ERR_ASSERTION',
    actual: [ 'open' ],
    expected: [ 'open', 'close' ],
    operator: 'deepStrictEqual',
    diff: 'simple'
  }

test at packages/kyoot/test/resource.test.ts:23:3
✖ Resource: fiber releases on an unhandled effect (0.262417ms)
  AssertionError [ERR_ASSERTION]: Expected values to be strictly deep-equal:
  + actual - expected

    [
      'open',
  -   'close'
    ]

      at TestContext.<anonymous> (file:///Users/texoport/code/kyoot-cleanup/packages/kyoot/test/resource.test.ts:39:12)
      at async Test.run (node:internal/test_runner/test:1409:7)
      at async Test.processPendingSubtests (node:internal/test_runner/test:974:7) {
    generatedMessage: true,
    code: 'ERR_ASSERTION',
    actual: [ 'open' ],
    expected: [ 'open', 'close' ],
    operator: 'deepStrictEqual',
    diff: 'simple'
  }

test at packages/kyoot/test/resource.test.ts:43:1
✖ Resource: a typed release failure does not skip older finalizers (0.206708ms)
  AssertionError [ERR_ASSERTION]: Expected values to be strictly deep-equal:
  + actual - expected

    [
      'new',
  -   'old'
    ]

      at TestContext.<anonymous> (file:///Users/texoport/code/kyoot-cleanup/packages/kyoot/test/resource.test.ts:63:10)
      at Test.runInAsyncScope (node:async_hooks:226:14)
      at Test.run (node:internal/test_runner/test:1402:25)
      at Test.processPendingSubtests (node:internal/test_runner/test:974:18)
      at Test.postRun (node:internal/test_runner/test:1542:19)
      at Test.run (node:internal/test_runner/test:1467:12)
      at async Test.processPendingSubtests (node:internal/test_runner/test:974:7) {
    generatedMessage: true,
    code: 'ERR_ASSERTION',
    actual: [ 'new' ],
    expected: [ 'new', 'old' ],
    operator: 'deepStrictEqual',
    diff: 'simple'
  }

test at packages/kyoot/test/resource.test.ts:66:1
✖ Resource: the body defect wins over typed release failures (0.244042ms)
  AssertionError [ERR_ASSERTION]: Expected values to be strictly deep-equal:
  + actual - expected

    {
      cause: {
  +     _tag: 'Fail',
  +     error: 'release failed'
  -     _tag: 'Defect',
  -     defect: Error: body failed
  -         at TestContext.<anonymous> (file:///Users/texoport/code/kyoot-cleanup/packages/kyoot/test/resource.test.ts:68:18)
  -         at Test.runInAsyncScope (node:async_hooks:226:14)
  -         at Test.run (node:internal/test_runner/test:1402:25)
  -         at Test.processPendingSubtests (node:internal/test_runner/test:974:18)
  -         at Test.postRun (node:internal/test_runner/test:1542:19)
  -         at Test.run (node:internal/test_runner/test:1467:12)
  -         at async Test.processPendingSubtests (node:internal/test_runner/test:974:7)
      },
      ok: false
    }

      at TestContext.<anonymous> (file:///Users/texoport/code/kyoot-cleanup/packages/kyoot/test/resource.test.ts:83:10)
      at Test.runInAsyncScope (node:async_hooks:226:14)
      at Test.run (node:internal/test_runner/test:1402:25)
      at Test.processPendingSubtests (node:internal/test_runner/test:974:18)
      at Test.postRun (node:internal/test_runner/test:1542:19)
      at Test.run (node:internal/test_runner/test:1467:12)
      at async Test.processPendingSubtests (node:internal/test_runner/test:974:7) {
    generatedMessage: true,
    code: 'ERR_ASSERTION',
    actual: { ok: false, cause: { _tag: 'Fail', error: 'release failed' } },
    expected: {
      ok: false,
      cause: {
        _tag: 'Defect',
        defect: Error: body failed
            at TestContext.<anonymous> (file:///Users/texoport/code/kyoot-cleanup/packages/kyoot/test/resource.test.ts:68:18)
            at Test.runInAsyncScope (node:async_hooks:226:14)
            at Test.run (node:internal/test_runner/test:1402:25)
            at Test.processPendingSubtests (node:internal/test_runner/test:974:18)
            at Test.postRun (node:internal/test_runner/test:1542:19)
            at Test.run (node:internal/test_runner/test:1467:12)
            at async Test.processPendingSubtests (node:internal/test_runner/test:974:7)
      }
    },
    operator: 'deepStrictEqual',
    diff: 'simple'
  }
