✔ same-key declarations with identical contracts interoperate (0.99425ms)
✔ same continuation contracts compose through handlers and interceptors (0.364417ms)
✔ resume.with preserves nested continuation contracts (0.176875ms)
✔ raw-key handlers can give a pure answer to differing continuation contracts (0.217ms)
✔ generic handlers retain an undefined payload (0.115792ms)
✔ fork copier runs per sibling and nested child without mutating parent state (1.649958ms)
✔ share intentionally aliases mutable state across siblings and parent (0.330833ms)
✔ scope creates fresh child state (0.3295ms)
✔ map keeps a returned Kyoot as a value (0.901834ms)
✔ flatMap sequences a returned Kyoot (0.112958ms)
✔ map chains are trampolined: 100k maps, no stack overflow (8.980791ms)
✔ pipe threads the computation through functions (0.176209ms)
✔ gen: yield* plain values and sub-computations (0.173917ms)
✔ gen isolates repeated, nested, and separate runs (0.555083ms)
✔ gen keeps direct yield resumption unchanged (0.099791ms)
✔ gen with an effect, handled (0.32675ms)
✔ a throw inside map is a defect and surfaces at the edge as-is (0.285667ms)
✔ a throw inside a gen body is a defect (0.137375ms)
✔ runSync on an unhandled effect fails loudly at runtime (0.112833ms)
✔ a continuation dropped by its handler cannot be resumed later (0.191083ms)
✔ a resume token discarded by its handler cannot be run later (0.109ms)
✔ a continuation may only be resumed once (0.10525ms)
✔ a resume saved from one operation cannot answer a later operation (0.093583ms)
✔ a resume.with saved from one operation cannot answer a later operation (0.11375ms)
✔ a resume token saved from one operation cannot answer a later operation (0.079208ms)
✔ a resume.with token saved from one operation cannot answer a later operation (0.093375ms)
✔ a continuation held past its op still answers that op (0.072167ms)
✔ a handler that resumes zero times short-circuits (0.049792ms)
✔ an op escaping a yielded handler node keeps the outer continuation (0.052542ms)
✔ a throw inside onOp goes to the same handler's onDefect (0.037709ms)
✔ resume.with continues the program at the op, where its own handlers see it (0.05275ms)
✔ intercept answers some ops and performs the rest for the handler outside (0.097791ms)
✔ intercept with a cell: state per run, fresh each run (0.1355ms)
✔ Clock, Log, and Random intercept: scale time, redact, fix the dice (0.195333ms)
✔ Clock.intercept caps real sleeps under runPromise (4.21575ms)
✔ Emit and Sync intercept: rewrite values, wrap thunks (0.175333ms)
✔ Fail.intercept sees a failure on its way out and passes it on (0.167166ms)
✔ Env intercept wraps the service the handler outside provides (0.32725ms)
✔ Var intercept validates a set; the failure lands at the set (0.108583ms)
✔ Resource intercept sees each acquire (0.110041ms)
✔ Async intercept sees every async op; a fiber forked through it keeps the frames inside (0.238375ms)
ℹ tests 41
ℹ suites 0
ℹ pass 41
ℹ fail 0
ℹ cancelled 0
ℹ skipped 0
ℹ todo 0
ℹ duration_ms 174.004084
