Scope: all 6 workspace projects
✓ Lockfile passes supply-chain policies (verified 1h ago)
Lockfile is up to date, resolution step is skipped
Already up to date

Done in 173ms using pnpm v11.13.0
$ pnpm format:check && pnpm lint && pnpm typecheck && pnpm test
$ oxfmt --check .
Checking formatting...

All matched files use the correct format.
Finished in 471ms on 133 files using 10 threads.
$ oxlint
$ pnpm -r typecheck
Scope: 5 of 6 workspace projects
packages/kyoot typecheck$ tsc -p tsconfig.json
packages/kyoot typecheck: Done
packages/ai typecheck$ tsc -p tsconfig.json
packages/platform typecheck$ tsc -p tsconfig.json
packages/registry typecheck$ tsc -p tsconfig.json
packages/bench typecheck$ tsc -p tsconfig.json
packages/registry typecheck: Done
packages/bench typecheck: Done
packages/ai typecheck: Done
packages/platform typecheck: Done
$ pnpm -r test
Scope: 5 of 6 workspace projects
packages/kyoot test$ node --test test/*.test.ts
packages/kyoot test: ✔ fromPromise resolves through runPromise (1.647625ms)
packages/kyoot test: ✔ fromPromise exposes an AbortSignal from day one (0.186208ms)
packages/kyoot test: ✔ fromPromise sends a synchronous throw to Fail.run as a defect (0.310625ms)
packages/kyoot test: ✔ fork/join: a fiber is an independent interpreter loop (11.320083ms)
packages/kyoot test: ✔ concurrent fibers may yield the same node (0.714ms)
packages/kyoot test: ✔ fiber.await returns a Result instead of throwing (1.689375ms)
packages/kyoot test: ✔ race: first to complete wins (7.17375ms)
packages/kyoot test: ✔ timeout: a slow computation fails with a typed Timeout (6.929833ms)
packages/kyoot test: ✔ timeout: a fast computation wins (6.333541ms)
packages/kyoot test: ✔ timeout inside a gen resumes the surrounding computation (5.751458ms)
packages/kyoot test: ✔ runPromise surfaces defects as rejections (1.807083ms)
packages/kyoot test: ✔ runPromise on an unhandled non-async effect rejects loudly (0.134042ms)
packages/kyoot test: ✔ runSync rejects an async op at runtime (0.076584ms)
packages/kyoot test: ✔ interrupt: finalizers run and await reports Interrupted (0.402917ms)
packages/kyoot test: ✔ structured concurrency: a completed parent interrupts its children (0.343375ms)
packages/kyoot test: ✔ interrupt: stale wait may resolve before async cleanup (0.268125ms)
packages/kyoot test: ✔ interrupt: stale wait may reject before async cleanup (0.114625ms)
packages/kyoot test: ✔ interrupt: stale wait may resolve after async cleanup (0.128708ms)
packages/kyoot test: ✔ interrupt: stale wait may reject after async cleanup (0.119625ms)
packages/kyoot test: ✔ all: results come back in input order, not completion order (21.644667ms)
packages/kyoot test: ✔ all: branches run concurrently (21.943833ms)
packages/kyoot test: ✔ all: empty array resolves immediately (0.259667ms)
packages/kyoot test: ✔ all: NaN concurrency runs every branch (0.179125ms)
packages/kyoot test: ✔ all: first failure interrupts the rest and runs their finalizers (6.960042ms)
packages/kyoot test: ✔ all: interrupting the parent interrupts every branch (12.390875ms)
packages/kyoot test: ✔ race interrupts the loser and runs its finalizers (5.959625ms)
packages/kyoot test: ✔ timeout interrupts the branch and runs its finalizers (5.659917ms)
packages/kyoot test: ✔ fromPromise's signal fires on interruption (0.270167ms)
packages/kyoot test: ✔ joining an interrupted fiber interrupts the joiner (0.161042ms)
packages/kyoot test: ✔ all: concurrency limit bounds in-flight fibers and keeps order (17.781ms)
packages/kyoot test: ✔ all: a failure stops scheduling the rest (1.968667ms)
packages/kyoot test: ✔ fork: a fiber sees the Env provided outside the fork (0.341625ms)
packages/kyoot test: ✔ fork: Log.collect around the fork gathers the fiber's entries (0.2015ms)
packages/kyoot test: ✔ fork: Emit.collect around the fork collects what fibers emit (0.180292ms)
packages/kyoot test: ✔ fork: a collecting handler is fresh per run, even when forked into (0.1325ms)
packages/kyoot test: ✔ fork: a typed failure in the fiber crosses join as a fail op (0.902334ms)
packages/kyoot test: ✔ fork: fiber.await reports a typed failure as a Fail cause (0.249875ms)
packages/kyoot test: ✔ race: a failing branch that finishes first fails the race, typed (0.70175ms)
packages/kyoot test: ✔ all: a typed failure in one branch fails the whole, and the rest are interrupted (1.042791ms)
packages/kyoot test: ✔ fork: Resource.run outside the fork gives the fiber a scope of its own (4.38875ms)
packages/kyoot test: ✔ fork: Clock.virtual outside the fork makes the fiber's sleeps instant (0.305084ms)
packages/kyoot test: ✔ fork: a copied handler that returns instead of resuming is a defect (0.215708ms)
packages/kyoot test: ✔ fork: a handler marked fork: none stops at the fiber, loudly (0.139ms)
packages/kyoot test: ✔ fork: a copied handler that fails in its own scope fails the fiber, typed (0.269792ms)
packages/kyoot test: ✔ fork: a typed failure still ends the fiber's own scope (0.252792ms)
packages/kyoot test: ✔ fork: a user effect handled outside the fork answers inside it (0.173375ms)
packages/kyoot test: ✔ scheduler: a hot loop in one fiber does not starve a sleeper (30.508333ms)
packages/kyoot test: ✔ scheduler: a hot loop can be interrupted (4.91725ms)
packages/kyoot test: ✔ scheduler: runSync never yields (8.93925ms)
packages/kyoot test: ✔ scheduler: yields keep handler state and continuations (45.344709ms)
packages/kyoot test: ✔ mapPromise keeps input order and hands each callback its index (10.405375ms)
packages/kyoot test: ✔ forEachPromise runs one item at a time and returns void (2.910875ms)
packages/kyoot test: ✔ reducePromise threads the accumulator in order (0.137334ms)
packages/kyoot test: ✔ a rejected batch callback is a defect, like fromPromise (0.098125ms)
packages/kyoot test: ✔ Async.unsafeIntercept sees one operation for a whole batch (0.2345ms)
packages/kyoot test: ✔ interruption stops a batch before the next item starts (21.190583ms)
packages/kyoot test: ✔ a pending batch callback sees the operation's abort signal (0.161834ms)
packages/kyoot test: ✔ a batch takes the source's length once, so a callback cannot extend it (0.110458ms)
packages/kyoot test: ✔ pure handlers run the whole checkout under runSync (1.897083ms)
packages/kyoot test: ✔ events stream out in order; success is Result.ok (0.584458ms)
packages/kyoot test: ✔ out of stock is a typed failure from checkout itself (0.192209ms)
packages/kyoot test: ✔ a declined card is a typed failure introduced by the payments handler (0.345417ms)
packages/kyoot test: ✔ orThrow surfaces a typed failure as a throw (0.399542ms)
packages/kyoot test: ✔ Clock.virtual: sleeps finish at once and add up (1.712833ms)
packages/kyoot test: ✔ Clock.virtual: time is per run, not shared (0.178ms)
packages/kyoot test: ✔ runPromise serves the clock with real time (38.53475ms)
packages/kyoot test: ✔ a nearer virtual clock wins over the driver's real one (0.306167ms)
packages/kyoot test: ✔ a forked fiber gets the real clock, and interrupt cancels its sleep (0.765584ms)
packages/kyoot test: ✔ same-key declarations with identical contracts interoperate (1.130709ms)
packages/kyoot test: ✔ same continuation contracts compose through handlers and interceptors (0.379917ms)
packages/kyoot test: ✔ resume.with preserves nested continuation contracts (0.156875ms)
packages/kyoot test: ✔ raw-key handlers can give a pure answer to differing continuation contracts (0.210083ms)
packages/kyoot test: ✔ generic handlers retain an undefined payload (0.088125ms)
packages/kyoot test: ✔ fork copier runs per sibling and nested child without mutating parent state (1.858917ms)
packages/kyoot test: ✔ share intentionally aliases mutable state across siblings and parent (0.356125ms)
packages/kyoot test: ✔ scope creates fresh child state (0.3815ms)
packages/kyoot test: ✔ map keeps a returned Kyoot as a value (1.17425ms)
packages/kyoot test: ✔ flatMap sequences a returned Kyoot (0.174833ms)
packages/kyoot test: ✔ map chains are trampolined: 100k maps, no stack overflow (10.742041ms)
packages/kyoot test: ✔ pipe threads the computation through functions (0.202334ms)
packages/kyoot test: ✔ gen: yield* plain values and sub-computations (0.245167ms)
packages/kyoot test: ✔ gen isolates repeated, nested, and separate runs (0.497792ms)
packages/kyoot test: ✔ gen keeps direct yield resumption unchanged (0.095292ms)
packages/kyoot test: ✔ gen with an effect, handled (0.300542ms)
packages/kyoot test: ✔ a throw inside map is a defect and surfaces at the edge as-is (0.330583ms)
packages/kyoot test: ✔ a throw inside a gen body is a defect (0.200667ms)
packages/kyoot test: ✔ runSync on an unhandled effect fails loudly at runtime (0.136292ms)
packages/kyoot test: ✔ a continuation dropped by its handler cannot be resumed later (0.222ms)
packages/kyoot test: ✔ a resume token discarded by its handler cannot be run later (0.107167ms)
packages/kyoot test: ✔ a continuation may only be resumed once (0.124916ms)
packages/kyoot test: ✔ a resume saved from one operation cannot answer a later operation (0.178542ms)
packages/kyoot test: ✔ a resume.with saved from one operation cannot answer a later operation (0.096792ms)
packages/kyoot test: ✔ a resume token saved from one operation cannot answer a later operation (0.109458ms)
packages/kyoot test: ✔ a resume.with token saved from one operation cannot answer a later operation (0.088583ms)
packages/kyoot test: ✔ a continuation held past its op still answers that op (0.096167ms)
packages/kyoot test: ✔ a handler that resumes zero times short-circuits (0.0995ms)
packages/kyoot test: ✔ an op escaping a yielded handler node keeps the outer continuation (0.096084ms)
packages/kyoot test: ✔ a throw inside onOp goes to the same handler's onDefect (0.063875ms)
packages/kyoot test: ✔ resume.with continues the program at the op, where its own handlers see it (0.087875ms)
packages/kyoot test: ✔ intercept answers some ops and performs the rest for the handler outside (0.128541ms)
packages/kyoot test: ✔ intercept with a cell: state per run, fresh each run (0.109875ms)
packages/kyoot test: ✔ Clock, Log, and Random intercept: scale time, redact, fix the dice (0.255291ms)
packages/kyoot test: ✔ Clock.intercept caps real sleeps under runPromise (6.394833ms)
packages/kyoot test: ✔ Emit and Sync intercept: rewrite values, wrap thunks (0.149292ms)
packages/kyoot test: ✔ Fail.intercept sees a failure on its way out and passes it on (0.153625ms)
packages/kyoot test: ✔ Env intercept wraps the service the handler outside provides (0.15075ms)
packages/kyoot test: ✔ Var intercept validates a set; the failure lands at the set (0.117667ms)
packages/kyoot test: ✔ Resource intercept sees each acquire (0.127ms)
packages/kyoot test: ✔ Async intercept sees every async op; a fiber forked through it keeps the frames inside (0.224375ms)
packages/kyoot test: ✔ Env: provide answers the service key (1.371875ms)
packages/kyoot test: ✔ Env: tags yield directly (0.211417ms)
packages/kyoot test: ✔ Env: multiple services get distinct keys (0.143583ms)
packages/kyoot test: ✔ Var: get/set/update (0.785833ms)
packages/kyoot test: ✔ Var: same-typed tags stay independent (0.256958ms)
packages/kyoot test: ✔ Var: nested scopes shadow and restore (0.183041ms)
packages/kyoot test: ✔ Var: each execution gets a fresh state frame (0.327834ms)
packages/kyoot test: ✔ Emit.collect collects everything emitted (0.260333ms)
packages/kyoot test: ✔ Emit.forEach consumes values as they happen (0.20425ms)
packages/kyoot test: ✔ Emit.discard drops the stream (0.199ms)
packages/kyoot test: ✔ Sync.defer is lazy and Sync.run discharges it (0.200875ms)
packages/kyoot test: ✔ Sync.defer: a throwing thunk is a defect, not a typed failure (0.407125ms)
packages/kyoot test: ✔ Env: provide(make) runs the program, which may use a handler outside (1.029333ms)
packages/kyoot test: ✔ Env: provide(make) runs once per run, however often the service is used (2.775083ms)
packages/kyoot test: ✔ Env: a resource the program opens is released after the program (3.895792ms)
packages/kyoot test: ✔ Env: a program that fails fails the whole program (0.347625ms)
packages/kyoot test: ✔ Env: intercept wraps a provided service (2.020583ms)
packages/kyoot test: ✔ Fail.run: success becomes Result.ok (1.522375ms)
packages/kyoot test: ✔ Fail.run: typed failure becomes Result with a Fail cause (0.328916ms)
packages/kyoot test: ✔ Fail.run: a defect lands in the defect channel, not the error channel (0.230959ms)
packages/kyoot test: ✔ defects bypass Fail.catchAll (0.372417ms)
packages/kyoot test: ✔ Fail.catchAll replaces a typed failure with a new computation (0.194708ms)
packages/kyoot test: ✔ Fail.orThrow throws the error value at the edge (0.147208ms)
packages/kyoot test: ✔ handler order: Var before Fail is transactional — failure carries no state (0.254917ms)
packages/kyoot test: ✔ handler order: Fail before Var — state survives failure (0.127792ms)
packages/kyoot test: ✔ Fail.catchTag: handles one tag and re-fails the rest (0.515625ms)
packages/kyoot test: ✔ Fail.mapError: rewrites the failure (0.249125ms)
packages/kyoot test: ✔ generator: finally runs when Fail.run drops the continuation (1.717209ms)
packages/kyoot test: ✔ generator: catchAll recovers, then the dropped frame closes (0.289ms)
packages/kyoot test: ✔ generator: finally runs when Fail.orThrow drops the continuation (0.382333ms)
packages/kyoot test: ✔ generator: finally runs when a custom handler answers without resuming (0.111625ms)
packages/kyoot test: ✔ generator: nested generators close innermost first (0.160459ms)
packages/kyoot test: ✔ generator: a defect closes the frames it unwinds past (0.200333ms)
packages/kyoot test: ✔ generator: finally still runs on normal completion and on a thrown error (0.231292ms)
packages/kyoot test: ✔ generator: finally runs before an outer Resource releases (0.341625ms)
packages/kyoot test: ✔ generator: a finally that yields is a defect, not half-run cleanup (0.212708ms)
packages/kyoot test: ✔ generator: a finally that throws surfaces after the rest of the cleanup (0.320833ms)
packages/kyoot test: ✔ generator: an unhandled effect at the edge closes the frame (0.186875ms)
packages/kyoot test: ✔ generator: finally runs when a fiber is interrupted (0.950208ms)
packages/kyoot test: ✔ generator: a drop that ends in an unhandled effect still closes the frame (0.176167ms)
packages/kyoot test: ✔ generator: a claimed continuation that never lands closes too (0.1425ms)
packages/kyoot test: ✔ generator: frames queued behind a cleanup program close when the machine stops (0.2375ms)
packages/kyoot test: ✔ generator: an outer finally that throws replaces the inner one's error (0.163292ms)
packages/kyoot test: ✔ generator: the outer error also wins when the machine stops with a stack (0.139167ms)
packages/kyoot test: ✔ generator: a handler that discards the resume token still drops the continuation (0.146833ms)
packages/kyoot test: ✔ generator: a token saved past a closed continuation cannot restore it (26.218709ms)
packages/kyoot test: ✔ generator: a frame queued inside a dropped continuation closes too (0.48525ms)
packages/kyoot test: ✔ generator: a dropped cleanup plan still reports the error its finally raised (0.401208ms)
packages/kyoot test: ✔ Log.collect gathers entries in order (1.971416ms)
packages/kyoot test: ✔ Log.discard drops them (0.103166ms)
packages/kyoot test: ✔ Random.seeded is deterministic and in range (1.598625ms)
packages/kyoot test: ✔ Random.live draws from Math.random (0.174292ms)
packages/kyoot test: ✔ Resource: release runs on success (1.654792ms)
packages/kyoot test: ✔ Resource: sync releases on an unhandled effect (0.660917ms)
packages/kyoot test: ✔ Resource: fiber releases on an unhandled effect (0.489125ms)
packages/kyoot test: ✔ Resource: a typed release failure does not skip older finalizers (0.387542ms)
packages/kyoot test: ✔ Resource: the body defect wins over typed release failures (0.932917ms)
packages/kyoot test: ✔ Resource: finalizers run in LIFO order (0.202542ms)
packages/kyoot test: ✔ Resource: release runs on typed failure (Resource outside Fail) (0.207959ms)
packages/kyoot test: ✔ Resource: release runs on defect (0.199625ms)
packages/kyoot test: ✔ Resource: a finalizer may be a program (runs on success) (11.736875ms)
packages/kyoot test: ✔ Resource: program finalizers run on defect and the defect wins (5.78225ms)
packages/kyoot test: ✔ Resource: program finalizers run to completion on interrupt (12.374709ms)
packages/kyoot test: ✔ a rejected async op is a defect that handlers see (0.23375ms)
packages/kyoot test: ✔ Resource: an acquire that throws releases what the scope already holds (0.09375ms)
packages/kyoot test: ✔ Resource inside Fail.run: a failure still releases (0.17ms)
packages/kyoot test: ✔ Resource inside catchAll: the recovery runs, then the scope is released (0.111959ms)
packages/kyoot test: ✔ Resource inside a catchTag that passes the failure on: the outer catch releases (0.079084ms)
packages/kyoot test: ✔ a handler that performs an op and then does not resume releases after its op (0.08025ms)
packages/kyoot test: ✔ a handler that resumes does not release early (0.126083ms)
packages/kyoot test: ✔ a handler that claims a resume token and discards it still releases (0.185792ms)
packages/kyoot test: ✔ a handler that claims a resume.with token and discards it still releases (0.113917ms)
packages/kyoot test: ✔ a discarded resume token releases nested captured resources, innermost first (0.085584ms)
packages/kyoot test: ✔ a discarded resume token releases a captured resource whose finalizer is async (0.106791ms)
packages/kyoot test: ✔ a resume token returned later in the handler's program still resumes (0.056417ms)
packages/kyoot test: ✔ Retry: re-runs until success, sleeping between attempts (1.229709ms)
packages/kyoot test: ✔ Retry: gives up after `times` retries with the last failure (0.299542ms)
packages/kyoot test: ✔ Retry: gives up when `while` rejects the failure (0.166125ms)
packages/kyoot test: ✔ Retry: defects are not retried (0.430375ms)
packages/kyoot test: ✔ Retry: works under runPromise with the real clock (6.165583ms)
packages/kyoot test: ✔ Emit.fromIterable + map + run (2.774ms)
packages/kyoot test: ✔ Emit.forEach with an effectful callback (0.288083ms)
packages/kyoot test: ✔ Emit.fromAsyncIterable → toAsyncIterable round trip (2.091459ms)
packages/kyoot test: ✔ fromAsyncIterable removes settled abort listeners (1.816291ms)
packages/kyoot test: ✔ toAsyncIterable: breaking early interrupts the producer (0.457542ms)
packages/kyoot test: ✔ toAsyncIterable: a defect in the producer rejects the consumer (0.62725ms)
packages/kyoot test: ✔ toAsyncIterable: the producer runs at most `buffer` items ahead (1.183125ms)
packages/kyoot test: ✔ toAsyncIterable: breaking while the producer is parked interrupts it (0.552875ms)
packages/kyoot test: ✔ toAsyncIterable: a producer that throws undefined rejects the consumer (0.361ms)
packages/kyoot test: ✔ toAsyncIterable: a defect after an emission delivers the item, then rejects (0.344709ms)
packages/kyoot test: ✔ toAsyncIterable: an empty stream still completes (0.114458ms)
packages/kyoot test: ✔ toAsyncIterable: a producer that throws null rejects the consumer (0.093333ms)
packages/kyoot test: ✔ toAsyncIterable: a producer that throws 0 rejects the consumer (0.043209ms)
packages/kyoot test: ✔ toAsyncIterable: a producer that throws false rejects the consumer (0.034291ms)
packages/kyoot test: ✔ toAsyncIterable: a producer that throws "" rejects the consumer (0.044667ms)
packages/kyoot test: ℹ tests 204
packages/kyoot test: ℹ suites 0
packages/kyoot test: ℹ pass 204
packages/kyoot test: ℹ fail 0
packages/kyoot test: ℹ cancelled 0
packages/kyoot test: ℹ skipped 0
packages/kyoot test: ℹ todo 0
packages/kyoot test: ℹ duration_ms 576.249917
packages/kyoot test: Done
packages/ai test$ node --test test/*.test.ts
packages/platform test$ node --test test/*.test.ts
packages/registry test$ node --test test/*.test.ts
packages/registry test: ✔ interrupted use releases setup before its caller settles and cannot reactivate (45.524416ms)
packages/registry test: ✔ each evaluation of one use program has its own registration (0.897458ms)
packages/registry test: ✔ rapid provider churn keeps activations balanced (5.300042ms)
packages/registry test: ✔ synchronous root finalizers do not lose notify transitions (3.117417ms)
packages/registry test: ✔ a component activates when its dependencies appear (21.756834ms)
packages/registry test: ✔ withdrawing a provider tears down dependents first (2.27725ms)
packages/registry test: ✔ hot swap: a replacement provider reactivates dependents on the new value (1.013667ms)
packages/registry test: ✔ a root binding counts as a provider (0.630084ms)
packages/registry test: ✔ a component whose setup throws is inactive with the error, and others keep working (2.883625ms)
packages/registry test: ✔ dispose unloads in reverse order (0.8365ms)
packages/registry test: ✔ a dependency chain stops and starts in dependency order (3.791167ms)
packages/ai test: ✔ ask: runs tool calls as effects and feeds results back (2.903833ms)
packages/registry test: ✔ a diamond dependent changes state once for each missing edge (3.294ms)
packages/registry test: ✔ a component waits until all injected tags are present (0.690333ms)
packages/registry test: ✔ a target flip during setup releases partial resources (0.566875ms)
packages/registry test: ✔ failed setup releases resources, preserves peers, and retries after a target flip (0.730583ms)
packages/registry test: ✔ use waits for setup to land (0.555292ms)
packages/registry test: ✔ a root binding is withdrawn when its resource scope ends (0.274208ms)
packages/ai test: ✔ gen: decodes the answer tool, sending bad arguments back (0.884042ms)
packages/ai test: ✔ ask: gives up with TooManyRounds (0.802959ms)
packages/ai test: ✔ generate: one shot, returns the new messages (0.332708ms)
packages/ai test: ✔ instances keep history; agents compose as tools with their own model (1.099458ms)
packages/ai test: ✔ modes: system prompts and config layer around the model (0.36975ms)
packages/ai test: ✔ events: text from the provider, calls and results from the loop (0.304666ms)
packages/ai test: ✔ approval is an effect the tool performs (0.39125ms)
packages/ai test: ✔ a tool's typed failure goes back to the model, not up the stack (0.376166ms)
packages/ai test: ✔ void tools produce string receipts (0.373458ms)
packages/ai test: ✔ structured output rejects reserved tool names before execution (0.488375ms)
packages/registry test: ✔ dispose waits for an in-flight setup and leaves no resources (0.397458ms)
packages/registry test: ✔ remove is idempotent and does not orphan another component (0.601167ms)
packages/registry test: ✔ interrupting a registry program releases components in reverse order (0.869959ms)
packages/registry test: ✔ two registries do not share bindings (0.810375ms)
packages/registry test: ✔ a duplicate provider fails its setup and leaves the first binding alone (1.530666ms)
packages/registry test: ✔ a binding becomes visible only when its provider lands (2.80275ms)
packages/ai test: ✔ chatCompletions cancels an open body after malformed calls (25.616ms)
packages/ai test: ✔ chatCompletions interruption cancels a pending stream read (1.732834ms)
packages/ai test: ✔ chatCompletions streams text, a split tool call, and usage (2.111584ms)
packages/ai test: ✔ chatCompletions retries 429 with virtual backoff (10.11675ms)
packages/ai test: ✔ chatCompletions does not retry 401 (0.667417ms)
packages/ai test: ✔ chatCompletions rejects oversized call index (2.051834ms)
packages/ai test: ✔ chatCompletions rejects missing preceding call index (0.519334ms)
packages/ai test: ✔ chatCompletions rejects non-string name fragment (1.251583ms)
packages/ai test: ✔ chatCompletions rejects non-string argument fragment (0.821083ms)
packages/ai test: ✔ chatCompletions rejects conflicting call ids (0.464792ms)
packages/ai test: ✔ chatCompletions rejects duplicate assembled call ids (0.450584ms)
packages/ai test: ✔ chatCompletions rejects non-object chunk (0.522ms)
packages/ai test: ✔ chatCompletions rejects non-array choices (0.28075ms)
packages/ai test: ✔ chatCompletions rejects null choice (0.223292ms)
packages/ai test: ✔ chatCompletions rejects non-object delta (0.871167ms)
packages/ai test: ✔ chatCompletions rejects non-array tool calls (0.262583ms)
packages/ai test: ✔ chatCompletions rejects null tool call (0.195667ms)
packages/ai test: ✔ chatCompletions rejects non-string content (0.181917ms)
packages/ai test: ✔ chatCompletions rejects invalid usage (0.178042ms)
packages/ai test: ✔ chatCompletions rejects truncated stream (0.49325ms)
packages/ai test: ✔ chatCompletions rejects missing call id (0.345125ms)
packages/ai test: ✔ chatCompletions rejects missing call name (0.231875ms)
packages/ai test: ✔ chatCompletions rejects invalid call index (0.254666ms)
packages/ai test: ✔ sse: parses data events split across chunks and stops at [DONE] (10.989958ms)
packages/ai test: ✔ sse: ends lines on CRLF, CR, and LF (6.241167ms)
packages/ai test: ✔ sse: a CR at the end of a chunk ends one line, CRLF or not (0.735791ms)
packages/ai test: ✔ sse: ignores comment lines (0.474083ms)
packages/ai test: ✔ sse: keeps the data of an event that has other fields (0.5365ms)
packages/ai test: ✔ sse: joins data lines with newlines, and a bare data line adds one (0.2925ms)
packages/ai test: ✔ sse: yields nothing for an event with no data (1.165958ms)
packages/ai test: ✔ sse: discards data the stream never terminates with a blank line (0.380292ms)
packages/ai test: ✔ sse: stops at [DONE] with or without the leading space (0.279208ms)
packages/ai test: ✔ sse: decodes a multi-byte character split across chunks (0.284292ms)
packages/ai test: ℹ tests 44
packages/ai test: ℹ suites 0
packages/ai test: ℹ pass 44
packages/ai test: ℹ fail 0
packages/ai test: ℹ cancelled 0
packages/ai test: ℹ skipped 0
packages/ai test: ℹ todo 0
packages/ai test: ℹ duration_ms 341.342125
packages/registry test: ℹ tests 23
packages/registry test: ℹ suites 0
packages/registry test: ℹ pass 23
packages/registry test: ℹ fail 0
packages/registry test: ℹ cancelled 0
packages/registry test: ℹ skipped 0
packages/registry test: ℹ todo 0
packages/registry test: ℹ duration_ms 341.696959
packages/ai test: Done
packages/registry test: Done
packages/platform test: ✔ command: interrupt stops a ready child before its delayed side effect (749.495875ms)
packages/platform test: ✔ command: stdout has a default byte bound (90.538458ms)
packages/platform test: ✔ command: stdout respects a smaller byte bound (77.012667ms)
packages/platform test: ✔ command: stdout accepts larger output with a larger bounded allowance (81.149958ms)
packages/platform test: ✔ command: stderr has a default byte bound (76.348834ms)
packages/platform test: ✔ command: stderr respects a smaller byte bound (75.0195ms)
packages/platform test: ✔ command: stderr accepts larger output with a larger bounded allowance (89.885791ms)
packages/platform test: ✔ command: each stream can fill its default allowance independently (80.14875ms)
packages/platform test: ✔ command: an exact custom UTF-8 byte allowance succeeds (80.242625ms)
packages/platform test: ✔ command: zero allowance accepts only empty output (152.452625ms)
packages/platform test: ✔ command: output allowances must be bounded integer byte counts (0.35225ms)
packages/platform test: ✔ command: exit code and output (75.691166ms)
packages/platform test: ✔ command: stdin, cwd, env (78.141917ms)
packages/platform test: ✔ command: a program that cannot start is a CommandError (1.744584ms)
packages/platform test: ✔ command: a fake handler (0.078958ms)
packages/platform test: ✔ unsafeHandler preserves operation state and completion mapping (2.348292ms)
packages/platform test: ✔ unsafeHandle delivers filesystem failures to the program's catch (0.287875ms)
packages/platform test: ✔ the same program runs against the in-memory file system (1.43175ms)
packages/platform test: ✔ and against the real one (5.669666ms)
packages/platform test: ✔ memory: errors carry codes (0.7165ms)
packages/platform test: ✔ memory: recursive mkdir does not replace a file (0.183333ms)
packages/platform test: ✔ node: errors carry codes (0.879917ms)
packages/platform test: ✔ node: exists returns false when a path component is not a directory (0.969958ms)
packages/platform test: ✔ rename refuses a directory descendant /d/sub/moved without changing the tree (2.4045ms)
packages/platform test: ✔ rename refuses a directory descendant /d/sub/../sub/moved without changing the tree (1.901792ms)
packages/platform test: ✔ memory: rename to the same normalized path is a no-op (0.288291ms)
packages/platform test: ✔ rename refuses file over directory without changing files (1.910459ms)
packages/platform test: ✔ rename refuses directory over file without changing files (1.482417ms)
packages/platform test: ✔ rename refuses directory over nonempty directory without changing files (1.808208ms)
packages/platform test: ✔ memory: directory rename replaces an empty destination and preserves the moved subtree (0.295417ms)
packages/platform test: ✔ memory: sibling names with a shared prefix are not descendants (0.166041ms)
packages/platform test: ✔ memory: file rename replaces an existing file (0.101084ms)
packages/platform test: ✔ a failure lands at the op, where the program's own catch sees it (7.923333ms)
packages/platform test: ✔ handlers between the program and the file system see every op (7.27525ms)
packages/platform test: ✔ confine takes the paths a prefix test lets through (0.237458ms)
packages/platform test: ✔ confine checks the destination of a rename, and takes an absolute POSIX root (0.42075ms)
packages/platform test: ℹ tests 36
packages/platform test: ℹ suites 0
packages/platform test: ℹ pass 36
packages/platform test: ℹ fail 0
packages/platform test: ℹ cancelled 0
packages/platform test: ℹ skipped 0
packages/platform test: ℹ todo 0
packages/platform test: ℹ duration_ms 2024.861667
packages/platform test: Done
