Scope: all 6 workspace projects
✓ Lockfile passes supply-chain policies (verified 50m ago)
Lockfile is up to date, resolution step is skipped
Already up to date

Done in 152ms using pnpm v11.13.0
$ pnpm format:check && pnpm lint && pnpm typecheck && pnpm test
$ oxfmt --check .
Checking formatting...

All matched files use the correct format.
Finished in 257ms on 117 files using 10 threads.
$ oxlint
$ pnpm -r typecheck
Scope: 5 of 6 workspace projects
packages/kyoot typecheck$ tsc -p tsconfig.json
packages/kyoot typecheck: Done
packages/bench typecheck$ tsc -p tsconfig.json
packages/ai typecheck$ tsc -p tsconfig.json
packages/platform typecheck$ tsc -p tsconfig.json
packages/registry typecheck$ tsc -p tsconfig.json
packages/ai typecheck: Done
packages/registry typecheck: Done
packages/bench typecheck: Done
packages/platform typecheck: Done
$ pnpm -r test
Scope: 5 of 6 workspace projects
packages/kyoot test$ node --test test/*.test.ts
packages/kyoot test: ✔ fromPromise resolves through runPromise (1.128708ms)
packages/kyoot test: ✔ fromPromise exposes an AbortSignal from day one (0.098208ms)
packages/kyoot test: ✔ fromPromise sends a synchronous throw to Fail.run as a defect (0.18125ms)
packages/kyoot test: ✔ fork/join: a fiber is an independent interpreter loop (11.792666ms)
packages/kyoot test: ✔ concurrent fibers may yield the same node (0.541833ms)
packages/kyoot test: ✔ fiber.await returns a Result instead of throwing (1.62025ms)
packages/kyoot test: ✔ race: first to complete wins (6.520333ms)
packages/kyoot test: ✔ timeout: a slow computation fails with a typed Timeout (6.399708ms)
packages/kyoot test: ✔ timeout: a fast computation wins (5.7685ms)
packages/kyoot test: ✔ timeout inside a gen resumes the surrounding computation (6.190417ms)
packages/kyoot test: ✔ runPromise surfaces defects as rejections (1.735708ms)
packages/kyoot test: ✔ runPromise on an unhandled non-async effect rejects loudly (0.168ms)
packages/kyoot test: ✔ runSync rejects an async op at runtime (0.1115ms)
packages/kyoot test: ✔ interrupt: finalizers run and await reports Interrupted (0.450166ms)
packages/kyoot test: ✔ structured concurrency: a completed parent interrupts its children (0.185959ms)
packages/kyoot test: ✔ interrupt: stale wait may resolve before async cleanup (0.290459ms)
packages/kyoot test: ✔ interrupt: stale wait may reject before async cleanup (0.259167ms)
packages/kyoot test: ✔ interrupt: stale wait may resolve after async cleanup (0.178ms)
packages/kyoot test: ✔ interrupt: stale wait may reject after async cleanup (0.133792ms)
packages/kyoot test: ✔ all: results come back in input order, not completion order (20.766625ms)
packages/kyoot test: ✔ all: branches run concurrently (21.6845ms)
packages/kyoot test: ✔ all: empty array resolves immediately (0.20875ms)
packages/kyoot test: ✔ all: NaN concurrency runs every branch (0.178542ms)
packages/kyoot test: ✔ all: first failure interrupts the rest and runs their finalizers (6.464542ms)
packages/kyoot test: ✔ all: interrupting the parent interrupts every branch (10.944208ms)
packages/kyoot test: ✔ race interrupts the loser and runs its finalizers (6.369625ms)
packages/kyoot test: ✔ timeout interrupts the branch and runs its finalizers (6.680459ms)
packages/kyoot test: ✔ fromPromise's signal fires on interruption (0.2875ms)
packages/kyoot test: ✔ joining an interrupted fiber interrupts the joiner (0.16325ms)
packages/kyoot test: ✔ all: concurrency limit bounds in-flight fibers and keeps order (20.475208ms)
packages/kyoot test: ✔ all: a failure stops scheduling the rest (2.35775ms)
packages/kyoot test: ✔ fork: a fiber sees the Env provided outside the fork (0.305042ms)
packages/kyoot test: ✔ fork: Log.collect around the fork gathers the fiber's entries (0.125833ms)
packages/kyoot test: ✔ fork: Emit.collect around the fork collects what fibers emit (0.102625ms)
packages/kyoot test: ✔ fork: a collecting handler is fresh per run, even when forked into (0.069375ms)
packages/kyoot test: ✔ fork: a typed failure in the fiber crosses join as a fail op (2.19075ms)
packages/kyoot test: ✔ fork: fiber.await reports a typed failure as a Fail cause (0.217458ms)
packages/kyoot test: ✔ race: a failing branch that finishes first fails the race, typed (0.638083ms)
packages/kyoot test: ✔ all: a typed failure in one branch fails the whole, and the rest are interrupted (2.037333ms)
packages/kyoot test: ✔ fork: Resource.run outside the fork gives the fiber a scope of its own (1.597083ms)
packages/kyoot test: ✔ fork: Clock.virtual outside the fork makes the fiber's sleeps instant (0.141333ms)
packages/kyoot test: ✔ fork: a copied handler that returns instead of resuming is a defect (0.119625ms)
packages/kyoot test: ✔ fork: a handler marked fork: none stops at the fiber, loudly (0.069791ms)
packages/kyoot test: ✔ fork: a copied handler that fails in its own scope fails the fiber, typed (0.133375ms)
packages/kyoot test: ✔ fork: a typed failure still ends the fiber's own scope (0.088875ms)
packages/kyoot test: ✔ fork: a user effect handled outside the fork answers inside it (0.077958ms)
packages/kyoot test: ✔ scheduler: a hot loop in one fiber does not starve a sleeper (13.619417ms)
packages/kyoot test: ✔ scheduler: a hot loop can be interrupted (1.581042ms)
packages/kyoot test: ✔ scheduler: runSync never yields (1.774708ms)
packages/kyoot test: ✔ scheduler: yields keep handler state and continuations (6.951917ms)
packages/kyoot test: ✔ mapPromise keeps input order and hands each callback its index (9.623375ms)
packages/kyoot test: ✔ forEachPromise runs one item at a time and returns void (3.755667ms)
packages/kyoot test: ✔ reducePromise threads the accumulator in order (0.118541ms)
packages/kyoot test: ✔ a rejected batch callback is a defect, like fromPromise (0.071875ms)
packages/kyoot test: ✔ Async.unsafeIntercept sees one operation for a whole batch (0.179417ms)
packages/kyoot test: ✔ interruption stops a batch before the next item starts (21.033209ms)
packages/kyoot test: ✔ a pending batch callback sees the operation's abort signal (0.1895ms)
packages/kyoot test: ✔ a batch takes the source's length once, so a callback cannot extend it (0.117541ms)
packages/kyoot test: ✔ pure handlers run the whole checkout under runSync (0.982625ms)
packages/kyoot test: ✔ events stream out in order; success is Result.ok (0.275167ms)
packages/kyoot test: ✔ out of stock is a typed failure from checkout itself (0.142792ms)
packages/kyoot test: ✔ a declined card is a typed failure introduced by the payments handler (0.14725ms)
packages/kyoot test: ✔ orThrow surfaces a typed failure as a throw (0.189125ms)
packages/kyoot test: ✔ Clock.virtual: sleeps finish at once and add up (0.813917ms)
packages/kyoot test: ✔ Clock.virtual: time is per run, not shared (0.09825ms)
packages/kyoot test: ✔ runPromise serves the clock with real time (43.38475ms)
packages/kyoot test: ✔ a nearer virtual clock wins over the driver's real one (1.400625ms)
packages/kyoot test: ✔ a forked fiber gets the real clock, and interrupt cancels its sleep (0.818416ms)
packages/kyoot test: ✔ same-key declarations with identical contracts interoperate (0.471583ms)
packages/kyoot test: ✔ generic handlers retain an undefined payload (0.06275ms)
packages/kyoot test: ✔ fork copier runs per sibling and nested child without mutating parent state (1.649958ms)
packages/kyoot test: ✔ share intentionally aliases mutable state across siblings and parent (0.526583ms)
packages/kyoot test: ✔ scope creates fresh child state (0.634292ms)
packages/kyoot test: ✔ map keeps a returned Kyoot as a value (1.9055ms)
packages/kyoot test: ✔ flatMap sequences a returned Kyoot (0.093708ms)
packages/kyoot test: ✔ map chains are trampolined: 100k maps, no stack overflow (9.82225ms)
packages/kyoot test: ✔ pipe threads the computation through functions (0.20725ms)
packages/kyoot test: ✔ gen: yield* plain values and sub-computations (0.263625ms)
packages/kyoot test: ✔ gen isolates repeated, nested, and separate runs (0.756083ms)
packages/kyoot test: ✔ gen keeps direct yield resumption unchanged (0.133083ms)
packages/kyoot test: ✔ gen with an effect, handled (0.430166ms)
packages/kyoot test: ✔ a throw inside map is a defect and surfaces at the edge as-is (0.209208ms)
packages/kyoot test: ✔ a throw inside a gen body is a defect (0.096292ms)
packages/kyoot test: ✔ runSync on an unhandled effect fails loudly at runtime (0.073916ms)
packages/kyoot test: ✔ a continuation dropped by its handler cannot be resumed later (0.139458ms)
packages/kyoot test: ✔ a resume token discarded by its handler cannot be run later (0.075333ms)
packages/kyoot test: ✔ a continuation may only be resumed once (0.05925ms)
packages/kyoot test: ✔ a resume saved from one operation cannot answer a later operation (0.067875ms)
packages/kyoot test: ✔ a resume.with saved from one operation cannot answer a later operation (0.081792ms)
packages/kyoot test: ✔ a resume token saved from one operation cannot answer a later operation (0.07225ms)
packages/kyoot test: ✔ a resume.with token saved from one operation cannot answer a later operation (0.055542ms)
packages/kyoot test: ✔ a continuation held past its op still answers that op (0.06175ms)
packages/kyoot test: ✔ a handler that resumes zero times short-circuits (0.039ms)
packages/kyoot test: ✔ an op escaping a yielded handler node keeps the outer continuation (0.039959ms)
packages/kyoot test: ✔ a throw inside onOp goes to the same handler's onDefect (0.035584ms)
packages/kyoot test: ✔ resume.with continues the program at the op, where its own handlers see it (0.055083ms)
packages/kyoot test: ✔ intercept answers some ops and performs the rest for the handler outside (0.083208ms)
packages/kyoot test: ✔ intercept with a cell: state per run, fresh each run (0.080833ms)
packages/kyoot test: ✔ Clock, Log, and Random intercept: scale time, redact, fix the dice (0.150125ms)
packages/kyoot test: ✔ Clock.intercept caps real sleeps under runPromise (3.513333ms)
packages/kyoot test: ✔ Emit and Sync intercept: rewrite values, wrap thunks (0.155666ms)
packages/kyoot test: ✔ Fail.intercept sees a failure on its way out and passes it on (0.148584ms)
packages/kyoot test: ✔ Env intercept wraps the service the handler outside provides (0.748166ms)
packages/kyoot test: ✔ Var intercept validates a set; the failure lands at the set (0.216208ms)
packages/kyoot test: ✔ Resource intercept sees each acquire (0.230917ms)
packages/kyoot test: ✔ Async intercept sees every async op; a fiber forked through it keeps the frames inside (0.37725ms)
packages/kyoot test: ✔ Env: provide answers the service key (1.205334ms)
packages/kyoot test: ✔ Env: tags yield directly (0.199583ms)
packages/kyoot test: ✔ Env: multiple services get distinct keys (0.149958ms)
packages/kyoot test: ✔ Var: get/set/update (0.666542ms)
packages/kyoot test: ✔ Var: same-typed tags stay independent (0.376208ms)
packages/kyoot test: ✔ Var: nested scopes shadow and restore (0.198875ms)
packages/kyoot test: ✔ Var: each execution gets a fresh state frame (0.138959ms)
packages/kyoot test: ✔ Emit.collect collects everything emitted (0.166125ms)
packages/kyoot test: ✔ Emit.forEach consumes values as they happen (0.282667ms)
packages/kyoot test: ✔ Emit.discard drops the stream (0.198ms)
packages/kyoot test: ✔ Sync.defer is lazy and Sync.run discharges it (0.202292ms)
packages/kyoot test: ✔ Sync.defer: a throwing thunk is a defect, not a typed failure (0.421416ms)
packages/kyoot test: ✔ Env: provide(make) runs the program, which may use a handler outside (0.537ms)
packages/kyoot test: ✔ Env: provide(make) runs once per run, however often the service is used (0.310375ms)
packages/kyoot test: ✔ Env: a resource the program opens is released after the program (0.920958ms)
packages/kyoot test: ✔ Env: a program that fails fails the whole program (0.335ms)
packages/kyoot test: ✔ Env: intercept wraps a provided service (0.276792ms)
packages/kyoot test: ✔ Fail.run: success becomes Result.ok (1.331791ms)
packages/kyoot test: ✔ Fail.run: typed failure becomes Result with a Fail cause (0.193958ms)
packages/kyoot test: ✔ Fail.run: a defect lands in the defect channel, not the error channel (0.186667ms)
packages/kyoot test: ✔ defects bypass Fail.catchAll (0.169208ms)
packages/kyoot test: ✔ Fail.catchAll replaces a typed failure with a new computation (0.084959ms)
packages/kyoot test: ✔ Fail.orThrow throws the error value at the edge (0.059125ms)
packages/kyoot test: ✔ handler order: Var before Fail is transactional — failure carries no state (0.10825ms)
packages/kyoot test: ✔ handler order: Fail before Var — state survives failure (0.066208ms)
packages/kyoot test: ✔ Fail.catchTag: handles one tag and re-fails the rest (0.165791ms)
packages/kyoot test: ✔ Fail.mapError: rewrites the failure (0.090292ms)
packages/kyoot test: ✔ generator: finally runs when Fail.run drops the continuation (8.824ms)
packages/kyoot test: ✔ generator: catchAll recovers, then the dropped frame closes (0.170583ms)
packages/kyoot test: ✔ generator: finally runs when Fail.orThrow drops the continuation (0.198042ms)
packages/kyoot test: ✔ generator: finally runs when a custom handler answers without resuming (0.069833ms)
packages/kyoot test: ✔ generator: nested generators close innermost first (0.071125ms)
packages/kyoot test: ✔ generator: a defect closes the frames it unwinds past (0.08875ms)
packages/kyoot test: ✔ generator: finally still runs on normal completion and on a thrown error (0.089959ms)
packages/kyoot test: ✔ generator: finally runs before an outer Resource releases (0.195625ms)
packages/kyoot test: ✔ generator: a finally that yields is a defect, not half-run cleanup (0.096292ms)
packages/kyoot test: ✔ generator: a finally that throws surfaces after the rest of the cleanup (0.117375ms)
packages/kyoot test: ✔ generator: an unhandled effect at the edge closes the frame (0.083042ms)
packages/kyoot test: ✔ generator: finally runs when a fiber is interrupted (0.453209ms)
packages/kyoot test: ✔ generator: a drop that ends in an unhandled effect still closes the frame (0.104792ms)
packages/kyoot test: ✔ generator: a claimed continuation that never lands closes too (0.074542ms)
packages/kyoot test: ✔ generator: frames queued behind a cleanup program close when the machine stops (0.109959ms)
packages/kyoot test: ✔ generator: an outer finally that throws replaces the inner one's error (0.078667ms)
packages/kyoot test: ✔ generator: the outer error also wins when the machine stops with a stack (0.072ms)
packages/kyoot test: ✔ generator: a handler that discards the resume token still drops the continuation (0.078667ms)
packages/kyoot test: ✔ generator: a token saved past a closed continuation cannot restore it (0.101333ms)
packages/kyoot test: ✔ generator: a frame queued inside a dropped continuation closes too (0.122334ms)
packages/kyoot test: ✔ generator: a dropped cleanup plan still reports the error its finally raised (0.110417ms)
packages/kyoot test: ✔ Log.collect gathers entries in order (0.755708ms)
packages/kyoot test: ✔ Log.discard drops them (0.079334ms)
packages/kyoot test: ✔ Random.seeded is deterministic and in range (0.922042ms)
packages/kyoot test: ✔ Random.live draws from Math.random (0.091833ms)
packages/kyoot test: ✔ Resource: release runs on success (2.129125ms)
packages/kyoot test: ✔ Resource: sync releases on an unhandled effect (0.5355ms)
packages/kyoot test: ✔ Resource: fiber releases on an unhandled effect (0.485791ms)
packages/kyoot test: ✔ Resource: a typed release failure does not skip older finalizers (0.403208ms)
packages/kyoot test: ✔ Resource: the body defect wins over typed release failures (0.34425ms)
packages/kyoot test: ✔ Resource: finalizers run in LIFO order (0.176958ms)
packages/kyoot test: ✔ Resource: release runs on typed failure (Resource outside Fail) (0.179834ms)
packages/kyoot test: ✔ Resource: release runs on defect (0.191667ms)
packages/kyoot test: ✔ Resource: a finalizer may be a program (runs on success) (11.316209ms)
packages/kyoot test: ✔ Resource: program finalizers run on defect and the defect wins (6.04425ms)
packages/kyoot test: ✔ Resource: program finalizers run to completion on interrupt (12.0845ms)
packages/kyoot test: ✔ a rejected async op is a defect that handlers see (0.168791ms)
packages/kyoot test: ✔ Resource: an acquire that throws releases what the scope already holds (0.084542ms)
packages/kyoot test: ✔ Resource inside Fail.run: a failure still releases (0.115541ms)
packages/kyoot test: ✔ Resource inside catchAll: the recovery runs, then the scope is released (0.086625ms)
packages/kyoot test: ✔ Resource inside a catchTag that passes the failure on: the outer catch releases (0.068208ms)
packages/kyoot test: ✔ a handler that performs an op and then does not resume releases after its op (0.063583ms)
packages/kyoot test: ✔ a handler that resumes does not release early (0.079209ms)
packages/kyoot test: ✔ a handler that claims a resume token and discards it still releases (0.0525ms)
packages/kyoot test: ✔ a handler that claims a resume.with token and discards it still releases (0.052041ms)
packages/kyoot test: ✔ a discarded resume token releases nested captured resources, innermost first (0.07725ms)
packages/kyoot test: ✔ a discarded resume token releases a captured resource whose finalizer is async (0.074375ms)
packages/kyoot test: ✔ a resume token returned later in the handler's program still resumes (0.050041ms)
packages/kyoot test: ✔ Retry: re-runs until success, sleeping between attempts (2.072583ms)
packages/kyoot test: ✔ Retry: gives up after `times` retries with the last failure (1.0655ms)
packages/kyoot test: ✔ Retry: gives up when `while` rejects the failure (0.17325ms)
packages/kyoot test: ✔ Retry: defects are not retried (0.264042ms)
packages/kyoot test: ✔ Retry: works under runPromise with the real clock (7.306625ms)
packages/kyoot test: ✔ Emit.fromIterable + map + run (0.853583ms)
packages/kyoot test: ✔ Emit.forEach with an effectful callback (0.111958ms)
packages/kyoot test: ✔ Emit.fromAsyncIterable → toAsyncIterable round trip (0.382875ms)
packages/kyoot test: ✔ fromAsyncIterable removes settled abort listeners (0.3745ms)
packages/kyoot test: ✔ toAsyncIterable: breaking early interrupts the producer (0.183084ms)
packages/kyoot test: ✔ toAsyncIterable: a defect in the producer rejects the consumer (0.11375ms)
packages/kyoot test: ✔ toAsyncIterable: the producer runs at most `buffer` items ahead (0.367625ms)
packages/kyoot test: ✔ toAsyncIterable: breaking while the producer is parked interrupts it (0.14025ms)
packages/kyoot test: ✔ toAsyncIterable: a producer that throws undefined rejects the consumer (0.088791ms)
packages/kyoot test: ✔ toAsyncIterable: a defect after an emission delivers the item, then rejects (0.094ms)
packages/kyoot test: ✔ toAsyncIterable: an empty stream still completes (0.072958ms)
packages/kyoot test: ✔ toAsyncIterable: a producer that throws null rejects the consumer (0.0615ms)
packages/kyoot test: ✔ toAsyncIterable: a producer that throws 0 rejects the consumer (0.109333ms)
packages/kyoot test: ✔ toAsyncIterable: a producer that throws false rejects the consumer (0.046875ms)
packages/kyoot test: ✔ toAsyncIterable: a producer that throws "" rejects the consumer (0.037708ms)
packages/kyoot test: ℹ tests 201
packages/kyoot test: ℹ suites 0
packages/kyoot test: ℹ pass 201
packages/kyoot test: ℹ fail 0
packages/kyoot test: ℹ cancelled 0
packages/kyoot test: ℹ skipped 0
packages/kyoot test: ℹ todo 0
packages/kyoot test: ℹ duration_ms 428.528292
packages/kyoot test: Done
packages/platform test$ node --test test/*.test.ts
packages/registry test$ node --test test/*.test.ts
packages/ai test$ node --test test/*.test.ts
packages/registry test: ✔ interrupted use releases setup before its caller settles and cannot reactivate (3.117542ms)
packages/registry test: ✔ each evaluation of one use program has its own registration (0.349125ms)
packages/registry test: ✔ rapid provider churn keeps activations balanced (5.757125ms)
packages/registry test: ✔ synchronous root finalizers do not lose notify transitions (2.29ms)
packages/registry test: ✔ a component activates when its dependencies appear (21.09325ms)
packages/registry test: ✔ withdrawing a provider tears down dependents first (0.32725ms)
packages/registry test: ✔ hot swap: a replacement provider reactivates dependents on the new value (2.743542ms)
packages/registry test: ✔ a root binding counts as a provider (0.3435ms)
packages/registry test: ✔ a component whose setup throws is inactive with the error, and others keep working (0.385084ms)
packages/registry test: ✔ dispose unloads in reverse order (0.253541ms)
packages/registry test: ✔ a dependency chain stops and starts in dependency order (5.540209ms)
packages/registry test: ✔ a diamond dependent changes state once for each missing edge (0.356125ms)
packages/registry test: ✔ a component waits until all injected tags are present (0.240916ms)
packages/registry test: ✔ a target flip during setup releases partial resources (0.237958ms)
packages/registry test: ✔ failed setup releases resources, preserves peers, and retries after a target flip (0.30875ms)
packages/registry test: ✔ use waits for setup to land (0.268416ms)
packages/registry test: ✔ a root binding is withdrawn when its resource scope ends (0.120542ms)
packages/registry test: ✔ dispose waits for an in-flight setup and leaves no resources (0.156542ms)
packages/registry test: ✔ remove is idempotent and does not orphan another component (0.12325ms)
packages/registry test: ✔ interrupting a registry program releases components in reverse order (0.223625ms)
packages/registry test: ✔ two registries do not share bindings (0.160542ms)
packages/registry test: ✔ a duplicate provider fails its setup and leaves the first binding alone (1.945375ms)
packages/registry test: ✔ a binding becomes visible only when its provider lands (0.291375ms)
packages/registry test: ℹ tests 23
packages/registry test: ℹ suites 0
packages/registry test: ℹ pass 23
packages/registry test: ℹ fail 0
packages/registry test: ℹ cancelled 0
packages/registry test: ℹ skipped 0
packages/registry test: ℹ todo 0
packages/registry test: ℹ duration_ms 229.395
packages/registry test: Done
packages/ai test: ✔ ask: runs tool calls as effects and feeds results back (1.751917ms)
packages/ai test: ✔ gen: decodes the answer tool, sending bad arguments back (0.637209ms)
packages/ai test: ✔ ask: gives up with TooManyRounds (0.237375ms)
packages/ai test: ✔ generate: one shot, returns the new messages (0.067916ms)
packages/ai test: ✔ instances keep history; agents compose as tools with their own model (0.344833ms)
packages/ai test: ✔ modes: system prompts and config layer around the model (0.133333ms)
packages/ai test: ✔ events: text from the provider, calls and results from the loop (0.154666ms)
packages/ai test: ✔ approval is an effect the tool performs (0.235125ms)
packages/ai test: ✔ a tool's typed failure goes back to the model, not up the stack (0.169833ms)
packages/ai test: ✔ chatCompletions streams text, a split tool call, and usage (30.96225ms)
packages/ai test: ✔ chatCompletions retries 429 with virtual backoff (1.380959ms)
packages/ai test: ✔ chatCompletions does not retry 401 (0.25025ms)
packages/ai test: ✔ sse: parses data events split across chunks and stops at [DONE] (5.003125ms)
packages/ai test: ✔ sse: ends lines on CRLF, CR, and LF (1.703583ms)
packages/ai test: ✔ sse: a CR at the end of a chunk ends one line, CRLF or not (0.508416ms)
packages/ai test: ✔ sse: ignores comment lines (0.261167ms)
packages/ai test: ✔ sse: keeps the data of an event that has other fields (0.353583ms)
packages/ai test: ✔ sse: joins data lines with newlines, and a bare data line adds one (0.138125ms)
packages/ai test: ✔ sse: yields nothing for an event with no data (0.175292ms)
packages/ai test: ✔ sse: discards data the stream never terminates with a blank line (0.15425ms)
packages/ai test: ✔ sse: stops at [DONE] with or without the leading space (0.122792ms)
packages/ai test: ✔ sse: decodes a multi-byte character split across chunks (0.151667ms)
packages/ai test: ℹ tests 22
packages/ai test: ℹ suites 0
packages/ai test: ℹ pass 22
packages/ai test: ℹ fail 0
packages/ai test: ℹ cancelled 0
packages/ai test: ℹ skipped 0
packages/ai test: ℹ todo 0
packages/ai test: ℹ duration_ms 236.844542
packages/ai test: Done
packages/platform test: ✔ command: interrupt stops a ready child before its delayed side effect (740.791667ms)
packages/platform test: ✔ command: stdout has a default byte bound (102.511958ms)
packages/platform test: ✔ command: stdout respects a smaller byte bound (69.639416ms)
packages/platform test: ✔ command: stdout accepts larger output with a larger bounded allowance (68.675458ms)
packages/platform test: ✔ command: stderr has a default byte bound (71.549375ms)
packages/platform test: ✔ command: stderr respects a smaller byte bound (67.652583ms)
packages/platform test: ✔ command: stderr accepts larger output with a larger bounded allowance (71.574166ms)
packages/platform test: ✔ command: each stream can fill its default allowance independently (72.273708ms)
packages/platform test: ✔ command: an exact custom UTF-8 byte allowance succeeds (68.630166ms)
packages/platform test: ✔ command: zero allowance accepts only empty output (139.212625ms)
packages/platform test: ✔ command: output allowances must be bounded integer byte counts (0.232542ms)
packages/platform test: ✔ command: exit code and output (69.508209ms)
packages/platform test: ✔ command: stdin, cwd, env (70.626833ms)
packages/platform test: ✔ command: a program that cannot start is a CommandError (1.832584ms)
packages/platform test: ✔ command: a fake handler (0.059959ms)
packages/platform test: ✔ the same program runs against the in-memory file system (1.762084ms)
packages/platform test: ✔ and against the real one (3.565459ms)
packages/platform test: ✔ memory: errors carry codes (0.319125ms)
packages/platform test: ✔ memory: recursive mkdir does not replace a file (0.07375ms)
packages/platform test: ✔ node: errors carry codes (0.326083ms)
packages/platform test: ✔ node: exists returns false when a path component is not a directory (0.615042ms)
packages/platform test: ✔ rename refuses a directory descendant /d/sub/moved without changing the tree (1.368791ms)
packages/platform test: ✔ rename refuses a directory descendant /d/sub/../sub/moved without changing the tree (1.160125ms)
packages/platform test: ✔ memory: rename to the same normalized path is a no-op (0.141792ms)
packages/platform test: ✔ rename refuses file over directory without changing files (1.006375ms)
packages/platform test: ✔ rename refuses directory over file without changing files (0.818958ms)
packages/platform test: ✔ rename refuses directory over nonempty directory without changing files (0.927042ms)
packages/platform test: ✔ memory: directory rename replaces an empty destination and preserves the moved subtree (0.120125ms)
packages/platform test: ✔ memory: sibling names with a shared prefix are not descendants (0.03575ms)
packages/platform test: ✔ memory: file rename replaces an existing file (0.042417ms)
packages/platform test: ✔ a failure lands at the op, where the program's own catch sees it (4.282791ms)
packages/platform test: ✔ handlers between the program and the file system see every op (1.255625ms)
packages/platform test: ✔ confine takes the paths a prefix test lets through (0.170709ms)
packages/platform test: ✔ confine checks the destination of a rename, and takes an absolute POSIX root (0.281334ms)
packages/platform test: ℹ tests 34
packages/platform test: ℹ suites 0
packages/platform test: ℹ pass 34
packages/platform test: ℹ fail 0
packages/platform test: ℹ cancelled 0
packages/platform test: ℹ skipped 0
packages/platform test: ℹ todo 0
packages/platform test: ℹ duration_ms 1833.525959
packages/platform test: Done
